../Core/libs/nanoModbus/nanomodbus.c:40:16:get_1	24	static
../Core/libs/nanoModbus/nanomodbus.c:47:13:put_1	16	static
../Core/libs/nanoModbus/nanomodbus.c:53:13:discard_1	16	static
../Core/libs/nanoModbus/nanomodbus.c:58:13:discard_n	16	static
../Core/libs/nanoModbus/nanomodbus.c:63:17:get_2	24	static
../Core/libs/nanoModbus/nanomodbus.c:75:13:put_2	16	static
../Core/libs/nanoModbus/nanomodbus.c:82:17:get_n	24	static
../Core/libs/nanoModbus/nanomodbus.c:89:18:get_regs	24	static
../Core/libs/nanoModbus/nanomodbus.c:99:13:put_regs	32	static
../Core/libs/nanoModbus/nanomodbus.c:108:13:swap_regs	16	static
../Core/libs/nanoModbus/nanomodbus.c:115:13:msg_buf_reset	16	static
../Core/libs/nanoModbus/nanomodbus.c:120:13:msg_state_reset	16	static
../Core/libs/nanoModbus/nanomodbus.c:131:13:msg_state_req	16	static
../Core/libs/nanoModbus/nanomodbus.c:147:12:nmbs_create	24	static
../Core/libs/nanoModbus/nanomodbus.c:171:6:nmbs_set_read_timeout	16	static
../Core/libs/nanoModbus/nanomodbus.c:176:6:nmbs_set_byte_timeout	16	static
../Core/libs/nanoModbus/nanomodbus.c:181:6:nmbs_set_destination_rtu_address	16	static
../Core/libs/nanoModbus/nanomodbus.c:186:6:nmbs_set_platform_arg	16	static
../Core/libs/nanoModbus/nanomodbus.c:191:10:nmbs_crc_calc	32	static
../Core/libs/nanoModbus/nanomodbus.c:209:19:recv	32	static
../Core/libs/nanoModbus/nanomodbus.c:227:19:send	32	static
../Core/libs/nanoModbus/nanomodbus.c:244:19:recv_msg_footer	24	static
../Core/libs/nanoModbus/nanomodbus.c:264:19:recv_msg_header	32	static
../Core/libs/nanoModbus/nanomodbus.c:330:13:put_msg_header	16	static
../Core/libs/nanoModbus/nanomodbus.c:347:19:send_msg	24	static
../Core/libs/nanoModbus/nanomodbus.c:362:19:recv_req_header	24	static
../Core/libs/nanoModbus/nanomodbus.c:381:13:put_res_header	16	static
../Core/libs/nanoModbus/nanomodbus.c:387:19:send_exception_msg	16	static
../Core/libs/nanoModbus/nanomodbus.c:399:19:recv_res_header	24	static
../Core/libs/nanoModbus/nanomodbus.c:446:13:put_req_header	16	static
../Core/libs/nanoModbus/nanomodbus.c:464:19:recv_read_discrete_res	24	static
../Core/libs/nanoModbus/nanomodbus.c:496:19:recv_read_registers_res	32	static
../Core/libs/nanoModbus/nanomodbus.c:531:12:recv_write_single_coil_res	24	static
../Core/libs/nanoModbus/nanomodbus.c:559:12:recv_write_single_register_res	24	static
../Core/libs/nanoModbus/nanomodbus.c:586:12:recv_write_multiple_coils_res	24	static
../Core/libs/nanoModbus/nanomodbus.c:613:12:recv_write_multiple_registers_res	24	static
../Core/libs/nanoModbus/nanomodbus.c:640:12:recv_read_file_record_res	32	static
../Core/libs/nanoModbus/nanomodbus.c:678:12:recv_write_file_record_res	40	static
../Core/libs/nanoModbus/nanomodbus.c:731:19:handle_read_discrete	304	static
../Core/libs/nanoModbus/nanomodbus.c:796:19:handle_read_registers	304	static
../Core/libs/nanoModbus/nanomodbus.c:861:19:handle_read_coils	16	static
../Core/libs/nanoModbus/nanomodbus.c:868:19:handle_read_discrete_inputs	16	static
../Core/libs/nanoModbus/nanomodbus.c:875:19:handle_read_holding_registers	16	static
../Core/libs/nanoModbus/nanomodbus.c:882:19:handle_read_input_registers	16	static
../Core/libs/nanoModbus/nanomodbus.c:889:19:handle_write_single_coil	32	static
../Core/libs/nanoModbus/nanomodbus.c:943:19:handle_write_single_register	32	static
../Core/libs/nanoModbus/nanomodbus.c:993:19:handle_write_multiple_coils	296	static
../Core/libs/nanoModbus/nanomodbus.c:1066:19:handle_write_multiple_registers	296	static
../Core/libs/nanoModbus/nanomodbus.c:1139:19:handle_read_file_record	72	dynamic
../Core/libs/nanoModbus/nanomodbus.c:1247:19:handle_write_file_record	56	static
../Core/libs/nanoModbus/nanomodbus.c:1351:19:handle_req_fc	24	static
../Core/libs/nanoModbus/nanomodbus.c:1424:12:nmbs_server_create	40	static
../Core/libs/nanoModbus/nanomodbus.c:1440:12:nmbs_server_poll	32	static
../Core/libs/nanoModbus/nanomodbus.c:1479:12:nmbs_client_create	16	static
../Core/libs/nanoModbus/nanomodbus.c:1484:19:read_discrete	32	static
../Core/libs/nanoModbus/nanomodbus.c:1507:12:nmbs_read_coils	32	static
../Core/libs/nanoModbus/nanomodbus.c:1512:12:nmbs_read_discrete_inputs	32	static
../Core/libs/nanoModbus/nanomodbus.c:1516:19:read_registers	32	static
../Core/libs/nanoModbus/nanomodbus.c:1539:12:nmbs_read_holding_registers	32	static
../Core/libs/nanoModbus/nanomodbus.c:1544:12:nmbs_read_input_registers	32	static
../Core/libs/nanoModbus/nanomodbus.c:1549:12:nmbs_write_single_coil	24	static
../Core/libs/nanoModbus/nanomodbus.c:1571:12:nmbs_write_single_register	24	static
../Core/libs/nanoModbus/nanomodbus.c:1591:12:nmbs_write_multiple_coils	32	static
../Core/libs/nanoModbus/nanomodbus.c:1625:12:nmbs_write_multiple_registers	32	static
../Core/libs/nanoModbus/nanomodbus.c:1659:12:nmbs_read_file_record	32	static
../Core/libs/nanoModbus/nanomodbus.c:1691:12:nmbs_write_file_record	40	static
../Core/libs/nanoModbus/nanomodbus.c:1726:12:nmbs_send_raw_pdu	32	static
../Core/libs/nanoModbus/nanomodbus.c:1740:12:nmbs_receive_raw_pdu_response	40	static
../Core/libs/nanoModbus/nanomodbus.c:1763:13:nmbs_strerror	16	static
