Archive member included to satisfy reference by file (symbol)

/opt/st/stm32cubeide_1.14.0/plugins/com.st.stm32cube.ide.mcu.externaltools.gnu-tools-for-stm32.11.3.rel1.linux64_1.1.100.202309141235/tools/bin/../lib/gcc/arm-none-eabi/11.3.1/../../../../arm-none-eabi/lib/thumb/v7-m/nofp/libc_nano.a(libc_a-exit.o)
                              /opt/st/stm32cubeide_1.14.0/plugins/com.st.stm32cube.ide.mcu.externaltools.gnu-tools-for-stm32.11.3.rel1.linux64_1.1.100.202309141235/tools/bin/../lib/gcc/arm-none-eabi/11.3.1/../../../../arm-none-eabi/lib/thumb/v7-m/nofp/crt0.o (exit)
/opt/st/stm32cubeide_1.14.0/plugins/com.st.stm32cube.ide.mcu.externaltools.gnu-tools-for-stm32.11.3.rel1.linux64_1.1.100.202309141235/tools/bin/../lib/gcc/arm-none-eabi/11.3.1/../../../../arm-none-eabi/lib/thumb/v7-m/nofp/libc_nano.a(libc_a-malloc.o)
                              ./Core/common/modbus/mb_master/sm_mb_master_impl.o (malloc)
/opt/st/stm32cubeide_1.14.0/plugins/com.st.stm32cube.ide.mcu.externaltools.gnu-tools-for-stm32.11.3.rel1.linux64_1.1.100.202309141235/tools/bin/../lib/gcc/arm-none-eabi/11.3.1/../../../../arm-none-eabi/lib/thumb/v7-m/nofp/libc_nano.a(libc_a-mallocr.o)
                              /opt/st/stm32cubeide_1.14.0/plugins/com.st.stm32cube.ide.mcu.externaltools.gnu-tools-for-stm32.11.3.rel1.linux64_1.1.100.202309141235/tools/bin/../lib/gcc/arm-none-eabi/11.3.1/../../../../arm-none-eabi/lib/thumb/v7-m/nofp/libc_nano.a(libc_a-malloc.o) (_malloc_r)
/opt/st/stm32cubeide_1.14.0/plugins/com.st.stm32cube.ide.mcu.externaltools.gnu-tools-for-stm32.11.3.rel1.linux64_1.1.100.202309141235/tools/bin/../lib/gcc/arm-none-eabi/11.3.1/../../../../arm-none-eabi/lib/thumb/v7-m/nofp/libc_nano.a(libc_a-mlock.o)
                              /opt/st/stm32cubeide_1.14.0/plugins/com.st.stm32cube.ide.mcu.externaltools.gnu-tools-for-stm32.11.3.rel1.linux64_1.1.100.202309141235/tools/bin/../lib/gcc/arm-none-eabi/11.3.1/../../../../arm-none-eabi/lib/thumb/v7-m/nofp/libc_nano.a(libc_a-mallocr.o) (__malloc_lock)
/opt/st/stm32cubeide_1.14.0/plugins/com.st.stm32cube.ide.mcu.externaltools.gnu-tools-for-stm32.11.3.rel1.linux64_1.1.100.202309141235/tools/bin/../lib/gcc/arm-none-eabi/11.3.1/../../../../arm-none-eabi/lib/thumb/v7-m/nofp/libc_nano.a(libc_a-findfp.o)
                              /opt/st/stm32cubeide_1.14.0/plugins/com.st.stm32cube.ide.mcu.externaltools.gnu-tools-for-stm32.11.3.rel1.linux64_1.1.100.202309141235/tools/bin/../lib/gcc/arm-none-eabi/11.3.1/../../../../arm-none-eabi/lib/thumb/v7-m/nofp/libc_nano.a(libc_a-exit.o) (__stdio_exit_handler)
/opt/st/stm32cubeide_1.14.0/plugins/com.st.stm32cube.ide.mcu.externaltools.gnu-tools-for-stm32.11.3.rel1.linux64_1.1.100.202309141235/tools/bin/../lib/gcc/arm-none-eabi/11.3.1/../../../../arm-none-eabi/lib/thumb/v7-m/nofp/libc_nano.a(libc_a-fwalk.o)
                              /opt/st/stm32cubeide_1.14.0/plugins/com.st.stm32cube.ide.mcu.externaltools.gnu-tools-for-stm32.11.3.rel1.linux64_1.1.100.202309141235/tools/bin/../lib/gcc/arm-none-eabi/11.3.1/../../../../arm-none-eabi/lib/thumb/v7-m/nofp/libc_nano.a(libc_a-findfp.o) (_fwalk_sglue)
/opt/st/stm32cubeide_1.14.0/plugins/com.st.stm32cube.ide.mcu.externaltools.gnu-tools-for-stm32.11.3.rel1.linux64_1.1.100.202309141235/tools/bin/../lib/gcc/arm-none-eabi/11.3.1/../../../../arm-none-eabi/lib/thumb/v7-m/nofp/libc_nano.a(libc_a-puts.o)
                              ./Core/Src/main.o (puts)
/opt/st/stm32cubeide_1.14.0/plugins/com.st.stm32cube.ide.mcu.externaltools.gnu-tools-for-stm32.11.3.rel1.linux64_1.1.100.202309141235/tools/bin/../lib/gcc/arm-none-eabi/11.3.1/../../../../arm-none-eabi/lib/thumb/v7-m/nofp/libc_nano.a(libc_a-snprintf.o)
                              ./Core/utils/sm_logger.o (snprintf)
/opt/st/stm32cubeide_1.14.0/plugins/com.st.stm32cube.ide.mcu.externaltools.gnu-tools-for-stm32.11.3.rel1.linux64_1.1.100.202309141235/tools/bin/../lib/gcc/arm-none-eabi/11.3.1/../../../../arm-none-eabi/lib/thumb/v7-m/nofp/libc_nano.a(libc_a-stdio.o)
                              /opt/st/stm32cubeide_1.14.0/plugins/com.st.stm32cube.ide.mcu.externaltools.gnu-tools-for-stm32.11.3.rel1.linux64_1.1.100.202309141235/tools/bin/../lib/gcc/arm-none-eabi/11.3.1/../../../../arm-none-eabi/lib/thumb/v7-m/nofp/libc_nano.a(libc_a-findfp.o) (__sread)
/opt/st/stm32cubeide_1.14.0/plugins/com.st.stm32cube.ide.mcu.externaltools.gnu-tools-for-stm32.11.3.rel1.linux64_1.1.100.202309141235/tools/bin/../lib/gcc/arm-none-eabi/11.3.1/../../../../arm-none-eabi/lib/thumb/v7-m/nofp/libc_nano.a(libc_a-vsnprintf.o)
                              ./Core/utils/sm_logger.o (vsnprintf)
/opt/st/stm32cubeide_1.14.0/plugins/com.st.stm32cube.ide.mcu.externaltools.gnu-tools-for-stm32.11.3.rel1.linux64_1.1.100.202309141235/tools/bin/../lib/gcc/arm-none-eabi/11.3.1/../../../../arm-none-eabi/lib/thumb/v7-m/nofp/libc_nano.a(libc_a-wbuf.o)
[...]
Memory Configuration

Name             Origin             Length             Attributes
RAM              0x0000000020000000 0x0000000000002800 xrw
FLASH            0x0000000008000000 0x0000000000010000 xr
*default*        0x0000000000000000 0xffffffffffffffff

Linker script and memory map

LOAD /opt/st/stm32cubeide_1.14.0/plugins/com.st.stm32cube.ide.mcu.externaltools.gnu-tools-for-stm32.11.3.rel1.linux64_1.1.100.202309141235/tools/bin/../lib/gcc/arm-none-eabi/11.3.1/thumb/v7-m/nofp/crti.o
LOAD /opt/st/stm32cubeide_1.14.0/plugins/com.st.stm32cube.ide.mcu.externaltools.gnu-tools-for-stm32.11.3.rel1.linux64_1.1.100.202309141235/tools/bin/../lib/gcc/arm-none-eabi/11.3.1/thumb/v7-m/nofp/crtbegin.o
LOAD /opt/st/stm32cubeide_1.14.0/plugins/com.st.stm32cube.ide.mcu.externaltools.gnu-tools-for-stm32.11.3.rel1.linux64_1.1.100.202309141235/tools/bin/../lib/gcc/arm-none-eabi/11.3.1/../../../../arm-none-eabi/lib/thumb/v7-m/nofp/crt0.o
LOAD ./Core/Src/board.o
LOAD ./Core/Src/main.o
LOAD ./Core/Src/stm32l1xx_hal_msp.o
LOAD ./Core/Src/stm32l1xx_it.o
LOAD ./Core/Src/syscalls.o
LOAD ./Core/Src/sysmem.o
LOAD ./Core/Src/system_stm32l1xx.o
LOAD ./Core/Startup/startup_stm32l152r8tx.o
LOAD ./Core/common/modbus/mb_master/sm_mb_master_impl.o
LOAD ./Core/common/modbus/mb_slave/sm_mb_slave_impl.o
LOAD ./Core/libs/nanoModbus/nanomodbus.o
LOAD ./Core/utils/sm_logger.o
LOAD ./Drivers/STM32L1xx_HAL_Driver/Src/stm32l1xx_hal.o
LOAD ./Drivers/STM32L1xx_HAL_Driver/Src/stm32l1xx_hal_cortex.o
LOAD ./Drivers/STM32L1xx_HAL_Driver/Src/stm32l1xx_hal_dma.o
LOAD ./Drivers/STM32L1xx_HAL_Driver/Src/stm32l1xx_hal_exti.o
LOAD ./Drivers/STM32L1xx_HAL_Driver/Src/stm32l1xx_hal_flash.o
LOAD ./Drivers/STM32L1xx_HAL_Driver/Src/stm32l1xx_hal_flash_ex.o
LOAD ./Drivers/STM32L1xx_HAL_Driver/Src/stm32l1xx_hal_flash_ramfunc.o
LOAD ./Drivers/STM32L1xx_HAL_Driver/Src/stm32l1xx_hal_gpio.o
LOAD ./Drivers/STM32L1xx_HAL_Driver/Src/stm32l1xx_hal_pwr.o
LOAD ./Drivers/STM32L1xx_HAL_Driver/Src/stm32l1xx_hal_pwr_ex.o
LOAD ./Drivers/STM32L1xx_HAL_Driver/Src/stm32l1xx_hal_rcc.o
LOAD ./Drivers/STM32L1xx_HAL_Driver/Src/stm32l1xx_hal_rcc_ex.o
LOAD ./Drivers/STM32L1xx_HAL_Driver/Src/stm32l1xx_hal_tim.o
LOAD ./Drivers/STM32L1xx_HAL_Driver/Src/stm32l1xx_hal_tim_ex.o
LOAD ./Drivers/STM32L1xx_HAL_Driver/Src/stm32l1xx_hal_uart.o
START GROUP
LOAD /opt/st/stm32cubeide_1.14.0/plugins/com.st.stm32cube.ide.mcu.externaltools.gnu-tools-for-stm32.11.3.rel1.linux64_1.1.100.202309141235/tools/bin/../lib/gcc/arm-none-eabi/11.3.1/../../../../arm-none-eabi/lib/thumb/v7-m/nofp/libc_nano.a
LOAD /opt/st/stm32cubeide_1.14.0/plugins/com.st.stm32cube.ide.mcu.externaltools.gnu-tools-for-stm32.11.3.rel1.linux64_1.1.100.202309141235/tools/bin/../lib/gcc/arm-none-eabi/11.3.1/../../../../arm-none-eabi/lib/thumb/v7-m/nofp/libm.a
END GROUP
START GROUP
LOAD /opt/st/stm32cubeide_1.14.0/plugins/com.st.stm32cube.ide.mcu.externaltools.gnu-tools-for-stm32.11.3.rel1.linux64_1.1.100.202309141235/tools/bin/../lib/gcc/arm-none-eabi/11.3.1/thumb/v7-m/nofp/libgcc.a
LOAD /opt/st/stm32cubeide_1.14.0/plugins/com.st.stm32cube.ide.mcu.externaltools.gnu-tools-for-stm32.11.3.rel1.linux64_1.1.100.202309141235/tools/bin/../lib/gcc/arm-none-eabi/11.3.1/../../../../arm-none-eabi/lib/thumb/v7-m/nofp/libc_nano.a
END GROUP
START GROUP
LOAD /opt/st/stm32cubeide_1.14.0/plugins/com.st.stm32cube.ide.mcu.externaltools.gnu-tools-for-stm32.11.3.rel1.linux64_1.1.100.202309141235/tools/bin/../lib/gcc/arm-none-eabi/11.3.1/thumb/v7-m/nofp/libgcc.a
LOAD /opt/st/stm32cubeide_1.14.0/plugins/com.st.stm32cube.ide.mcu.externaltools.gnu-tools-for-stm32.11.3.rel1.linux64_1.1.100.202309141235/tools/bin/../lib/gcc/arm-none-eabi/11.3.1/../../../../arm-none-eabi/lib/thumb/v7-m/nofp/libc_nano.a
LOAD /opt/st/stm32cubeide_1.14.0/plugins/com.st.stm32cube.ide.mcu.externaltools.gnu-tools-for-stm32.11.3.rel1.linux64_1.1.100.202309141235/tools/bin/../lib/gcc/arm-none-eabi/11.3.1/../../../../arm-none-eabi/lib/thumb/v7-m/nofp/libnosys.a
END GROUP
START GROUP
LOAD /opt/st/stm32cubeide_1.14.0/plugins/com.st.stm32cube.ide.mcu.externaltools.gnu-tools-for-stm32.11.3.rel1.linux64_1.1.100.202309141235/tools/bin/../lib/gcc/arm-none-eabi/11.3.1/thumb/v7-m/nofp/libgcc.a
LOAD /opt/st/stm32cubeide_1.14.0/plugins/com.st.stm32cube.ide.mcu.externaltools.gnu-tools-for-stm32.11.3.rel1.linux64_1.1.100.202309141235/tools/bin/../lib/gcc/arm-none-eabi/11.3.1/../../../../arm-none-eabi/lib/thumb/v7-m/nofp/libc_nano.a
LOAD /opt/st/stm32cubeide_1.14.0/plugins/com.st.stm32cube.ide.mcu.externaltools.gnu-tools-for-stm32.11.3.rel1.linux64_1.1.100.202309141235/tools/bin/../lib/gcc/arm-none-eabi/11.3.1/../../../../arm-none-eabi/lib/thumb/v7-m/nofp/libnosys.a
END GROUP
LOAD /opt/st/stm32cubeide_1.14.0/plugins/com.st.stm32cube.ide.mcu.externaltools.gnu-tools-for-stm32.11.3.rel1.linux64_1.1.100.202309141235/tools/bin/../lib/gcc/arm-none-eabi/11.3.1/thumb/v7-m/nofp/crtend.o
LOAD /opt/st/stm32cubeide_1.14.0/plugins/com.st.stm32cube.ide.mcu.externaltools.gnu-tools-for-stm32.11.3.rel1.linux64_1.1.100.202309141235/tools/bin/../lib/gcc/arm-none-eabi/11.3.1/thumb/v7-m/nofp/crtn.o
                0x0000000020002800                _estack = (ORIGIN (RAM) + LENGTH (RAM))
                0x0000000000000200                _Min_Heap_Size = 0x200
                0x0000000000000400                _Min_Stack_Size = 0x400

.isr_vector     0x0000000008000000      0x13c
                0x0000000008000000                . = ALIGN (0x4)
 *(.isr_vector)
 .isr_vector    0x0000000008000000      0x13c ./Core/Startup/startup_stm32l152r8tx.o
                0x0000000008000000                g_pfnVectors
                0x000000000800013c                . = ALIGN (0x4)

.text           0x000000000800013c     0x6660
                0x000000000800013c                . = ALIGN (0x4)
 *(.text)
 .text          0x000000000800013c       0x40 /opt/st/stm32cubeide_1.14.0/plugins/com.st.stm32cube.ide.mcu.externaltools.gnu-tools-for-stm32.11.3.rel1.linux64_1.1.100.202309141235/tools/bin/../lib/gcc/arm-none-eabi/11.3.1/thumb/v7-m/nofp/crtbegin.o
 .text          0x000000000800017c       0x30 /opt/st/stm32cubeide_1.14.0/plugins/com.st.stm32cube.ide.mcu.externaltools.gnu-tools-for-stm32.11.3.rel1.linux64_1.1.100.202309141235/tools/bin/../lib/gcc/arm-none-eabi/11.3.1/thumb/v7-m/nofp/libgcc.a(_aeabi_uldivmod.o)
                0x000000000800017c                __aeabi_uldivmod
 .text          0x00000000080001ac      0x2cc /opt/st/stm32cubeide_1.14.0/plugins/com.st.stm32cube.ide.mcu.externaltools.gnu-tools-for-stm32.11.3.rel1.linux64_1.1.100.202309141235/tools/bin/../lib/gcc/arm-none-eabi/11.3.1/thumb/v7-m/nofp/libgcc.a(_udivmoddi4.o)
                0x00000000080001ac                __udivmoddi4
 .text          0x0000000008000478        0x4 /opt/st/stm32cubeide_1.14.0/plugins/com.st.stm32cube.ide.mcu.externaltools.gnu-tools-for-stm32.11.3.rel1.linux64_1.1.100.202309141235/tools/bin/../lib/gcc/arm-none-eabi/11.3.1/thumb/v7-m/nofp/libgcc.a(_dvmd_tls.o)
                0x0000000008000478                __aeabi_ldiv0
                0x0000000008000478                __aeabi_idiv0
 *(.text*)
 .text.ITM_SendChar
                0x000000000800047c       0x4c ./Core/Src/board.o
 .text.elapsed_timer_resetz
                0x00000000080004c8       0x24 ./Core/Src/board.o
 .text.elapsed_timer_get_remain
                0x00000000080004ec       0x36 ./Core/Src/board.o
 .text.queue_push
                0x0000000008000522       0x48 ./Core/Src/board.o
                0x0000000008000522                queue_push
 .text.queue_get_byte_available
                0x000000000800056a       0x40 ./Core/Src/board.o
                0x000000000800056a                queue_get_byte_available
 .text.queue_get_bytes
                0x00000000080005aa       0x94 ./Core/Src/board.o
                0x00000000080005aa                queue_get_bytes
 .text._write   0x000000000800063e       0x38 ./Core/Src/board.o
                0x000000000800063e                _write
 .text.board_init
                0x0000000008000676       0x18 ./Core/Src/board.o
                0x0000000008000676                board_init
 *fill*         0x000000000800068e        0x2 
 .text.SystemClock_Config
                0x0000000008000690       0x9c ./Core/Src/board.o
                0x0000000008000690                SystemClock_Config
 .text.MX_USART2_UART_Init
                0x000000000800072c       0x54 ./Core/Src/board.o
 .text.MX_GPIO_Init
                0x0000000008000780       0x7c ./Core/Src/board.o
 .text.Error_Handler
                0x00000000080007fc        0xa ./Core/Src/board.o
                0x00000000080007fc                Error_Handler
 *fill*         0x0000000008000806        0x2 
 .text.getLightColorString
                0x0000000008000808       0x58 ./Core/Src/main.o
 .text.log_put  0x0000000008000860       0x16 ./Core/Src/main.o
                0x0000000008000860                log_put
 *fill*         0x0000000008000876        0x2 
 .text.mb_slv_send_if
                0x0000000008000878       0x2c ./Core/Src/main.o
                0x0000000008000878                mb_slv_send_if
 .text.mb_slv_rcv_if
                0x00000000080008a4       0x30 ./Core/Src/main.o
                0x00000000080008a4                mb_slv_rcv_if
 .text.modbus_cb_write_single_register_cb
                0x00000000080008d4       0x70 ./Core/Src/main.o
                0x00000000080008d4                modbus_cb_write_single_register_cb
 .text.modbus_cb_write_multiple_registers_cb
                0x0000000008000944       0x3c ./Core/Src/main.o
                0x0000000008000944                modbus_cb_write_multiple_registers_cb
 .text.modbus_cb_read_input_registers
                0x0000000008000980       0x74 ./Core/Src/main.o
                0x0000000008000980                modbus_cb_read_input_registers
 .text.modbus_cb_read_holding_registers
                0x00000000080009f4       0x3c ./Core/Src/main.o
                0x00000000080009f4                modbus_cb_read_holding_registers
 .text.main     0x0000000008000a30       0xb4 ./Core/Src/main.o
                0x0000000008000a30                main
 .text.SysTick_Handler
                0x0000000008000ae4       0x3c ./Core/Src/main.o
                0x0000000008000ae4                SysTick_Handler
 .text.USART2_IRQHandler
                0x0000000008000b20       0x30 ./Core/Src/main.o
                0x0000000008000b20                USART2_IRQHandler
 .text.get_tick_count
                0x0000000008000b50       0x1a ./Core/Src/main.o
                0x0000000008000b50                get_tick_count
 *fill*         0x0000000008000b6a        0x2 
 .text.HAL_MspInit
                0x0000000008000b6c       0x5c ./Core/Src/stm32l1xx_hal_msp.o
                0x0000000008000b6c                HAL_MspInit
 .text.HAL_UART_MspInit
                0x0000000008000bc8       0x98 ./Core/Src/stm32l1xx_hal_msp.o
                0x0000000008000bc8                HAL_UART_MspInit
 .text.NMI_Handler
                0x0000000008000c60        0x6 ./Core/Src/stm32l1xx_it.o
                0x0000000008000c60                NMI_Handler
 .text.HardFault_Handler
                0x0000000008000c66        0x6 ./Core/Src/stm32l1xx_it.o
                0x0000000008000c66                HardFault_Handler
 .text.MemManage_Handler
                0x0000000008000c6c        0x6 ./Core/Src/stm32l1xx_it.o
                0x0000000008000c6c                MemManage_Handler
 .text.BusFault_Handler
                0x0000000008000c72        0x6 ./Core/Src/stm32l1xx_it.o
                0x0000000008000c72                BusFault_Handler
 .text.UsageFault_Handler
                0x0000000008000c78        0x6 ./Core/Src/stm32l1xx_it.o
                0x0000000008000c78                UsageFault_Handler
 .text.SVC_Handler
                0x0000000008000c7e        0xc ./Core/Src/stm32l1xx_it.o
                0x0000000008000c7e                SVC_Handler
 .text.DebugMon_Handler
                0x0000000008000c8a        0xc ./Core/Src/stm32l1xx_it.o
                0x0000000008000c8a                DebugMon_Handler
 .text.PendSV_Handler
                0x0000000008000c96        0xc ./Core/Src/stm32l1xx_it.o
                0x0000000008000c96                PendSV_Handler
 .text._read    0x0000000008000ca2       0x3a ./Core/Src/syscalls.o
                0x0000000008000ca2                _read
 .text._close   0x0000000008000cdc       0x16 ./Core/Src/syscalls.o
                0x0000000008000cdc                _close
 .text._fstat   0x0000000008000cf2       0x1e ./Core/Src/syscalls.o
                0x0000000008000cf2                _fstat
 .text._isatty  0x0000000008000d10       0x14 ./Core/Src/syscalls.o
                0x0000000008000d10                _isatty
 .text._lseek   0x0000000008000d24       0x18 ./Core/Src/syscalls.o
                0x0000000008000d24                _lseek
 .text._sbrk    0x0000000008000d3c       0x6c ./Core/Src/sysmem.o
                0x0000000008000d3c                _sbrk
 .text.SystemInit
                0x0000000008000da8        0xc ./Core/Src/system_stm32l1xx.o
                0x0000000008000da8                SystemInit
 .text.Reset_Handler
                0x0000000008000db4       0x48 ./Core/Startup/startup_stm32l152r8tx.o
                0x0000000008000db4                Reset_Handler
 .text.Default_Handler
                0x0000000008000dfc        0x2 ./Core/Startup/startup_stm32l152r8tx.o
                0x0000000008000dfc                RTC_Alarm_IRQHandler
                0x0000000008000dfc                EXTI2_IRQHandler
                0x0000000008000dfc                TIM10_IRQHandler
                0x0000000008000dfc                USB_HP_IRQHandler
                0x0000000008000dfc                TIM6_IRQHandler
                0x0000000008000dfc                PVD_IRQHandler
                0x0000000008000dfc                EXTI3_IRQHandler
                0x0000000008000dfc                EXTI0_IRQHandler
                0x0000000008000dfc                I2C2_EV_IRQHandler
                0x0000000008000dfc                SPI1_IRQHandler
                0x0000000008000dfc                USB_FS_WKUP_IRQHandler
                0x0000000008000dfc                DMA1_Channel4_IRQHandler
                0x0000000008000dfc                ADC1_IRQHandler
                0x0000000008000dfc                USART3_IRQHandler
                0x0000000008000dfc                DMA1_Channel7_IRQHandler
                0x0000000008000dfc                LCD_IRQHandler
                0x0000000008000dfc                TIM4_IRQHandler
                0x0000000008000dfc                I2C1_EV_IRQHandler
                0x0000000008000dfc                DMA1_Channel6_IRQHandler
                0x0000000008000dfc                TIM3_IRQHandler
                0x0000000008000dfc                RCC_IRQHandler
                0x0000000008000dfc                DMA1_Channel1_IRQHandler
                0x0000000008000dfc                Default_Handler
                0x0000000008000dfc                EXTI15_10_IRQHandler
                0x0000000008000dfc                TIM7_IRQHandler
                0x0000000008000dfc                EXTI9_5_IRQHandler
                0x0000000008000dfc                TIM9_IRQHandler
                0x0000000008000dfc                TAMPER_STAMP_IRQHandler
                0x0000000008000dfc                RTC_WKUP_IRQHandler
                0x0000000008000dfc                SPI2_IRQHandler
                0x0000000008000dfc                DMA1_Channel5_IRQHandler
                0x0000000008000dfc                USB_LP_IRQHandler
                0x0000000008000dfc                EXTI4_IRQHandler
                0x0000000008000dfc                DMA1_Channel3_IRQHandler
                0x0000000008000dfc                COMP_IRQHandler
                0x0000000008000dfc                WWDG_IRQHandler
                0x0000000008000dfc                TIM2_IRQHandler
                0x0000000008000dfc                DAC_IRQHandler
                0x0000000008000dfc                EXTI1_IRQHandler
                0x0000000008000dfc                TIM11_IRQHandler
                0x0000000008000dfc                I2C2_ER_IRQHandler
                0x0000000008000dfc                DMA1_Channel2_IRQHandler
                0x0000000008000dfc                FLASH_IRQHandler
                0x0000000008000dfc                USART1_IRQHandler
                0x0000000008000dfc                I2C1_ER_IRQHandler
 *fill*         0x0000000008000dfe        0x2 
 .text.sm_mb_slave_init
                0x0000000008000e00       0x8c ./Core/common/modbus/mb_slave/sm_mb_slave_impl.o
                0x0000000008000e00                sm_mb_slave_init
 .text.sm_mb_slave_free
                0x0000000008000e8c       0x20 ./Core/common/modbus/mb_slave/sm_mb_slave_impl.o
                0x0000000008000e8c                sm_mb_slave_free
 .text.sm_mb_slave_set_addr
                0x0000000008000eac       0x2a ./Core/common/modbus/mb_slave/sm_mb_slave_impl.o
                0x0000000008000eac                sm_mb_slave_set_addr
 .text.sm_mb_slave_reg_function_cb
                0x0000000008000ed6       0x6c ./Core/common/modbus/mb_slave/sm_mb_slave_impl.o
                0x0000000008000ed6                sm_mb_slave_reg_function_cb
 .text.sm_mb_slave_polling
                0x0000000008000f42       0x28 ./Core/common/modbus/mb_slave/sm_mb_slave_impl.o
                0x0000000008000f42                sm_mb_slave_polling
 .text.nmbs_read_fn
                0x0000000008000f6a       0x3e ./Core/common/modbus/mb_slave/sm_mb_slave_impl.o
                0x0000000008000f6a                nmbs_read_fn
 .text.nmbs_write_fn
                0x0000000008000fa8       0x3e ./Core/common/modbus/mb_slave/sm_mb_slave_impl.o
                0x0000000008000fa8                nmbs_write_fn
 *fill*         0x0000000008000fe6        0x2 
 .text.sm_mb_slave_create_default
                0x0000000008000fe8       0x38 ./Core/common/modbus/mb_slave/sm_mb_slave_impl.o
                0x0000000008000fe8                sm_mb_slave_create_default
 .text.get_1    0x0000000008001020       0x32 ./Core/libs/nanoModbus/nanomodbus.o
 .text.put_1    0x0000000008001052       0x34 ./Core/libs/nanoModbus/nanomodbus.o
 .text.discard_1
                0x0000000008001086       0x22 ./Core/libs/nanoModbus/nanomodbus.o
 .text.discard_n
                0x00000000080010a8       0x28 ./Core/libs/nanoModbus/nanomodbus.o
 .text.get_2    0x00000000080010d0       0x48 ./Core/libs/nanoModbus/nanomodbus.o
 .text.put_2    0x0000000008001118       0x4a ./Core/libs/nanoModbus/nanomodbus.o
 .text.get_n    0x0000000008001162       0x36 ./Core/libs/nanoModbus/nanomodbus.o
 .text.get_regs
                0x0000000008001198       0x74 ./Core/libs/nanoModbus/nanomodbus.o
 .text.swap_regs
                0x000000000800120c       0x52 ./Core/libs/nanoModbus/nanomodbus.o
 .text.msg_buf_reset
                0x000000000800125e       0x1a ./Core/libs/nanoModbus/nanomodbus.o
 .text.msg_state_reset
                0x0000000008001278       0x3e ./Core/libs/nanoModbus/nanomodbus.o
 .text.nmbs_create
                0x00000000080012b6       0x88 ./Core/libs/nanoModbus/nanomodbus.o
                0x00000000080012b6                nmbs_create
 .text.nmbs_set_read_timeout
                0x000000000800133e       0x1c ./Core/libs/nanoModbus/nanomodbus.o
                0x000000000800133e                nmbs_set_read_timeout
 .text.nmbs_set_byte_timeout
                0x000000000800135a       0x1c ./Core/libs/nanoModbus/nanomodbus.o
                0x000000000800135a                nmbs_set_byte_timeout
 .text.nmbs_crc_calc
                0x0000000008001376       0x7c ./Core/libs/nanoModbus/nanomodbus.o
                0x0000000008001376                nmbs_crc_calc
 .text.recv     0x00000000080013f2       0x60 ./Core/libs/nanoModbus/nanomodbus.o
 .text.send     0x0000000008001452       0x58 ./Core/libs/nanoModbus/nanomodbus.o
 .text.recv_msg_footer
                0x00000000080014aa       0x62 ./Core/libs/nanoModbus/nanomodbus.o
 .text.recv_msg_header
                0x000000000800150c      0x156 ./Core/libs/nanoModbus/nanomodbus.o
 .text.put_msg_header
                0x0000000008001662       0x7e ./Core/libs/nanoModbus/nanomodbus.o
 .text.send_msg
                0x00000000080016e0       0x4e ./Core/libs/nanoModbus/nanomodbus.o
 .text.recv_req_header
                0x000000000800172e       0x5a ./Core/libs/nanoModbus/nanomodbus.o
 .text.put_res_header
                0x0000000008001788       0x1e ./Core/libs/nanoModbus/nanomodbus.o
 .text.send_exception_msg
                0x00000000080017a6       0x3e ./Core/libs/nanoModbus/nanomodbus.o
 .text.recv_res_header
                0x00000000080017e4       0xf6 ./Core/libs/nanoModbus/nanomodbus.o
 .text.recv_read_discrete_res
                0x00000000080018da       0xb4 ./Core/libs/nanoModbus/nanomodbus.o
 .text.recv_read_registers_res
                0x000000000800198e       0xd0 ./Core/libs/nanoModbus/nanomodbus.o
 .text.recv_write_single_coil_res
                0x0000000008001a5e       0x94 ./Core/libs/nanoModbus/nanomodbus.o
                0x0000000008001a5e                recv_write_single_coil_res
 .text.recv_write_single_register_res
                0x0000000008001af2       0x94 ./Core/libs/nanoModbus/nanomodbus.o
                0x0000000008001af2                recv_write_single_register_res
 .text.recv_write_multiple_coils_res
                0x0000000008001b86       0x94 ./Core/libs/nanoModbus/nanomodbus.o
                0x0000000008001b86                recv_write_multiple_coils_res
 .text.recv_write_multiple_registers_res
                0x0000000008001c1a       0x94 ./Core/libs/nanoModbus/nanomodbus.o
                0x0000000008001c1a                recv_write_multiple_registers_res
 .text.recv_read_file_record_res
                0x0000000008001cae       0xf0 ./Core/libs/nanoModbus/nanomodbus.o
                0x0000000008001cae                recv_read_file_record_res
 .text.recv_write_file_record_res
                0x0000000008001d9e      0x126 ./Core/libs/nanoModbus/nanomodbus.o
                0x0000000008001d9e                recv_write_file_record_res
 .text.handle_read_discrete
                0x0000000008001ec4      0x284 ./Core/libs/nanoModbus/nanomodbus.o
 .text.handle_read_registers
                0x0000000008002148      0x27c ./Core/libs/nanoModbus/nanomodbus.o
 .text.handle_read_coils
                0x00000000080023c4       0x20 ./Core/libs/nanoModbus/nanomodbus.o
 .text.handle_read_discrete_inputs
                0x00000000080023e4       0x20 ./Core/libs/nanoModbus/nanomodbus.o
 .text.handle_read_holding_registers
                0x0000000008002404       0x20 ./Core/libs/nanoModbus/nanomodbus.o
 .text.handle_read_input_registers
                0x0000000008002424       0x20 ./Core/libs/nanoModbus/nanomodbus.o
 .text.handle_write_single_coil
                0x0000000008002444      0x144 ./Core/libs/nanoModbus/nanomodbus.o
 .text.handle_write_single_register
                0x0000000008002588      0x120 ./Core/libs/nanoModbus/nanomodbus.o
 .text.handle_write_multiple_coils
                0x00000000080026a8      0x306 ./Core/libs/nanoModbus/nanomodbus.o
 .text.handle_write_multiple_registers
                0x00000000080029ae      0x2e6 ./Core/libs/nanoModbus/nanomodbus.o
 .text.handle_read_file_record
                0x0000000008002c94      0x368 ./Core/libs/nanoModbus/nanomodbus.o
 .text.handle_write_file_record
                0x0000000008002ffc      0x290 ./Core/libs/nanoModbus/nanomodbus.o
 .text.handle_req_fc
                0x000000000800328c       0xf8 ./Core/libs/nanoModbus/nanomodbus.o
 .text.nmbs_server_create
                0x0000000008003384       0x6a ./Core/libs/nanoModbus/nanomodbus.o
                0x0000000008003384                nmbs_server_create
 .text.nmbs_server_poll
                0x00000000080033ee       0xba ./Core/libs/nanoModbus/nanomodbus.o
                0x00000000080033ee                nmbs_server_poll
 .text.logger_put
                0x00000000080034a8       0x12 ./Core/utils/sm_logger.o
 *fill*         0x00000000080034ba        0x2 
 .text.sm_logger_init
                0x00000000080034bc       0x28 ./Core/utils/sm_logger.o
                0x00000000080034bc                sm_logger_init
 .text.sm_logger_show
                0x00000000080034e4      0x13c ./Core/utils/sm_logger.o
                0x00000000080034e4                sm_logger_show
 .text.HAL_Init
                0x0000000008003620       0x30 ./Drivers/STM32L1xx_HAL_Driver/Src/stm32l1xx_hal.o
                0x0000000008003620                HAL_Init
 .text.HAL_InitTick
                0x0000000008003650       0x74 ./Drivers/STM32L1xx_HAL_Driver/Src/stm32l1xx_hal.o
                0x0000000008003650                HAL_InitTick
 .text.HAL_IncTick
                0x00000000080036c4       0x24 ./Drivers/STM32L1xx_HAL_Driver/Src/stm32l1xx_hal.o
                0x00000000080036c4                HAL_IncTick
 .text.HAL_GetTick
                0x00000000080036e8       0x14 ./Drivers/STM32L1xx_HAL_Driver/Src/stm32l1xx_hal.o
                0x00000000080036e8                HAL_GetTick
 .text.__NVIC_SetPriorityGrouping
                0x00000000080036fc       0x48 ./Drivers/STM32L1xx_HAL_Driver/Src/stm32l1xx_hal_cortex.o
 .text.__NVIC_GetPriorityGrouping
                0x0000000008003744       0x1c ./Drivers/STM32L1xx_HAL_Driver/Src/stm32l1xx_hal_cortex.o
 .text.__NVIC_EnableIRQ
                0x0000000008003760       0x38 ./Drivers/STM32L1xx_HAL_Driver/Src/stm32l1xx_hal_cortex.o
 .text.__NVIC_SetPriority
                0x0000000008003798       0x54 ./Drivers/STM32L1xx_HAL_Driver/Src/stm32l1xx_hal_cortex.o
 .text.NVIC_EncodePriority
                0x00000000080037ec       0x64 ./Drivers/STM32L1xx_HAL_Driver/Src/stm32l1xx_hal_cortex.o
 .text.SysTick_Config
                0x0000000008003850       0x44 ./Drivers/STM32L1xx_HAL_Driver/Src/stm32l1xx_hal_cortex.o
 .text.HAL_NVIC_SetPriorityGrouping
                0x0000000008003894       0x16 ./Drivers/STM32L1xx_HAL_Driver/Src/stm32l1xx_hal_cortex.o
                0x0000000008003894                HAL_NVIC_SetPriorityGrouping
 .text.HAL_NVIC_SetPriority
                0x00000000080038aa       0x38 ./Drivers/STM32L1xx_HAL_Driver/Src/stm32l1xx_hal_cortex.o
                0x00000000080038aa                HAL_NVIC_SetPriority
 .text.HAL_NVIC_EnableIRQ
                0x00000000080038e2       0x1c ./Drivers/STM32L1xx_HAL_Driver/Src/stm32l1xx_hal_cortex.o
                0x00000000080038e2                HAL_NVIC_EnableIRQ
 .text.HAL_SYSTICK_Config
                0x00000000080038fe       0x18 ./Drivers/STM32L1xx_HAL_Driver/Src/stm32l1xx_hal_cortex.o
                0x00000000080038fe                HAL_SYSTICK_Config
 .text.HAL_DMA_Abort
                0x0000000008003916       0x7a ./Drivers/STM32L1xx_HAL_Driver/Src/stm32l1xx_hal_dma.o
                0x0000000008003916                HAL_DMA_Abort
 .text.HAL_DMA_Abort_IT
                0x0000000008003990       0x82 ./Drivers/STM32L1xx_HAL_Driver/Src/stm32l1xx_hal_dma.o
                0x0000000008003990                HAL_DMA_Abort_IT
 *fill*         0x0000000008003a12        0x2 
 .text.HAL_GPIO_Init
                0x0000000008003a14      0x300 ./Drivers/STM32L1xx_HAL_Driver/Src/stm32l1xx_hal_gpio.o
                0x0000000008003a14                HAL_GPIO_Init
 .text.HAL_GPIO_WritePin
                0x0000000008003d14       0x30 ./Drivers/STM32L1xx_HAL_Driver/Src/stm32l1xx_hal_gpio.o
                0x0000000008003d14                HAL_GPIO_WritePin
 .text.HAL_GPIO_TogglePin
                0x0000000008003d44       0x32 ./Drivers/STM32L1xx_HAL_Driver/Src/stm32l1xx_hal_gpio.o
                0x0000000008003d44                HAL_GPIO_TogglePin
 *fill*         0x0000000008003d76        0x2 
 .text.HAL_RCC_OscConfig
                0x0000000008003d78      0x660 ./Drivers/STM32L1xx_HAL_Driver/Src/stm32l1xx_hal_rcc.o
                0x0000000008003d78                HAL_RCC_OscConfig
 .text.HAL_RCC_ClockConfig
                0x00000000080043d8      0x268 ./Drivers/STM32L1xx_HAL_Driver/Src/stm32l1xx_hal_rcc.o
                0x00000000080043d8                HAL_RCC_ClockConfig
 .text.HAL_RCC_GetSysClockFreq
                0x0000000008004640      0x17c ./Drivers/STM32L1xx_HAL_Driver/Src/stm32l1xx_hal_rcc.o
                0x0000000008004640                HAL_RCC_GetSysClockFreq
 .text.HAL_RCC_GetHCLKFreq
                0x00000000080047bc       0x14 ./Drivers/STM32L1xx_HAL_Driver/Src/stm32l1xx_hal_rcc.o
                0x00000000080047bc                HAL_RCC_GetHCLKFreq
 .text.HAL_RCC_GetPCLK1Freq
                0x00000000080047d0       0x28 ./Drivers/STM32L1xx_HAL_Driver/Src/stm32l1xx_hal_rcc.o
                0x00000000080047d0                HAL_RCC_GetPCLK1Freq
 .text.HAL_RCC_GetPCLK2Freq
                0x00000000080047f8       0x28 ./Drivers/STM32L1xx_HAL_Driver/Src/stm32l1xx_hal_rcc.o
                0x00000000080047f8                HAL_RCC_GetPCLK2Freq
 .text.RCC_SetFlashLatencyFromMSIRange
                0x0000000008004820       0xc0 ./Drivers/STM32L1xx_HAL_Driver/Src/stm32l1xx_hal_rcc.o
 .text.HAL_UART_Init
                0x00000000080048e0       0xa0 ./Drivers/STM32L1xx_HAL_Driver/Src/stm32l1xx_hal_uart.o
                0x00000000080048e0                HAL_UART_Init
 .text.HAL_UART_Transmit
                0x0000000008004980      0x106 ./Drivers/STM32L1xx_HAL_Driver/Src/stm32l1xx_hal_uart.o
                0x0000000008004980                HAL_UART_Transmit
 .text.HAL_UART_Receive_IT
                0x0000000008004a86       0x4a ./Drivers/STM32L1xx_HAL_Driver/Src/stm32l1xx_hal_uart.o
                0x0000000008004a86                HAL_UART_Receive_IT
 .text.HAL_UART_IRQHandler
                0x0000000008004ad0      0x524 ./Drivers/STM32L1xx_HAL_Driver/Src/stm32l1xx_hal_uart.o
                0x0000000008004ad0                HAL_UART_IRQHandler
 .text.HAL_UART_TxCpltCallback
                0x0000000008004ff4       0x12 ./Drivers/STM32L1xx_HAL_Driver/Src/stm32l1xx_hal_uart.o
                0x0000000008004ff4                HAL_UART_TxCpltCallback
 .text.HAL_UART_RxCpltCallback
                0x0000000008005006       0x12 ./Drivers/STM32L1xx_HAL_Driver/Src/stm32l1xx_hal_uart.o
                0x0000000008005006                HAL_UART_RxCpltCallback
 .text.HAL_UART_ErrorCallback
                0x0000000008005018       0x12 ./Drivers/STM32L1xx_HAL_Driver/Src/stm32l1xx_hal_uart.o
                0x0000000008005018                HAL_UART_ErrorCallback
 .text.HAL_UARTEx_RxEventCallback
                0x000000000800502a       0x16 ./Drivers/STM32L1xx_HAL_Driver/Src/stm32l1xx_hal_uart.o
                0x000000000800502a                HAL_UARTEx_RxEventCallback
 .text.UART_WaitOnFlagUntilTimeout
                0x0000000008005040       0xdc ./Drivers/STM32L1xx_HAL_Driver/Src/stm32l1xx_hal_uart.o
 .text.UART_Start_Receive_IT
                0x000000000800511c       0x72 ./Drivers/STM32L1xx_HAL_Driver/Src/stm32l1xx_hal_uart.o
                0x000000000800511c                UART_Start_Receive_IT
 .text.UART_EndRxTransfer
                0x000000000800518e       0xc4 ./Drivers/STM32L1xx_HAL_Driver/Src/stm32l1xx_hal_uart.o
 .text.UART_DMAAbortOnError
                0x0000000008005252       0x28 ./Drivers/STM32L1xx_HAL_Driver/Src/stm32l1xx_hal_uart.o
 .text.UART_Transmit_IT
                0x000000000800527a       0x9e ./Drivers/STM32L1xx_HAL_Driver/Src/stm32l1xx_hal_uart.o
 .text.UART_EndTransmit_IT
                0x0000000008005318       0x30 ./Drivers/STM32L1xx_HAL_Driver/Src/stm32l1xx_hal_uart.o
 .text.UART_Receive_IT
                0x0000000008005348      0x17c ./Drivers/STM32L1xx_HAL_Driver/Src/stm32l1xx_hal_uart.o
 .text.UART_SetConfig
                0x00000000080054c4      0x1c8 ./Drivers/STM32L1xx_HAL_Driver/Src/stm32l1xx_hal_uart.o
 .text.sbrk_aligned
                0x000000000800568c       0x40 /opt/st/stm32cubeide_1.14.0/plugins/com.st.stm32cube.ide.mcu.externaltools.gnu-tools-for-stm32.11.3.rel1.linux64_1.1.100.202309141235/tools/bin/../lib/gcc/arm-none-eabi/11.3.1/../../../../arm-none-eabi/lib/thumb/v7-m/nofp/libc_nano.a(libc_a-mallocr.o)
 .text._malloc_r
                0x00000000080056cc      0x100 /opt/st/stm32cubeide_1.14.0/plugins/com.st.stm32cube.ide.mcu.externaltools.gnu-tools-for-stm32.11.3.rel1.linux64_1.1.100.202309141235/tools/bin/../lib/gcc/arm-none-eabi/11.3.1/../../../../arm-none-eabi/lib/thumb/v7-m/nofp/libc_nano.a(libc_a-mallocr.o)
                0x00000000080056cc                _malloc_r
 .text.__malloc_lock
                0x00000000080057cc        0xc /opt/st/stm32cubeide_1.14.0/plugins/com.st.stm32cube.ide.mcu.externaltools.gnu-tools-for-stm32.11.3.rel1.linux64_1.1.100.202309141235/tools/bin/../lib/gcc/arm-none-eabi/11.3.1/../../../../arm-none-eabi/lib/thumb/v7-m/nofp/libc_nano.a(libc_a-mlock.o)
                0x00000000080057cc                __malloc_lock
 .text.__malloc_unlock
                0x00000000080057d8        0xc /opt/st/stm32cubeide_1.14.0/plugins/com.st.stm32cube.ide.mcu.externaltools.gnu-tools-for-stm32.11.3.rel1.linux64_1.1.100.202309141235/tools/bin/../lib/gcc/arm-none-eabi/11.3.1/../../../../arm-none-eabi/lib/thumb/v7-m/nofp/libc_nano.a(libc_a-mlock.o)
                0x00000000080057d8                __malloc_unlock
 .text.std      0x00000000080057e4       0x6c /opt/st/stm32cubeide_1.14.0/plugins/com.st.stm32cube.ide.mcu.externaltools.gnu-tools-for-stm32.11.3.rel1.linux64_1.1.100.202309141235/tools/bin/../lib/gcc/arm-none-eabi/11.3.1/../../../../arm-none-eabi/lib/thumb/v7-m/nofp/libc_nano.a(libc_a-findfp.o)
 .text.stdio_exit_handler
                0x0000000008005850       0x18 /opt/st/stm32cubeide_1.14.0/plugins/com.st.stm32cube.ide.mcu.externaltools.gnu-tools-for-stm32.11.3.rel1.linux64_1.1.100.202309141235/tools/bin/../lib/gcc/arm-none-eabi/11.3.1/../../../../arm-none-eabi/lib/thumb/v7-m/nofp/libc_nano.a(libc_a-findfp.o)
 .text.cleanup_stdio
                0x0000000008005868       0x40 /opt/st/stm32cubeide_1.14.0/plugins/com.st.stm32cube.ide.mcu.externaltools.gnu-tools-for-stm32.11.3.rel1.linux64_1.1.100.202309141235/tools/bin/../lib/gcc/arm-none-eabi/11.3.1/../../../../arm-none-eabi/lib/thumb/v7-m/nofp/libc_nano.a(libc_a-findfp.o)
 .text.global_stdio_init.part.0
                0x00000000080058a8       0x3c /opt/st/stm32cubeide_1.14.0/plugins/com.st.stm32cube.ide.mcu.externaltools.gnu-tools-for-stm32.11.3.rel1.linux64_1.1.100.202309141235/tools/bin/../lib/gcc/arm-none-eabi/11.3.1/../../../../arm-none-eabi/lib/thumb/v7-m/nofp/libc_nano.a(libc_a-findfp.o)
 .text.__sfp_lock_acquire
                0x00000000080058e4        0xc /opt/st/stm32cubeide_1.14.0/plugins/com.st.stm32cube.ide.mcu.externaltools.gnu-tools-for-stm32.11.3.rel1.linux64_1.1.100.202309141235/tools/bin/../lib/gcc/arm-none-eabi/11.3.1/../../../../arm-none-eabi/lib/thumb/v7-m/nofp/libc_nano.a(libc_a-findfp.o)
                0x00000000080058e4                __sfp_lock_acquire
 .text.__sfp_lock_release
                0x00000000080058f0        0xc /opt/st/stm32cubeide_1.14.0/plugins/com.st.stm32cube.ide.mcu.externaltools.gnu-tools-for-stm32.11.3.rel1.linux64_1.1.100.202309141235/tools/bin/../lib/gcc/arm-none-eabi/11.3.1/../../../../arm-none-eabi/lib/thumb/v7-m/nofp/libc_nano.a(libc_a-findfp.o)
                0x00000000080058f0                __sfp_lock_release
 .text.__sinit  0x00000000080058fc       0x30 /opt/st/stm32cubeide_1.14.0/plugins/com.st.stm32cube.ide.mcu.externaltools.gnu-tools-for-stm32.11.3.rel1.linux64_1.1.100.202309141235/tools/bin/../lib/gcc/arm-none-eabi/11.3.1/../../../../arm-none-eabi/lib/thumb/v7-m/nofp/libc_nano.a(libc_a-findfp.o)
                0x00000000080058fc                __sinit
 .text._fwalk_sglue
                0x000000000800592c       0x3c /opt/st/stm32cubeide_1.14.0/plugins/com.st.stm32cube.ide.mcu.externaltools.gnu-tools-for-stm32.11.3.rel1.linux64_1.1.100.202309141235/tools/bin/../lib/gcc/arm-none-eabi/11.3.1/../../../../arm-none-eabi/lib/thumb/v7-m/nofp/libc_nano.a(libc_a-fwalk.o)
                0x000000000800592c                _fwalk_sglue
 .text._puts_r  0x0000000008005968       0xa8 /opt/st/stm32cubeide_1.14.0/plugins/com.st.stm32cube.ide.mcu.externaltools.gnu-tools-for-stm32.11.3.rel1.linux64_1.1.100.202309141235/tools/bin/../lib/gcc/arm-none-eabi/11.3.1/../../../../arm-none-eabi/lib/thumb/v7-m/nofp/libc_nano.a(libc_a-puts.o)
                0x0000000008005968                _puts_r
 .text.puts     0x0000000008005a10       0x10 /opt/st/stm32cubeide_1.14.0/plugins/com.st.stm32cube.ide.mcu.externaltools.gnu-tools-for-stm32.11.3.rel1.linux64_1.1.100.202309141235/tools/bin/../lib/gcc/arm-none-eabi/11.3.1/../../../../arm-none-eabi/lib/thumb/v7-m/nofp/libc_nano.a(libc_a-puts.o)
                0x0000000008005a10                puts
 .text.snprintf
                0x0000000008005a20       0x68 /opt/st/stm32cubeide_1.14.0/plugins/com.st.stm32cube.ide.mcu.externaltools.gnu-tools-for-stm32.11.3.rel1.linux64_1.1.100.202309141235/tools/bin/../lib/gcc/arm-none-eabi/11.3.1/../../../../arm-none-eabi/lib/thumb/v7-m/nofp/libc_nano.a(libc_a-snprintf.o)
                0x0000000008005a20                snprintf
                0x0000000008005a20                sniprintf
 .text.__sread  0x0000000008005a88       0x22 /opt/st/stm32cubeide_1.14.0/plugins/com.st.stm32cube.ide.mcu.externaltools.gnu-tools-for-stm32.11.3.rel1.linux64_1.1.100.202309141235/tools/bin/../lib/gcc/arm-none-eabi/11.3.1/../../../../arm-none-eabi/lib/thumb/v7-m/nofp/libc_nano.a(libc_a-stdio.o)
                0x0000000008005a88                __sread
 .text.__swrite
                0x0000000008005aaa       0x38 /opt/st/stm32cubeide_1.14.0/plugins/com.st.stm32cube.ide.mcu.externaltools.gnu-tools-for-stm32.11.3.rel1.linux64_1.1.100.202309141235/tools/bin/../lib/gcc/arm-none-eabi/11.3.1/../../../../arm-none-eabi/lib/thumb/v7-m/nofp/libc_nano.a(libc_a-stdio.o)
                0x0000000008005aaa                __swrite
 .text.__sseek  0x0000000008005ae2       0x24 /opt/st/stm32cubeide_1.14.0/plugins/com.st.stm32cube.ide.mcu.externaltools.gnu-tools-for-stm32.11.3.rel1.linux64_1.1.100.202309141235/tools/bin/../lib/gcc/arm-none-eabi/11.3.1/../../../../arm-none-eabi/lib/thumb/v7-m/nofp/libc_nano.a(libc_a-stdio.o)
                0x0000000008005ae2                __sseek
 .text.__sclose
                0x0000000008005b06        0x8 /opt/st/stm32cubeide_1.14.0/plugins/com.st.stm32cube.ide.mcu.externaltools.gnu-tools-for-stm32.11.3.rel1.linux64_1.1.100.202309141235/tools/bin/../lib/gcc/arm-none-eabi/11.3.1/../../../../arm-none-eabi/lib/thumb/v7-m/nofp/libc_nano.a(libc_a-stdio.o)
                0x0000000008005b06                __sclose
 .text._vsnprintf_r
                0x0000000008005b0e       0x56 /opt/st/stm32cubeide_1.14.0/plugins/com.st.stm32cube.ide.mcu.externaltools.gnu-tools-for-stm32.11.3.rel1.linux64_1.1.100.202309141235/tools/bin/../lib/gcc/arm-none-eabi/11.3.1/../../../../arm-none-eabi/lib/thumb/v7-m/nofp/libc_nano.a(libc_a-vsnprintf.o)
                0x0000000008005b0e                _vsnprintf_r
                0x0000000008005b0e                _vsniprintf_r
 .text.vsnprintf
                0x0000000008005b64       0x1c /opt/st/stm32cubeide_1.14.0/plugins/com.st.stm32cube.ide.mcu.externaltools.gnu-tools-for-stm32.11.3.rel1.linux64_1.1.100.202309141235/tools/bin/../lib/gcc/arm-none-eabi/11.3.1/../../../../arm-none-eabi/lib/thumb/v7-m/nofp/libc_nano.a(libc_a-vsnprintf.o)
                0x0000000008005b64                vsnprintf
                0x0000000008005b64                vsniprintf
 .text.__swbuf_r
                0x0000000008005b80       0x7a /opt/st/stm32cubeide_1.14.0/plugins/com.st.stm32cube.ide.mcu.externaltools.gnu-tools-for-stm32.11.3.rel1.linux64_1.1.100.202309141235/tools/bin/../lib/gcc/arm-none-eabi/11.3.1/../../../../arm-none-eabi/lib/thumb/v7-m/nofp/libc_nano.a(libc_a-wbuf.o)
                0x0000000008005b80                __swbuf_r
 *fill*         0x0000000008005bfa        0x2 
 .text.__swsetup_r
                0x0000000008005bfc       0xb0 /opt/st/stm32cubeide_1.14.0/plugins/com.st.stm32cube.ide.mcu.externaltools.gnu-tools-for-stm32.11.3.rel1.linux64_1.1.100.202309141235/tools/bin/../lib/gcc/arm-none-eabi/11.3.1/../../../../arm-none-eabi/lib/thumb/v7-m/nofp/libc_nano.a(libc_a-wsetup.o)
                0x0000000008005bfc                __swsetup_r
 .text.memcmp   0x0000000008005cac       0x20 /opt/st/stm32cubeide_1.14.0/plugins/com.st.stm32cube.ide.mcu.externaltools.gnu-tools-for-stm32.11.3.rel1.linux64_1.1.100.202309141235/tools/bin/../lib/gcc/arm-none-eabi/11.3.1/../../../../arm-none-eabi/lib/thumb/v7-m/nofp/libc_nano.a(libc_a-memcmp.o)
                0x0000000008005cac                memcmp
 .text.memset   0x0000000008005ccc       0x10 /opt/st/stm32cubeide_1.14.0/plugins/com.st.stm32cube.ide.mcu.externaltools.gnu-tools-for-stm32.11.3.rel1.linux64_1.1.100.202309141235/tools/bin/../lib/gcc/arm-none-eabi/11.3.1/../../../../arm-none-eabi/lib/thumb/v7-m/nofp/libc_nano.a(libc_a-memset.o)
                0x0000000008005ccc                memset
 .text._close_r
                0x0000000008005cdc       0x20 /opt/st/stm32cubeide_1.14.0/plugins/com.st.stm32cube.ide.mcu.externaltools.gnu-tools-for-stm32.11.3.rel1.linux64_1.1.100.202309141235/tools/bin/../lib/gcc/arm-none-eabi/11.3.1/../../../../arm-none-eabi/lib/thumb/v7-m/nofp/libc_nano.a(libc_a-closer.o)
                0x0000000008005cdc                _close_r
 .text._lseek_r
                0x0000000008005cfc       0x24 /opt/st/stm32cubeide_1.14.0/plugins/com.st.stm32cube.ide.mcu.externaltools.gnu-tools-for-stm32.11.3.rel1.linux64_1.1.100.202309141235/tools/bin/../lib/gcc/arm-none-eabi/11.3.1/../../../../arm-none-eabi/lib/thumb/v7-m/nofp/libc_nano.a(libc_a-lseekr.o)
                0x0000000008005cfc                _lseek_r
 .text._read_r  0x0000000008005d20       0x24 /opt/st/stm32cubeide_1.14.0/plugins/com.st.stm32cube.ide.mcu.externaltools.gnu-tools-for-stm32.11.3.rel1.linux64_1.1.100.202309141235/tools/bin/../lib/gcc/arm-none-eabi/11.3.1/../../../../arm-none-eabi/lib/thumb/v7-m/nofp/libc_nano.a(libc_a-readr.o)
                0x0000000008005d20                _read_r
 .text._sbrk_r  0x0000000008005d44       0x20 /opt/st/stm32cubeide_1.14.0/plugins/com.st.stm32cube.ide.mcu.externaltools.gnu-tools-for-stm32.11.3.rel1.linux64_1.1.100.202309141235/tools/bin/../lib/gcc/arm-none-eabi/11.3.1/../../../../arm-none-eabi/lib/thumb/v7-m/nofp/libc_nano.a(libc_a-sbrkr.o)
                0x0000000008005d44                _sbrk_r
 .text._write_r
                0x0000000008005d64       0x24 /opt/st/stm32cubeide_1.14.0/plugins/com.st.stm32cube.ide.mcu.externaltools.gnu-tools-for-stm32.11.3.rel1.linux64_1.1.100.202309141235/tools/bin/../lib/gcc/arm-none-eabi/11.3.1/../../../../arm-none-eabi/lib/thumb/v7-m/nofp/libc_nano.a(libc_a-writer.o)
                0x0000000008005d64                _write_r
 .text.__errno  0x0000000008005d88        0xc /opt/st/stm32cubeide_1.14.0/plugins/com.st.stm32cube.ide.mcu.externaltools.gnu-tools-for-stm32.11.3.rel1.linux64_1.1.100.202309141235/tools/bin/../lib/gcc/arm-none-eabi/11.3.1/../../../../arm-none-eabi/lib/thumb/v7-m/nofp/libc_nano.a(libc_a-errno.o)
                0x0000000008005d88                __errno
 .text.__libc_init_array
                0x0000000008005d94       0x48 /opt/st/stm32cubeide_1.14.0/plugins/com.st.stm32cube.ide.mcu.externaltools.gnu-tools-for-stm32.11.3.rel1.linux64_1.1.100.202309141235/tools/bin/../lib/gcc/arm-none-eabi/11.3.1/../../../../arm-none-eabi/lib/thumb/v7-m/nofp/libc_nano.a(libc_a-init.o)
                0x0000000008005d94                __libc_init_array
 .text.__retarget_lock_init_recursive
                0x0000000008005ddc        0x2 /opt/st/stm32cubeide_1.14.0/plugins/com.st.stm32cube.ide.mcu.externaltools.gnu-tools-for-stm32.11.3.rel1.linux64_1.1.100.202309141235/tools/bin/../lib/gcc/arm-none-eabi/11.3.1/../../../../arm-none-eabi/lib/thumb/v7-m/nofp/libc_nano.a(libc_a-lock.o)
                0x0000000008005ddc                __retarget_lock_init_recursive
 .text.__retarget_lock_acquire_recursive
                0x0000000008005dde        0x2 /opt/st/stm32cubeide_1.14.0/plugins/com.st.stm32cube.ide.mcu.externaltools.gnu-tools-for-stm32.11.3.rel1.linux64_1.1.100.202309141235/tools/bin/../lib/gcc/arm-none-eabi/11.3.1/../../../../arm-none-eabi/lib/thumb/v7-m/nofp/libc_nano.a(libc_a-lock.o)
                0x0000000008005dde                __retarget_lock_acquire_recursive
 .text.__retarget_lock_release_recursive
                0x0000000008005de0        0x2 /opt/st/stm32cubeide_1.14.0/plugins/com.st.stm32cube.ide.mcu.externaltools.gnu-tools-for-stm32.11.3.rel1.linux64_1.1.100.202309141235/tools/bin/../lib/gcc/arm-none-eabi/11.3.1/../../../../arm-none-eabi/lib/thumb/v7-m/nofp/libc_nano.a(libc_a-lock.o)
                0x0000000008005de0                __retarget_lock_release_recursive
 .text.memcpy   0x0000000008005de2       0x1c /opt/st/stm32cubeide_1.14.0/plugins/com.st.stm32cube.ide.mcu.externaltools.gnu-tools-for-stm32.11.3.rel1.linux64_1.1.100.202309141235/tools/bin/../lib/gcc/arm-none-eabi/11.3.1/../../../../arm-none-eabi/lib/thumb/v7-m/nofp/libc_nano.a(libc_a-memcpy-stub.o)
                0x0000000008005de2                memcpy
 *fill*         0x0000000008005dfe        0x2 
 .text._free_r  0x0000000008005e00       0x90 /opt/st/stm32cubeide_1.14.0/plugins/com.st.stm32cube.ide.mcu.externaltools.gnu-tools-for-stm32.11.3.rel1.linux64_1.1.100.202309141235/tools/bin/../lib/gcc/arm-none-eabi/11.3.1/../../../../arm-none-eabi/lib/thumb/v7-m/nofp/libc_nano.a(libc_a-freer.o)
                0x0000000008005e00                _free_r
 .text.__ssputs_r
                0x0000000008005e90       0xb4 /opt/st/stm32cubeide_1.14.0/plugins/com.st.stm32cube.ide.mcu.externaltools.gnu-tools-for-stm32.11.3.rel1.linux64_1.1.100.202309141235/tools/bin/../lib/gcc/arm-none-eabi/11.3.1/../../../../arm-none-eabi/lib/thumb/v7-m/nofp/libc_nano.a(libc_a-nano-svfprintf.o)
                0x0000000008005e90                __ssputs_r
 .text._svfprintf_r
                0x0000000008005f44      0x1fc /opt/st/stm32cubeide_1.14.0/plugins/com.st.stm32cube.ide.mcu.externaltools.gnu-tools-for-stm32.11.3.rel1.linux64_1.1.100.202309141235/tools/bin/../lib/gcc/arm-none-eabi/11.3.1/../../../../arm-none-eabi/lib/thumb/v7-m/nofp/libc_nano.a(libc_a-nano-svfprintf.o)
                0x0000000008005f44                _svfprintf_r
                0x0000000008005f44                _svfiprintf_r
 .text._printf_common
                0x0000000008006140       0xe4 /opt/st/stm32cubeide_1.14.0/plugins/com.st.stm32cube.ide.mcu.externaltools.gnu-tools-for-stm32.11.3.rel1.linux64_1.1.100.202309141235/tools/bin/../lib/gcc/arm-none-eabi/11.3.1/../../../../arm-none-eabi/lib/thumb/v7-m/nofp/libc_nano.a(libc_a-nano-vfprintf_i.o)
                0x0000000008006140                _printf_common
 .text._printf_i
                0x0000000008006224      0x244 /opt/st/stm32cubeide_1.14.0/plugins/com.st.stm32cube.ide.mcu.externaltools.gnu-tools-for-stm32.11.3.rel1.linux64_1.1.100.202309141235/tools/bin/../lib/gcc/arm-none-eabi/11.3.1/../../../../arm-none-eabi/lib/thumb/v7-m/nofp/libc_nano.a(libc_a-nano-vfprintf_i.o)
                0x0000000008006224                _printf_i
 .text.__sflush_r
                0x0000000008006468      0x104 /opt/st/stm32cubeide_1.14.0/plugins/com.st.stm32cube.ide.mcu.externaltools.gnu-tools-for-stm32.11.3.rel1.linux64_1.1.100.202309141235/tools/bin/../lib/gcc/arm-none-eabi/11.3.1/../../../../arm-none-eabi/lib/thumb/v7-m/nofp/libc_nano.a(libc_a-fflush.o)
                0x0000000008006468                __sflush_r
 .text._fflush_r
                0x000000000800656c       0x50 /opt/st/stm32cubeide_1.14.0/plugins/com.st.stm32cube.ide.mcu.externaltools.gnu-tools-for-stm32.11.3.rel1.linux64_1.1.100.202309141235/tools/bin/../lib/gcc/arm-none-eabi/11.3.1/../../../../arm-none-eabi/lib/thumb/v7-m/nofp/libc_nano.a(libc_a-fflush.o)
                0x000000000800656c                _fflush_r
 .text.__swhatbuf_r
                0x00000000080065bc       0x4a /opt/st/stm32cubeide_1.14.0/plugins/com.st.stm32cube.ide.mcu.externaltools.gnu-tools-for-stm32.11.3.rel1.linux64_1.1.100.202309141235/tools/bin/../lib/gcc/arm-none-eabi/11.3.1/../../../../arm-none-eabi/lib/thumb/v7-m/nofp/libc_nano.a(libc_a-makebuf.o)
                0x00000000080065bc                __swhatbuf_r
 .text.__smakebuf_r
                0x0000000008006606       0x78 /opt/st/stm32cubeide_1.14.0/plugins/com.st.stm32cube.ide.mcu.externaltools.gnu-tools-for-stm32.11.3.rel1.linux64_1.1.100.202309141235/tools/bin/../lib/gcc/arm-none-eabi/11.3.1/../../../../arm-none-eabi/lib/thumb/v7-m/nofp/libc_nano.a(libc_a-makebuf.o)
                0x0000000008006606                __smakebuf_r
 .text.memmove  0x000000000800667e       0x34 /opt/st/stm32cubeide_1.14.0/plugins/com.st.stm32cube.ide.mcu.externaltools.gnu-tools-for-stm32.11.3.rel1.linux64_1.1.100.202309141235/tools/bin/../lib/gcc/arm-none-eabi/11.3.1/../../../../arm-none-eabi/lib/thumb/v7-m/nofp/libc_nano.a(libc_a-memmove.o)
                0x000000000800667e                memmove
 *fill*         0x00000000080066b2        0x2 
 .text._fstat_r
                0x00000000080066b4       0x24 /opt/st/stm32cubeide_1.14.0/plugins/com.st.stm32cube.ide.mcu.externaltools.gnu-tools-for-stm32.11.3.rel1.linux64_1.1.100.202309141235/tools/bin/../lib/gcc/arm-none-eabi/11.3.1/../../../../arm-none-eabi/lib/thumb/v7-m/nofp/libc_nano.a(libc_a-fstatr.o)
                0x00000000080066b4                _fstat_r
 .text._isatty_r
                0x00000000080066d8       0x20 /opt/st/stm32cubeide_1.14.0/plugins/com.st.stm32cube.ide.mcu.externaltools.gnu-tools-for-stm32.11.3.rel1.linux64_1.1.100.202309141235/tools/bin/../lib/gcc/arm-none-eabi/11.3.1/../../../../arm-none-eabi/lib/thumb/v7-m/nofp/libc_nano.a(libc_a-isattyr.o)
                0x00000000080066d8                _isatty_r
 .text.memchr   0x00000000080066f8       0x1c /opt/st/stm32cubeide_1.14.0/plugins/com.st.stm32cube.ide.mcu.externaltools.gnu-tools-for-stm32.11.3.rel1.linux64_1.1.100.202309141235/tools/bin/../lib/gcc/arm-none-eabi/11.3.1/../../../../arm-none-eabi/lib/thumb/v7-m/nofp/libc_nano.a(libc_a-memchr-stub.o)
                0x00000000080066f8                memchr
 .text._realloc_r
                0x0000000008006714       0x5e /opt/st/stm32cubeide_1.14.0/plugins/com.st.stm32cube.ide.mcu.externaltools.gnu-tools-for-stm32.11.3.rel1.linux64_1.1.100.202309141235/tools/bin/../lib/gcc/arm-none-eabi/11.3.1/../../../../arm-none-eabi/lib/thumb/v7-m/nofp/libc_nano.a(libc_a-reallocr.o)
                0x0000000008006714                _realloc_r
 .text._malloc_usable_size_r
                0x0000000008006772       0x10 /opt/st/stm32cubeide_1.14.0/plugins/com.st.stm32cube.ide.mcu.externaltools.gnu-tools-for-stm32.11.3.rel1.linux64_1.1.100.202309141235/tools/bin/../lib/gcc/arm-none-eabi/11.3.1/../../../../arm-none-eabi/lib/thumb/v7-m/nofp/libc_nano.a(libc_a-msizer.o)
                0x0000000008006772                _malloc_usable_size_r
 *(.glue_7)
 .glue_7        0x0000000008006782        0x0 linker stubs
 *(.glue_7t)
 .glue_7t       0x0000000008006782        0x0 linker stubs
 *(.eh_frame)
 *fill*         0x0000000008006782        0x2 
 .eh_frame      0x0000000008006784        0x0 /opt/st/stm32cubeide_1.14.0/plugins/com.st.stm32cube.ide.mcu.externaltools.gnu-tools-for-stm32.11.3.rel1.linux64_1.1.100.202309141235/tools/bin/../lib/gcc/arm-none-eabi/11.3.1/thumb/v7-m/nofp/crtbegin.o
 *(.init)
 .init          0x0000000008006784        0x4 /opt/st/stm32cubeide_1.14.0/plugins/com.st.stm32cube.ide.mcu.externaltools.gnu-tools-for-stm32.11.3.rel1.linux64_1.1.100.202309141235/tools/bin/../lib/gcc/arm-none-eabi/11.3.1/thumb/v7-m/nofp/crti.o
                0x0000000008006784                _init
 .init          0x0000000008006788        0x8 /opt/st/stm32cubeide_1.14.0/plugins/com.st.stm32cube.ide.mcu.externaltools.gnu-tools-for-stm32.11.3.rel1.linux64_1.1.100.202309141235/tools/bin/../lib/gcc/arm-none-eabi/11.3.1/thumb/v7-m/nofp/crtn.o
 *(.fini)
 .fini          0x0000000008006790        0x4 /opt/st/stm32cubeide_1.14.0/plugins/com.st.stm32cube.ide.mcu.externaltools.gnu-tools-for-stm32.11.3.rel1.linux64_1.1.100.202309141235/tools/bin/../lib/gcc/arm-none-eabi/11.3.1/thumb/v7-m/nofp/crti.o
                0x0000000008006790                _fini
 .fini          0x0000000008006794        0x8 /opt/st/stm32cubeide_1.14.0/plugins/com.st.stm32cube.ide.mcu.externaltools.gnu-tools-for-stm32.11.3.rel1.linux64_1.1.100.202309141235/tools/bin/../lib/gcc/arm-none-eabi/11.3.1/thumb/v7-m/nofp/crtn.o
                0x000000000800679c                . = ALIGN (0x4)
                0x000000000800679c                _etext = .

.vfp11_veneer   0x000000000800679c        0x0
 .vfp11_veneer  0x000000000800679c        0x0 linker stubs

.v4_bx          0x000000000800679c        0x0
 .v4_bx         0x000000000800679c        0x0 linker stubs

.iplt           0x000000000800679c        0x0
 .iplt          0x000000000800679c        0x0 /opt/st/stm32cubeide_1.14.0/plugins/com.st.stm32cube.ide.mcu.externaltools.gnu-tools-for-stm32.11.3.rel1.linux64_1.1.100.202309141235/tools/bin/../lib/gcc/arm-none-eabi/11.3.1/thumb/v7-m/nofp/crtbegin.o

.rodata         0x000000000800679c      0x1c8
                0x000000000800679c                . = ALIGN (0x4)
 *(.rodata)
 .rodata        0x000000000800679c       0xf4 ./Core/Src/main.o
 .rodata        0x0000000008006890       0x5c ./Core/utils/sm_logger.o
 *(.rodata*)
 .rodata.g_mb_slave_callback
                0x00000000080068ec       0x20 ./Core/Src/main.o
 .rodata.PLLMulTable
                0x000000000800690c        0x9 ./Core/Src/system_stm32l1xx.o
                0x000000000800690c                PLLMulTable
 *fill*         0x0000000008006915        0x3 
 .rodata.AHBPrescTable
                0x0000000008006918       0x10 ./Core/Src/system_stm32l1xx.o
                0x0000000008006918                AHBPrescTable
 .rodata.APBPrescTable
                0x0000000008006928        0x8 ./Core/Src/system_stm32l1xx.o
                0x0000000008006928                APBPrescTable
 .rodata._svfprintf_r.str1.1
                0x0000000008006930       0x11 /opt/st/stm32cubeide_1.14.0/plugins/com.st.stm32cube.ide.mcu.externaltools.gnu-tools-for-stm32.11.3.rel1.linux64_1.1.100.202309141235/tools/bin/../lib/gcc/arm-none-eabi/11.3.1/../../../../arm-none-eabi/lib/thumb/v7-m/nofp/libc_nano.a(libc_a-nano-svfprintf.o)
 .rodata._printf_i.str1.1
                0x0000000008006941       0x22 /opt/st/stm32cubeide_1.14.0/plugins/com.st.stm32cube.ide.mcu.externaltools.gnu-tools-for-stm32.11.3.rel1.linux64_1.1.100.202309141235/tools/bin/../lib/gcc/arm-none-eabi/11.3.1/../../../../arm-none-eabi/lib/thumb/v7-m/nofp/libc_nano.a(libc_a-nano-vfprintf_i.o)
                0x0000000008006964                . = ALIGN (0x4)
 *fill*         0x0000000008006963        0x1 

.ARM.extab      0x0000000008006964        0x0
                0x0000000008006964                . = ALIGN (0x4)
 *(.ARM.extab* .gnu.linkonce.armextab.*)
                0x0000000008006964                . = ALIGN (0x4)

.ARM            0x0000000008006964        0x8
                0x0000000008006964                . = ALIGN (0x4)
                0x0000000008006964                __exidx_start = .
 *(.ARM.exidx*)
 .ARM.exidx     0x0000000008006964        0x8 /opt/st/stm32cubeide_1.14.0/plugins/com.st.stm32cube.ide.mcu.externaltools.gnu-tools-for-stm32.11.3.rel1.linux64_1.1.100.202309141235/tools/bin/../lib/gcc/arm-none-eabi/11.3.1/thumb/v7-m/nofp/libgcc.a(_udivmoddi4.o)
                0x000000000800696c                __exidx_end = .
                0x000000000800696c                . = ALIGN (0x4)

.rel.dyn        0x000000000800696c        0x0
 .rel.iplt      0x000000000800696c        0x0 /opt/st/stm32cubeide_1.14.0/plugins/com.st.stm32cube.ide.mcu.externaltools.gnu-tools-for-stm32.11.3.rel1.linux64_1.1.100.202309141235/tools/bin/../lib/gcc/arm-none-eabi/11.3.1/thumb/v7-m/nofp/crtbegin.o

.preinit_array  0x000000000800696c        0x0
                0x000000000800696c                . = ALIGN (0x4)
                0x000000000800696c                PROVIDE (__preinit_array_start = .)
 *(.preinit_array*)
                0x000000000800696c                PROVIDE (__preinit_array_end = .)
                0x000000000800696c                . = ALIGN (0x4)

.init_array     0x000000000800696c        0x4
                0x000000000800696c                . = ALIGN (0x4)
                0x000000000800696c                PROVIDE (__init_array_start = .)
 *(SORT_BY_NAME(.init_array.*))
 *(.init_array*)
 .init_array    0x000000000800696c        0x4 /opt/st/stm32cubeide_1.14.0/plugins/com.st.stm32cube.ide.mcu.externaltools.gnu-tools-for-stm32.11.3.rel1.linux64_1.1.100.202309141235/tools/bin/../lib/gcc/arm-none-eabi/11.3.1/thumb/v7-m/nofp/crtbegin.o
                0x0000000008006970                PROVIDE (__init_array_end = .)
                0x0000000008006970                . = ALIGN (0x4)

.fini_array     0x0000000008006970        0x4
                0x0000000008006970                . = ALIGN (0x4)
                [!provide]                        PROVIDE (__fini_array_start = .)
 *(SORT_BY_NAME(.fini_array.*))
 *(.fini_array*)
 .fini_array    0x0000000008006970        0x4 /opt/st/stm32cubeide_1.14.0/plugins/com.st.stm32cube.ide.mcu.externaltools.gnu-tools-for-stm32.11.3.rel1.linux64_1.1.100.202309141235/tools/bin/../lib/gcc/arm-none-eabi/11.3.1/thumb/v7-m/nofp/crtbegin.o
                [!provide]                        PROVIDE (__fini_array_end = .)
                0x0000000008006974                . = ALIGN (0x4)
                0x0000000008006974                _sidata = LOADADDR (.data)

.data           0x0000000020000000      0x254 load address 0x0000000008006974
                0x0000000020000000                . = ALIGN (0x4)
                0x0000000020000000                _sdata = .
 *(.data)
 *(.data*)
 .data.SystemCoreClock
                0x0000000020000000        0x4 ./Core/Src/system_stm32l1xx.o
                0x0000000020000000                SystemCoreClock
 .data.g_mb_proc_default
                0x0000000020000004       0x14 ./Core/common/modbus/mb_slave/sm_mb_slave_impl.o
 .data.g_mb_slave
                0x0000000020000018      0x1a8 ./Core/common/modbus/mb_slave/sm_mb_slave_impl.o
 .data.log_level_colors
                0x00000000200001c0       0x14 ./Core/utils/sm_logger.o
 .data.log_level_names
                0x00000000200001d4       0x14 ./Core/utils/sm_logger.o
 .data.g_logger
                0x00000000200001e8        0x8 ./Core/utils/sm_logger.o
 .data.uwTickPrio
                0x00000000200001f0        0x4 ./Drivers/STM32L1xx_HAL_Driver/Src/stm32l1xx_hal.o
                0x00000000200001f0                uwTickPrio
 .data.uwTickFreq
                0x00000000200001f4        0x4 ./Drivers/STM32L1xx_HAL_Driver/Src/stm32l1xx_hal.o
                0x00000000200001f4                uwTickFreq
 .data.__sglue  0x00000000200001f8        0xc /opt/st/stm32cubeide_1.14.0/plugins/com.st.stm32cube.ide.mcu.externaltools.gnu-tools-for-stm32.11.3.rel1.linux64_1.1.100.202309141235/tools/bin/../lib/gcc/arm-none-eabi/11.3.1/../../../../arm-none-eabi/lib/thumb/v7-m/nofp/libc_nano.a(libc_a-findfp.o)
                0x00000000200001f8                __sglue
 .data._impure_data
                0x0000000020000204       0x4c /opt/st/stm32cubeide_1.14.0/plugins/com.st.stm32cube.ide.mcu.externaltools.gnu-tools-for-stm32.11.3.rel1.linux64_1.1.100.202309141235/tools/bin/../lib/gcc/arm-none-eabi/11.3.1/../../../../arm-none-eabi/lib/thumb/v7-m/nofp/libc_nano.a(libc_a-impure.o)
                0x0000000020000204                _impure_data
 .data._impure_ptr
                0x0000000020000250        0x4 /opt/st/stm32cubeide_1.14.0/plugins/com.st.stm32cube.ide.mcu.externaltools.gnu-tools-for-stm32.11.3.rel1.linux64_1.1.100.202309141235/tools/bin/../lib/gcc/arm-none-eabi/11.3.1/../../../../arm-none-eabi/lib/thumb/v7-m/nofp/libc_nano.a(libc_a-impure.o)
                0x0000000020000250                _impure_ptr
 *(.RamFunc)
 *(.RamFunc*)
                0x0000000020000254                . = ALIGN (0x4)
                0x0000000020000254                _edata = .

.igot.plt       0x0000000020000254        0x0 load address 0x0000000008006bc8
 .igot.plt      0x0000000020000254        0x0 /opt/st/stm32cubeide_1.14.0/plugins/com.st.stm32cube.ide.mcu.externaltools.gnu-tools-for-stm32.11.3.rel1.linux64_1.1.100.202309141235/tools/bin/../lib/gcc/arm-none-eabi/11.3.1/thumb/v7-m/nofp/crtbegin.o
                0x0000000020000254                . = ALIGN (0x4)

.bss            0x0000000020000254      0x268 load address 0x0000000008006bc8
                0x0000000020000254                _sbss = .
                0x0000000020000254                __bss_start__ = _sbss
 *(.bss)
 .bss           0x0000000020000254       0x1c /opt/st/stm32cubeide_1.14.0/plugins/com.st.stm32cube.ide.mcu.externaltools.gnu-tools-for-stm32.11.3.rel1.linux64_1.1.100.202309141235/tools/bin/../lib/gcc/arm-none-eabi/11.3.1/thumb/v7-m/nofp/crtbegin.o
 *(.bss*)
 .bss.huart2    0x0000000020000270       0x48 ./Core/Src/board.o
                0x0000000020000270                huart2
 .bss.g_mb_slave
                0x00000000200002b8        0x4 ./Core/Src/main.o
                0x00000000200002b8                g_mb_slave
 .bss.rx_buff   0x00000000200002bc        0x1 ./Core/Src/main.o
                0x00000000200002bc                rx_buff
 *fill*         0x00000000200002bd        0x3 
 .bss.mb_queue  0x00000000200002c0       0x84 ./Core/Src/main.o
                0x00000000200002c0                mb_queue
 .bss.g_slave_info
                0x0000000020000344       0x24 ./Core/Src/main.o
                0x0000000020000344                g_slave_info
 .bss.__sbrk_heap_end
                0x0000000020000368        0x4 ./Core/Src/sysmem.o
 .bss.uwTick    0x000000002000036c        0x4 ./Drivers/STM32L1xx_HAL_Driver/Src/stm32l1xx_hal.o
                0x000000002000036c                uwTick
 .bss.__malloc_free_list
                0x0000000020000370        0x4 /opt/st/stm32cubeide_1.14.0/plugins/com.st.stm32cube.ide.mcu.externaltools.gnu-tools-for-stm32.11.3.rel1.linux64_1.1.100.202309141235/tools/bin/../lib/gcc/arm-none-eabi/11.3.1/../../../../arm-none-eabi/lib/thumb/v7-m/nofp/libc_nano.a(libc_a-mallocr.o)
                0x0000000020000370                __malloc_free_list
 .bss.__malloc_sbrk_start
                0x0000000020000374        0x4 /opt/st/stm32cubeide_1.14.0/plugins/com.st.stm32cube.ide.mcu.externaltools.gnu-tools-for-stm32.11.3.rel1.linux64_1.1.100.202309141235/tools/bin/../lib/gcc/arm-none-eabi/11.3.1/../../../../arm-none-eabi/lib/thumb/v7-m/nofp/libc_nano.a(libc_a-mallocr.o)
                0x0000000020000374                __malloc_sbrk_start
 .bss.__sf      0x0000000020000378      0x138 /opt/st/stm32cubeide_1.14.0/plugins/com.st.stm32cube.ide.mcu.externaltools.gnu-tools-for-stm32.11.3.rel1.linux64_1.1.100.202309141235/tools/bin/../lib/gcc/arm-none-eabi/11.3.1/../../../../arm-none-eabi/lib/thumb/v7-m/nofp/libc_nano.a(libc_a-findfp.o)
                0x0000000020000378                __sf
 .bss.__stdio_exit_handler
                0x00000000200004b0        0x4 /opt/st/stm32cubeide_1.14.0/plugins/com.st.stm32cube.ide.mcu.externaltools.gnu-tools-for-stm32.11.3.rel1.linux64_1.1.100.202309141235/tools/bin/../lib/gcc/arm-none-eabi/11.3.1/../../../../arm-none-eabi/lib/thumb/v7-m/nofp/libc_nano.a(libc_a-findfp.o)
                0x00000000200004b0                __stdio_exit_handler
 .bss.errno     0x00000000200004b4        0x4 /opt/st/stm32cubeide_1.14.0/plugins/com.st.stm32cube.ide.mcu.externaltools.gnu-tools-for-stm32.11.3.rel1.linux64_1.1.100.202309141235/tools/bin/../lib/gcc/arm-none-eabi/11.3.1/../../../../arm-none-eabi/lib/thumb/v7-m/nofp/libc_nano.a(libc_a-reent.o)
                0x00000000200004b4                errno
 .bss.__lock___malloc_recursive_mutex
                0x00000000200004b8        0x1 /opt/st/stm32cubeide_1.14.0/plugins/com.st.stm32cube.ide.mcu.externaltools.gnu-tools-for-stm32.11.3.rel1.linux64_1.1.100.202309141235/tools/bin/../lib/gcc/arm-none-eabi/11.3.1/../../../../arm-none-eabi/lib/thumb/v7-m/nofp/libc_nano.a(libc_a-lock.o)
                0x00000000200004b8                __lock___malloc_recursive_mutex
 .bss.__lock___sfp_recursive_mutex
                0x00000000200004b9        0x1 /opt/st/stm32cubeide_1.14.0/plugins/com.st.stm32cube.ide.mcu.externaltools.gnu-tools-for-stm32.11.3.rel1.linux64_1.1.100.202309141235/tools/bin/../lib/gcc/arm-none-eabi/11.3.1/../../../../arm-none-eabi/lib/thumb/v7-m/nofp/libc_nano.a(libc_a-lock.o)
                0x00000000200004b9                __lock___sfp_recursive_mutex
 *(COMMON)
                0x00000000200004bc                . = ALIGN (0x4)
 *fill*         0x00000000200004ba        0x2 
                0x00000000200004bc                _ebss = .
                0x00000000200004bc                __bss_end__ = _ebss

._user_heap_stack
                0x00000000200004bc      0x604 load address 0x0000000008006bc8
                0x00000000200004c0                . = ALIGN (0x8)
 *fill*         0x00000000200004bc        0x4 
                [!provide]                        PROVIDE (end = .)
                0x00000000200004c0                PROVIDE (_end = .)
                0x00000000200006c0                . = (. + _Min_Heap_Size)
 *fill*         0x00000000200004c0      0x200 
                0x0000000020000ac0                . = (. + _Min_Stack_Size)
 *fill*         0x00000000200006c0      0x400 
                0x0000000020000ac0                . = ALIGN (0x8)

/DISCARD/
 libc.a(*)
 libm.a(*)
 libgcc.a(*)

.ARM.attributes
                0x0000000000000000       0x29
 *(.ARM.attributes)
 .ARM.attributes
                0x0000000000000000       0x1d /opt/st/stm32cubeide_1.14.0/plugins/com.st.stm32cube.ide.mcu.externaltools.gnu-tools-for-stm32.11.3.rel1.linux64_1.1.100.202309141235/tools/bin/../lib/gcc/arm-none-eabi/11.3.1/thumb/v7-m/nofp/crti.o
 .ARM.attributes
                0x000000000000001d       0x2d /opt/st/stm32cubeide_1.14.0/plugins/com.st.stm32cube.ide.mcu.externaltools.gnu-tools-for-stm32.11.3.rel1.linux64_1.1.100.202309141235/tools/bin/../lib/gcc/arm-none-eabi/11.3.1/thumb/v7-m/nofp/crtbegin.o
 .ARM.attributes
                0x000000000000004a       0x2d ./Core/Src/board.o
 .ARM.attributes
                0x0000000000000077       0x2d ./Core/Src/main.o
 .ARM.attributes
                0x00000000000000a4       0x2d ./Core/Src/stm32l1xx_hal_msp.o
 .ARM.attributes
                0x00000000000000d1       0x2d ./Core/Src/stm32l1xx_it.o
 .ARM.attributes
                0x00000000000000fe       0x2d ./Core/Src/syscalls.o
 .ARM.attributes
                0x000000000000012b       0x2d ./Core/Src/sysmem.o
 .ARM.attributes
                0x0000000000000158       0x2d ./Core/Src/system_stm32l1xx.o
 .ARM.attributes
                0x0000000000000185       0x21 ./Core/Startup/startup_stm32l152r8tx.o
 .ARM.attributes
                0x00000000000001a6       0x2d ./Core/common/modbus/mb_slave/sm_mb_slave_impl.o
 .ARM.attributes
                0x00000000000001d3       0x2d ./Core/libs/nanoModbus/nanomodbus.o
 .ARM.attributes
                0x0000000000000200       0x2d ./Core/utils/sm_logger.o
 .ARM.attributes
                0x000000000000022d       0x2d ./Drivers/STM32L1xx_HAL_Driver/Src/stm32l1xx_hal.o
 .ARM.attributes
                0x000000000000025a       0x2d ./Drivers/STM32L1xx_HAL_Driver/Src/stm32l1xx_hal_cortex.o
 .ARM.attributes
                0x0000000000000287       0x2d ./Drivers/STM32L1xx_HAL_Driver/Src/stm32l1xx_hal_dma.o
 .ARM.attributes
                0x00000000000002b4       0x2d ./Drivers/STM32L1xx_HAL_Driver/Src/stm32l1xx_hal_gpio.o
 .ARM.attributes
                0x00000000000002e1       0x2d ./Drivers/STM32L1xx_HAL_Driver/Src/stm32l1xx_hal_rcc.o
 .ARM.attributes
                0x000000000000030e       0x2d ./Drivers/STM32L1xx_HAL_Driver/Src/stm32l1xx_hal_uart.o
 .ARM.attributes
                0x000000000000033b       0x2d /opt/st/stm32cubeide_1.14.0/plugins/com.st.stm32cube.ide.mcu.externaltools.gnu-tools-for-stm32.11.3.rel1.linux64_1.1.100.202309141235/tools/bin/../lib/gcc/arm-none-eabi/11.3.1/../../../../arm-none-eabi/lib/thumb/v7-m/nofp/libc_nano.a(libc_a-mallocr.o)
 .ARM.attributes
                0x0000000000000368       0x2d /opt/st/stm32cubeide_1.14.0/plugins/com.st.stm32cube.ide.mcu.externaltools.gnu-tools-for-stm32.11.3.rel1.linux64_1.1.100.202309141235/tools/bin/../lib/gcc/arm-none-eabi/11.3.1/../../../../arm-none-eabi/lib/thumb/v7-m/nofp/libc_nano.a(libc_a-mlock.o)
 .ARM.attributes
                0x0000000000000395       0x2d /opt/st/stm32cubeide_1.14.0/plugins/com.st.stm32cube.ide.mcu.externaltools.gnu-tools-for-stm32.11.3.rel1.linux64_1.1.100.202309141235/tools/bin/../lib/gcc/arm-none-eabi/11.3.1/../../../../arm-none-eabi/lib/thumb/v7-m/nofp/libc_nano.a(libc_a-findfp.o)
 .ARM.attributes
                0x00000000000003c2       0x2d /opt/st/stm32cubeide_1.14.0/plugins/com.st.stm32cube.ide.mcu.externaltools.gnu-tools-for-stm32.11.3.rel1.linux64_1.1.100.202309141235/tools/bin/../lib/gcc/arm-none-eabi/11.3.1/../../../../arm-none-eabi/lib/thumb/v7-m/nofp/libc_nano.a(libc_a-fwalk.o)
 .ARM.attributes
                0x00000000000003ef       0x2d /opt/st/stm32cubeide_1.14.0/plugins/com.st.stm32cube.ide.mcu.externaltools.gnu-tools-for-stm32.11.3.rel1.linux64_1.1.100.202309141235/tools/bin/../lib/gcc/arm-none-eabi/11.3.1/../../../../arm-none-eabi/lib/thumb/v7-m/nofp/libc_nano.a(libc_a-puts.o)
 .ARM.attributes
                0x000000000000041c       0x2d /opt/st/stm32cubeide_1.14.0/plugins/com.st.stm32cube.ide.mcu.externaltools.gnu-tools-for-stm32.11.3.rel1.linux64_1.1.100.202309141235/tools/bin/../lib/gcc/arm-none-eabi/11.3.1/../../../../arm-none-eabi/lib/thumb/v7-m/nofp/libc_nano.a(libc_a-snprintf.o)
 .ARM.attributes
                0x0000000000000449       0x2d /opt/st/stm32cubeide_1.14.0/plugins/com.st.stm32cube.ide.mcu.externaltools.gnu-tools-for-stm32.11.3.rel1.linux64_1.1.100.202309141235/tools/bin/../lib/gcc/arm-none-eabi/11.3.1/../../../../arm-none-eabi/lib/thumb/v7-m/nofp/libc_nano.a(libc_a-stdio.o)
 .ARM.attributes
                0x0000000000000476       0x2d /opt/st/stm32cubeide_1.14.0/plugins/com.st.stm32cube.ide.mcu.externaltools.gnu-tools-for-stm32.11.3.rel1.linux64_1.1.100.202309141235/tools/bin/../lib/gcc/arm-none-eabi/11.3.1/../../../../arm-none-eabi/lib/thumb/v7-m/nofp/libc_nano.a(libc_a-vsnprintf.o)
 .ARM.attributes
                0x00000000000004a3       0x2d /opt/st/stm32cubeide_1.14.0/plugins/com.st.stm32cube.ide.mcu.externaltools.gnu-tools-for-stm32.11.3.rel1.linux64_1.1.100.202309141235/tools/bin/../lib/gcc/arm-none-eabi/11.3.1/../../../../arm-none-eabi/lib/thumb/v7-m/nofp/libc_nano.a(libc_a-wbuf.o)
 .ARM.attributes
                0x00000000000004d0       0x2d /opt/st/stm32cubeide_1.14.0/plugins/com.st.stm32cube.ide.mcu.externaltools.gnu-tools-for-stm32.11.3.rel1.linux64_1.1.100.202309141235/tools/bin/../lib/gcc/arm-none-eabi/11.3.1/../../../../arm-none-eabi/lib/thumb/v7-m/nofp/libc_nano.a(libc_a-wsetup.o)
 .ARM.attributes
                0x00000000000004fd       0x2d /opt/st/stm32cubeide_1.14.0/plugins/com.st.stm32cube.ide.mcu.externaltools.gnu-tools-for-stm32.11.3.rel1.linux64_1.1.100.202309141235/tools/bin/../lib/gcc/arm-none-eabi/11.3.1/../../../../arm-none-eabi/lib/thumb/v7-m/nofp/libc_nano.a(libc_a-memcmp.o)
 .ARM.attributes
                0x000000000000052a       0x2d /opt/st/stm32cubeide_1.14.0/plugins/com.st.stm32cube.ide.mcu.externaltools.gnu-tools-for-stm32.11.3.rel1.linux64_1.1.100.202309141235/tools/bin/../lib/gcc/arm-none-eabi/11.3.1/../../../../arm-none-eabi/lib/thumb/v7-m/nofp/libc_nano.a(libc_a-memset.o)
 .ARM.attributes
                0x0000000000000557       0x2d /opt/st/stm32cubeide_1.14.0/plugins/com.st.stm32cube.ide.mcu.externaltools.gnu-tools-for-stm32.11.3.rel1.linux64_1.1.100.202309141235/tools/bin/../lib/gcc/arm-none-eabi/11.3.1/../../../../arm-none-eabi/lib/thumb/v7-m/nofp/libc_nano.a(libc_a-closer.o)
 .ARM.attributes
                0x0000000000000584       0x2d /opt/st/stm32cubeide_1.14.0/plugins/com.st.stm32cube.ide.mcu.externaltools.gnu-tools-for-stm32.11.3.rel1.linux64_1.1.100.202309141235/tools/bin/../lib/gcc/arm-none-eabi/11.3.1/../../../../arm-none-eabi/lib/thumb/v7-m/nofp/libc_nano.a(libc_a-reent.o)
 .ARM.attributes
                0x00000000000005b1       0x2d /opt/st/stm32cubeide_1.14.0/plugins/com.st.stm32cube.ide.mcu.externaltools.gnu-tools-for-stm32.11.3.rel1.linux64_1.1.100.202309141235/tools/bin/../lib/gcc/arm-none-eabi/11.3.1/../../../../arm-none-eabi/lib/thumb/v7-m/nofp/libc_nano.a(libc_a-impure.o)
 .ARM.attributes
                0x00000000000005de       0x2d /opt/st/stm32cubeide_1.14.0/plugins/com.st.stm32cube.ide.mcu.externaltools.gnu-tools-for-stm32.11.3.rel1.linux64_1.1.100.202309141235/tools/bin/../lib/gcc/arm-none-eabi/11.3.1/../../../../arm-none-eabi/lib/thumb/v7-m/nofp/libc_nano.a(libc_a-lseekr.o)
 .ARM.attributes
                0x000000000000060b       0x2d /opt/st/stm32cubeide_1.14.0/plugins/com.st.stm32cube.ide.mcu.externaltools.gnu-tools-for-stm32.11.3.rel1.linux64_1.1.100.202309141235/tools/bin/../lib/gcc/arm-none-eabi/11.3.1/../../../../arm-none-eabi/lib/thumb/v7-m/nofp/libc_nano.a(libc_a-readr.o)
 .ARM.attributes
                0x0000000000000638       0x2d /opt/st/stm32cubeide_1.14.0/plugins/com.st.stm32cube.ide.mcu.externaltools.gnu-tools-for-stm32.11.3.rel1.linux64_1.1.100.202309141235/tools/bin/../lib/gcc/arm-none-eabi/11.3.1/../../../../arm-none-eabi/lib/thumb/v7-m/nofp/libc_nano.a(libc_a-sbrkr.o)
 .ARM.attributes
                0x0000000000000665       0x2d /opt/st/stm32cubeide_1.14.0/plugins/com.st.stm32cube.ide.mcu.externaltools.gnu-tools-for-stm32.11.3.rel1.linux64_1.1.100.202309141235/tools/bin/../lib/gcc/arm-none-eabi/11.3.1/../../../../arm-none-eabi/lib/thumb/v7-m/nofp/libc_nano.a(libc_a-writer.o)
 .ARM.attributes
                0x0000000000000692       0x2d /opt/st/stm32cubeide_1.14.0/plugins/com.st.stm32cube.ide.mcu.externaltools.gnu-tools-for-stm32.11.3.rel1.linux64_1.1.100.202309141235/tools/bin/../lib/gcc/arm-none-eabi/11.3.1/../../../../arm-none-eabi/lib/thumb/v7-m/nofp/libc_nano.a(libc_a-errno.o)
 .ARM.attributes
                0x00000000000006bf       0x2d /opt/st/stm32cubeide_1.14.0/plugins/com.st.stm32cube.ide.mcu.externaltools.gnu-tools-for-stm32.11.3.rel1.linux64_1.1.100.202309141235/tools/bin/../lib/gcc/arm-none-eabi/11.3.1/../../../../arm-none-eabi/lib/thumb/v7-m/nofp/libc_nano.a(libc_a-init.o)
 .ARM.attributes
                0x00000000000006ec       0x2d /opt/st/stm32cubeide_1.14.0/plugins/com.st.stm32cube.ide.mcu.externaltools.gnu-tools-for-stm32.11.3.rel1.linux64_1.1.100.202309141235/tools/bin/../lib/gcc/arm-none-eabi/11.3.1/../../../../arm-none-eabi/lib/thumb/v7-m/nofp/libc_nano.a(libc_a-lock.o)
 .ARM.attributes
                0x0000000000000719       0x2d /opt/st/stm32cubeide_1.14.0/plugins/com.st.stm32cube.ide.mcu.externaltools.gnu-tools-for-stm32.11.3.rel1.linux64_1.1.100.202309141235/tools/bin/../lib/gcc/arm-none-eabi/11.3.1/../../../../arm-none-eabi/lib/thumb/v7-m/nofp/libc_nano.a(libc_a-memcpy-stub.o)
 .ARM.attributes
                0x0000000000000746       0x2d /opt/st/stm32cubeide_1.14.0/plugins/com.st.stm32cube.ide.mcu.externaltools.gnu-tools-for-stm32.11.3.rel1.linux64_1.1.100.202309141235/tools/bin/../lib/gcc/arm-none-eabi/11.3.1/../../../../arm-none-eabi/lib/thumb/v7-m/nofp/libc_nano.a(libc_a-freer.o)
 .ARM.attributes
                0x0000000000000773       0x2d /opt/st/stm32cubeide_1.14.0/plugins/com.st.stm32cube.ide.mcu.externaltools.gnu-tools-for-stm32.11.3.rel1.linux64_1.1.100.202309141235/tools/bin/../lib/gcc/arm-none-eabi/11.3.1/../../../../arm-none-eabi/lib/thumb/v7-m/nofp/libc_nano.a(libc_a-nano-svfprintf.o)
 .ARM.attributes
                0x00000000000007a0       0x2d /opt/st/stm32cubeide_1.14.0/plugins/com.st.stm32cube.ide.mcu.externaltools.gnu-tools-for-stm32.11.3.rel1.linux64_1.1.100.202309141235/tools/bin/../lib/gcc/arm-none-eabi/11.3.1/../../../../arm-none-eabi/lib/thumb/v7-m/nofp/libc_nano.a(libc_a-nano-vfprintf_i.o)
 .ARM.attributes
                0x00000000000007cd       0x2d /opt/st/stm32cubeide_1.14.0/plugins/com.st.stm32cube.ide.mcu.externaltools.gnu-tools-for-stm32.11.3.rel1.linux64_1.1.100.202309141235/tools/bin/../lib/gcc/arm-none-eabi/11.3.1/../../../../arm-none-eabi/lib/thumb/v7-m/nofp/libc_nano.a(libc_a-fflush.o)
 .ARM.attributes
                0x00000000000007fa       0x2d /opt/st/stm32cubeide_1.14.0/plugins/com.st.stm32cube.ide.mcu.externaltools.gnu-tools-for-stm32.11.3.rel1.linux64_1.1.100.202309141235/tools/bin/../lib/gcc/arm-none-eabi/11.3.1/../../../../arm-none-eabi/lib/thumb/v7-m/nofp/libc_nano.a(libc_a-makebuf.o)
 .ARM.attributes
                0x0000000000000827       0x2d /opt/st/stm32cubeide_1.14.0/plugins/com.st.stm32cube.ide.mcu.externaltools.gnu-tools-for-stm32.11.3.rel1.linux64_1.1.100.202309141235/tools/bin/../lib/gcc/arm-none-eabi/11.3.1/../../../../arm-none-eabi/lib/thumb/v7-m/nofp/libc_nano.a(libc_a-memmove.o)
 .ARM.attributes
                0x0000000000000854       0x2d /opt/st/stm32cubeide_1.14.0/plugins/com.st.stm32cube.ide.mcu.externaltools.gnu-tools-for-stm32.11.3.rel1.linux64_1.1.100.202309141235/tools/bin/../lib/gcc/arm-none-eabi/11.3.1/../../../../arm-none-eabi/lib/thumb/v7-m/nofp/libc_nano.a(libc_a-fstatr.o)
 .ARM.attributes
                0x0000000000000881       0x2d /opt/st/stm32cubeide_1.14.0/plugins/com.st.stm32cube.ide.mcu.externaltools.gnu-tools-for-stm32.11.3.rel1.linux64_1.1.100.202309141235/tools/bin/../lib/gcc/arm-none-eabi/11.3.1/../../../../arm-none-eabi/lib/thumb/v7-m/nofp/libc_nano.a(libc_a-isattyr.o)
 .ARM.attributes
                0x00000000000008ae       0x2d /opt/st/stm32cubeide_1.14.0/plugins/com.st.stm32cube.ide.mcu.externaltools.gnu-tools-for-stm32.11.3.rel1.linux64_1.1.100.202309141235/tools/bin/../lib/gcc/arm-none-eabi/11.3.1/../../../../arm-none-eabi/lib/thumb/v7-m/nofp/libc_nano.a(libc_a-memchr-stub.o)
 .ARM.attributes
                0x00000000000008db       0x2d /opt/st/stm32cubeide_1.14.0/plugins/com.st.stm32cube.ide.mcu.externaltools.gnu-tools-for-stm32.11.3.rel1.linux64_1.1.100.202309141235/tools/bin/../lib/gcc/arm-none-eabi/11.3.1/../../../../arm-none-eabi/lib/thumb/v7-m/nofp/libc_nano.a(libc_a-reallocr.o)
 .ARM.attributes
                0x0000000000000908       0x2d /opt/st/stm32cubeide_1.14.0/plugins/com.st.stm32cube.ide.mcu.externaltools.gnu-tools-for-stm32.11.3.rel1.linux64_1.1.100.202309141235/tools/bin/../lib/gcc/arm-none-eabi/11.3.1/../../../../arm-none-eabi/lib/thumb/v7-m/nofp/libc_nano.a(libc_a-msizer.o)
 .ARM.attributes
                0x0000000000000935       0x1d /opt/st/stm32cubeide_1.14.0/plugins/com.st.stm32cube.ide.mcu.externaltools.gnu-tools-for-stm32.11.3.rel1.linux64_1.1.100.202309141235/tools/bin/../lib/gcc/arm-none-eabi/11.3.1/thumb/v7-m/nofp/libgcc.a(_aeabi_uldivmod.o)
 .ARM.attributes
                0x0000000000000952       0x2d /opt/st/stm32cubeide_1.14.0/plugins/com.st.stm32cube.ide.mcu.externaltools.gnu-tools-for-stm32.11.3.rel1.linux64_1.1.100.202309141235/tools/bin/../lib/gcc/arm-none-eabi/11.3.1/thumb/v7-m/nofp/libgcc.a(_udivmoddi4.o)
 .ARM.attributes
                0x000000000000097f       0x1d /opt/st/stm32cubeide_1.14.0/plugins/com.st.stm32cube.ide.mcu.externaltools.gnu-tools-for-stm32.11.3.rel1.linux64_1.1.100.202309141235/tools/bin/../lib/gcc/arm-none-eabi/11.3.1/thumb/v7-m/nofp/libgcc.a(_dvmd_tls.o)
 .ARM.attributes
                0x000000000000099c       0x1d /opt/st/stm32cubeide_1.14.0/plugins/com.st.stm32cube.ide.mcu.externaltools.gnu-tools-for-stm32.11.3.rel1.linux64_1.1.100.202309141235/tools/bin/../lib/gcc/arm-none-eabi/11.3.1/thumb/v7-m/nofp/crtn.o
OUTPUT(light_slave.elf elf32-littlearm)
LOAD linker stubs
LOAD /opt/st/stm32cubeide_1.14.0/plugins/com.st.stm32cube.ide.mcu.externaltools.gnu-tools-for-stm32.11.3.rel1.linux64_1.1.100.202309141235/tools/bin/../lib/gcc/arm-none-eabi/11.3.1/../../../../arm-none-eabi/lib/thumb/v7-m/nofp/libc.a
LOAD /opt/st/stm32cubeide_1.14.0/plugins/com.st.stm32cube.ide.mcu.externaltools.gnu-tools-for-stm32.11.3.rel1.linux64_1.1.100.202309141235/tools/bin/../lib/gcc/arm-none-eabi/11.3.1/../../../../arm-none-eabi/lib/thumb/v7-m/nofp/libm.a
LOAD /opt/st/stm32cubeide_1.14.0/plugins/com.st.stm32cube.ide.mcu.externaltools.gnu-tools-for-stm32.11.3.rel1.linux64_1.1.100.202309141235/tools/bin/../lib/gcc/arm-none-eabi/11.3.1/thumb/v7-m/nofp/libgcc.a

.comment        0x0000000000000000       0x43
 .comment       0x0000000000000000       0x43 /opt/st/stm32cubeide_1.14.0/plugins/com.st.stm32cube.ide.mcu.externaltools.gnu-tools-for-stm32.11.3.rel1.linux64_1.1.100.202309141235/tools/bin/../lib/gcc/arm-none-eabi/11.3.1/thumb/v7-m/nofp/crtbegin.o
                                         0x44 (size before relaxing)
 .comment       0x0000000000000043       0x44 ./Core/Src/board.o
 .comment       0x0000000000000043       0x44 ./Core/Src/main.o
 .comment       0x0000000000000043       0x44 ./Core/Src/stm32l1xx_hal_msp.o
 .comment       0x0000000000000043       0x44 ./Core/Src/stm32l1xx_it.o
 .comment       0x0000000000000043       0x44 ./Core/Src/syscalls.o
 .comment       0x0000000000000043       0x44 ./Core/Src/sysmem.o
 .comment       0x0000000000000043       0x44 ./Core/Src/system_stm32l1xx.o
 .comment       0x0000000000000043       0x44 ./Core/common/modbus/mb_slave/sm_mb_slave_impl.o
 .comment       0x0000000000000043       0x44 ./Core/libs/nanoModbus/nanomodbus.o
 .comment       0x0000000000000043       0x44 ./Core/utils/sm_logger.o
 .comment       0x0000000000000043       0x44 ./Drivers/STM32L1xx_HAL_Driver/Src/stm32l1xx_hal.o
 .comment       0x0000000000000043       0x44 ./Drivers/STM32L1xx_HAL_Driver/Src/stm32l1xx_hal_cortex.o
 .comment       0x0000000000000043       0x44 ./Drivers/STM32L1xx_HAL_Driver/Src/stm32l1xx_hal_dma.o
 .comment       0x0000000000000043       0x44 ./Drivers/STM32L1xx_HAL_Driver/Src/stm32l1xx_hal_gpio.o
 .comment       0x0000000000000043       0x44 ./Drivers/STM32L1xx_HAL_Driver/Src/stm32l1xx_hal_rcc.o
 .comment       0x0000000000000043       0x44 ./Drivers/STM32L1xx_HAL_Driver/Src/stm32l1xx_hal_uart.o

.debug_info     0x0000000000000000     0xbae9
 .debug_info    0x0000000000000000      0xf7d ./Core/Src/board.o
 .debug_info    0x0000000000000f7d      0xf8b ./Core/Src/main.o
 .debug_info    0x0000000000001f08      0x997 ./Core/Src/stm32l1xx_hal_msp.o
 .debug_info    0x000000000000289f       0xf8 ./Core/Src/stm32l1xx_it.o
 .debug_info    0x0000000000002997      0x6a3 ./Core/Src/syscalls.o
 .debug_info    0x000000000000303a      0x168 ./Core/Src/sysmem.o
 .debug_info    0x00000000000031a2      0x27c ./Core/Src/system_stm32l1xx.o
 .debug_info    0x000000000000341e       0x23 ./Core/Startup/startup_stm32l152r8tx.o
 .debug_info    0x0000000000003441      0xc13 ./Core/common/modbus/mb_slave/sm_mb_slave_impl.o
 .debug_info    0x0000000000004054     0x1ef6 ./Core/libs/nanoModbus/nanomodbus.o
 .debug_info    0x0000000000005f4a      0x30b ./Core/utils/sm_logger.o
 .debug_info    0x0000000000006255      0x6b3 ./Drivers/STM32L1xx_HAL_Driver/Src/stm32l1xx_hal.o
 .debug_info    0x0000000000006908      0xc74 ./Drivers/STM32L1xx_HAL_Driver/Src/stm32l1xx_hal_cortex.o
 .debug_info    0x000000000000757c      0x6dd ./Drivers/STM32L1xx_HAL_Driver/Src/stm32l1xx_hal_dma.o
 .debug_info    0x0000000000007c59      0x5a6 ./Drivers/STM32L1xx_HAL_Driver/Src/stm32l1xx_hal_gpio.o
 .debug_info    0x00000000000081ff      0x93b ./Drivers/STM32L1xx_HAL_Driver/Src/stm32l1xx_hal_rcc.o
 .debug_info    0x0000000000008b3a     0x2faf ./Drivers/STM32L1xx_HAL_Driver/Src/stm32l1xx_hal_uart.o

.debug_abbrev   0x0000000000000000     0x2251
 .debug_abbrev  0x0000000000000000      0x37e ./Core/Src/board.o
 .debug_abbrev  0x000000000000037e      0x307 ./Core/Src/main.o
 .debug_abbrev  0x0000000000000685      0x1b3 ./Core/Src/stm32l1xx_hal_msp.o
 .debug_abbrev  0x0000000000000838       0x47 ./Core/Src/stm32l1xx_it.o
 .debug_abbrev  0x000000000000087f      0x1b6 ./Core/Src/syscalls.o
 .debug_abbrev  0x0000000000000a35       0xbc ./Core/Src/sysmem.o
 .debug_abbrev  0x0000000000000af1      0x11c ./Core/Src/system_stm32l1xx.o
 .debug_abbrev  0x0000000000000c0d       0x12 ./Core/Startup/startup_stm32l152r8tx.o
 .debug_abbrev  0x0000000000000c1f      0x21d ./Core/common/modbus/mb_slave/sm_mb_slave_impl.o
 .debug_abbrev  0x0000000000000e3c      0x361 ./Core/libs/nanoModbus/nanomodbus.o
 .debug_abbrev  0x000000000000119d      0x1a9 ./Core/utils/sm_logger.o
 .debug_abbrev  0x0000000000001346      0x275 ./Drivers/STM32L1xx_HAL_Driver/Src/stm32l1xx_hal.o
 .debug_abbrev  0x00000000000015bb      0x327 ./Drivers/STM32L1xx_HAL_Driver/Src/stm32l1xx_hal_cortex.o
 .debug_abbrev  0x00000000000018e2      0x1dc ./Drivers/STM32L1xx_HAL_Driver/Src/stm32l1xx_hal_dma.o
 .debug_abbrev  0x0000000000001abe      0x1d4 ./Drivers/STM32L1xx_HAL_Driver/Src/stm32l1xx_hal_gpio.o
 .debug_abbrev  0x0000000000001c92      0x2b8 ./Drivers/STM32L1xx_HAL_Driver/Src/stm32l1xx_hal_rcc.o
 .debug_abbrev  0x0000000000001f4a      0x307 ./Drivers/STM32L1xx_HAL_Driver/Src/stm32l1xx_hal_uart.o

.debug_aranges  0x0000000000000000      0xae8
 .debug_aranges
                0x0000000000000000       0x80 ./Core/Src/board.o
 .debug_aranges
                0x0000000000000080       0x78 ./Core/Src/main.o
 .debug_aranges
                0x00000000000000f8       0x30 ./Core/Src/stm32l1xx_hal_msp.o
 .debug_aranges
                0x0000000000000128       0x58 ./Core/Src/stm32l1xx_it.o
 .debug_aranges
                0x0000000000000180       0xa8 ./Core/Src/syscalls.o
 .debug_aranges
                0x0000000000000228       0x20 ./Core/Src/sysmem.o
 .debug_aranges
                0x0000000000000248       0x28 ./Core/Src/system_stm32l1xx.o
 .debug_aranges
                0x0000000000000270       0x28 ./Core/Startup/startup_stm32l152r8tx.o
 .debug_aranges
                0x0000000000000298       0x68 ./Core/common/modbus/mb_slave/sm_mb_slave_impl.o
 .debug_aranges
                0x0000000000000300      0x240 ./Core/libs/nanoModbus/nanomodbus.o
 .debug_aranges
                0x0000000000000540       0x40 ./Core/utils/sm_logger.o
 .debug_aranges
                0x0000000000000580       0xe0 ./Drivers/STM32L1xx_HAL_Driver/Src/stm32l1xx_hal.o
 .debug_aranges
                0x0000000000000660      0x118 ./Drivers/STM32L1xx_HAL_Driver/Src/stm32l1xx_hal_cortex.o
 .debug_aranges
                0x0000000000000778       0x80 ./Drivers/STM32L1xx_HAL_Driver/Src/stm32l1xx_hal_dma.o
 .debug_aranges
                0x00000000000007f8       0x58 ./Drivers/STM32L1xx_HAL_Driver/Src/stm32l1xx_hal_gpio.o
 .debug_aranges
                0x0000000000000850       0x90 ./Drivers/STM32L1xx_HAL_Driver/Src/stm32l1xx_hal_rcc.o
 .debug_aranges
                0x00000000000008e0      0x208 ./Drivers/STM32L1xx_HAL_Driver/Src/stm32l1xx_hal_uart.o

.debug_rnglists
                0x0000000000000000      0x84b
 .debug_rnglists
                0x0000000000000000       0x5d ./Core/Src/board.o
 .debug_rnglists
                0x000000000000005d       0x56 ./Core/Src/main.o
 .debug_rnglists
                0x00000000000000b3       0x20 ./Core/Src/stm32l1xx_hal_msp.o
 .debug_rnglists
                0x00000000000000d3       0x3d ./Core/Src/stm32l1xx_it.o
 .debug_rnglists
                0x0000000000000110       0x79 ./Core/Src/syscalls.o
 .debug_rnglists
                0x0000000000000189       0x13 ./Core/Src/sysmem.o
 .debug_rnglists
                0x000000000000019c       0x1a ./Core/Src/system_stm32l1xx.o
 .debug_rnglists
                0x00000000000001b6       0x19 ./Core/Startup/startup_stm32l152r8tx.o
 .debug_rnglists
                0x00000000000001cf       0x4a ./Core/common/modbus/mb_slave/sm_mb_slave_impl.o
 .debug_rnglists
                0x0000000000000219      0x1c9 ./Core/libs/nanoModbus/nanomodbus.o
 .debug_rnglists
                0x00000000000003e2       0x2c ./Core/utils/sm_logger.o
 .debug_rnglists
                0x000000000000040e       0xa3 ./Drivers/STM32L1xx_HAL_Driver/Src/stm32l1xx_hal.o
 .debug_rnglists
                0x00000000000004b1       0xce ./Drivers/STM32L1xx_HAL_Driver/Src/stm32l1xx_hal_cortex.o
 .debug_rnglists
                0x000000000000057f       0x64 ./Drivers/STM32L1xx_HAL_Driver/Src/stm32l1xx_hal_dma.o
 .debug_rnglists
                0x00000000000005e3       0x3f ./Drivers/STM32L1xx_HAL_Driver/Src/stm32l1xx_hal_gpio.o
 .debug_rnglists
                0x0000000000000622       0x6d ./Drivers/STM32L1xx_HAL_Driver/Src/stm32l1xx_hal_rcc.o
 .debug_rnglists
                0x000000000000068f      0x1bc ./Drivers/STM32L1xx_HAL_Driver/Src/stm32l1xx_hal_uart.o

.debug_macro    0x0000000000000000    0x14cd1
 .debug_macro   0x0000000000000000      0x1b4 ./Core/Src/board.o
 .debug_macro   0x00000000000001b4      0xa9c ./Core/Src/board.o
 .debug_macro   0x0000000000000c50      0x109 ./Core/Src/board.o
 .debug_macro   0x0000000000000d59       0x2e ./Core/Src/board.o
 .debug_macro   0x0000000000000d87       0x22 ./Core/Src/board.o
 .debug_macro   0x0000000000000da9       0x22 ./Core/Src/board.o
 .debug_macro   0x0000000000000dcb       0x8e ./Core/Src/board.o
 .debug_macro   0x0000000000000e59       0x51 ./Core/Src/board.o
 .debug_macro   0x0000000000000eaa      0x103 ./Core/Src/board.o
 .debug_macro   0x0000000000000fad       0x6a ./Core/Src/board.o
 .debug_macro   0x0000000000001017      0x1df ./Core/Src/board.o
 .debug_macro   0x00000000000011f6       0x1c ./Core/Src/board.o
 .debug_macro   0x0000000000001212       0x22 ./Core/Src/board.o
 .debug_macro   0x0000000000001234       0xbd ./Core/Src/board.o
 .debug_macro   0x00000000000012f1      0xe49 ./Core/Src/board.o
 .debug_macro   0x000000000000213a      0x11f ./Core/Src/board.o
 .debug_macro   0x0000000000002259     0x9c18 ./Core/Src/board.o
 .debug_macro   0x000000000000be71       0x6d ./Core/Src/board.o
 .debug_macro   0x000000000000bede     0x34cc ./Core/Src/board.o
 .debug_macro   0x000000000000f3aa      0x174 ./Core/Src/board.o
 .debug_macro   0x000000000000f51e       0x5b ./Core/Src/board.o
 .debug_macro   0x000000000000f579      0xe37 ./Core/Src/board.o
 .debug_macro   0x00000000000103b0       0xbd ./Core/Src/board.o
 .debug_macro   0x000000000001046d      0x1b8 ./Core/Src/board.o
 .debug_macro   0x0000000000010625       0xad ./Core/Src/board.o
 .debug_macro   0x00000000000106d2      0x21e ./Core/Src/board.o
 .debug_macro   0x00000000000108f0      0x236 ./Core/Src/board.o
 .debug_macro   0x0000000000010b26      0x10e ./Core/Src/board.o
 .debug_macro   0x0000000000010c34      0x281 ./Core/Src/board.o
 .debug_macro   0x0000000000010eb5      0x1e9 ./Core/Src/board.o
 .debug_macro   0x000000000001109e       0x22 ./Core/Src/board.o
 .debug_macro   0x00000000000110c0      0x2aa ./Core/Src/board.o
 .debug_macro   0x000000000001136a      0x15c ./Core/Src/board.o
 .debug_macro   0x00000000000114c6      0x3ce ./Core/Src/board.o
 .debug_macro   0x0000000000011894       0x16 ./Core/Src/board.o
 .debug_macro   0x00000000000118aa      0x2fa ./Core/Src/main.o
 .debug_macro   0x0000000000011ba4       0x61 ./Core/Src/main.o
 .debug_macro   0x0000000000011c05       0x24 ./Core/Src/main.o
 .debug_macro   0x0000000000011c29       0x43 ./Core/Src/main.o
 .debug_macro   0x0000000000011c6c       0x34 ./Core/Src/main.o
 .debug_macro   0x0000000000011ca0       0x16 ./Core/Src/main.o
 .debug_macro   0x0000000000011cb6       0x35 ./Core/Src/main.o
 .debug_macro   0x0000000000011ceb      0x369 ./Core/Src/main.o
 .debug_macro   0x0000000000012054       0x10 ./Core/Src/main.o
 .debug_macro   0x0000000000012064       0x16 ./Core/Src/main.o
 .debug_macro   0x000000000001207a       0x43 ./Core/Src/main.o
 .debug_macro   0x00000000000120bd       0x34 ./Core/Src/main.o
 .debug_macro   0x00000000000120f1       0x10 ./Core/Src/main.o
 .debug_macro   0x0000000000012101       0x58 ./Core/Src/main.o
 .debug_macro   0x0000000000012159       0x8e ./Core/Src/main.o
 .debug_macro   0x00000000000121e7       0x1c ./Core/Src/main.o
 .debug_macro   0x0000000000012203      0x177 ./Core/Src/main.o
 .debug_macro   0x000000000001237a       0x16 ./Core/Src/main.o
 .debug_macro   0x0000000000012390       0x16 ./Core/Src/main.o
 .debug_macro   0x00000000000123a6      0x147 ./Core/Src/main.o
 .debug_macro   0x00000000000124ed       0x1c ./Core/Src/main.o
 .debug_macro   0x0000000000012509       0x2e ./Core/Src/main.o
 .debug_macro   0x0000000000012537       0x22 ./Core/Src/main.o
 .debug_macro   0x0000000000012559       0x3a ./Core/Src/main.o
 .debug_macro   0x0000000000012593       0x1c ./Core/Src/main.o
 .debug_macro   0x00000000000125af       0x16 ./Core/Src/main.o
 .debug_macro   0x00000000000125c5       0x20 ./Core/Src/main.o
 .debug_macro   0x00000000000125e5      0x1a5 ./Core/Src/stm32l1xx_hal_msp.o
 .debug_macro   0x000000000001278a      0x1af ./Core/Src/stm32l1xx_it.o
 .debug_macro   0x0000000000012939      0x274 ./Core/Src/syscalls.o
 .debug_macro   0x0000000000012bad       0x5b ./Core/Src/syscalls.o
 .debug_macro   0x0000000000012c08       0x94 ./Core/Src/syscalls.o
 .debug_macro   0x0000000000012c9c       0x57 ./Core/Src/syscalls.o
 .debug_macro   0x0000000000012cf3       0x10 ./Core/Src/syscalls.o
 .debug_macro   0x0000000000012d03       0x10 ./Core/Src/syscalls.o
 .debug_macro   0x0000000000012d13       0x10 ./Core/Src/syscalls.o
 .debug_macro   0x0000000000012d23       0x10 ./Core/Src/syscalls.o
 .debug_macro   0x0000000000012d33       0x1c ./Core/Src/syscalls.o
 .debug_macro   0x0000000000012d4f       0x52 ./Core/Src/syscalls.o
 .debug_macro   0x0000000000012da1       0x22 ./Core/Src/syscalls.o
 .debug_macro   0x0000000000012dc3       0x10 ./Core/Src/syscalls.o
 .debug_macro   0x0000000000012dd3       0x52 ./Core/Src/syscalls.o
 .debug_macro   0x0000000000012e25       0xcf ./Core/Src/syscalls.o
 .debug_macro   0x0000000000012ef4       0x1c ./Core/Src/syscalls.o
 .debug_macro   0x0000000000012f10       0x3d ./Core/Src/syscalls.o
 .debug_macro   0x0000000000012f4d       0x35 ./Core/Src/syscalls.o
 .debug_macro   0x0000000000012f82      0x12c ./Core/Src/syscalls.o
 .debug_macro   0x00000000000130ae       0x16 ./Core/Src/syscalls.o
 .debug_macro   0x00000000000130c4       0x16 ./Core/Src/syscalls.o
 .debug_macro   0x00000000000130da       0x29 ./Core/Src/syscalls.o
 .debug_macro   0x0000000000013103       0x10 ./Core/Src/syscalls.o
 .debug_macro   0x0000000000013113      0x242 ./Core/Src/syscalls.o
 .debug_macro   0x0000000000013355       0x1c ./Core/Src/syscalls.o
 .debug_macro   0x0000000000013371       0x10 ./Core/Src/syscalls.o
 .debug_macro   0x0000000000013381      0x18a ./Core/Src/syscalls.o
 .debug_macro   0x000000000001350b       0x16 ./Core/Src/syscalls.o