Archive member included to satisfy reference by file (symbol)

/opt/st/stm32cubeide_1.14.0/plugins/com.st.stm32cube.ide.mcu.externaltools.gnu-tools-for-stm32.11.3.rel1.linux64_1.1.100.202309141235/tools/bin/../lib/gcc/arm-none-eabi/11.3.1/../../../../arm-none-eabi/lib/thumb/v7-m/nofp/libc_nano.a(libc_a-exit.o)
                              /opt/st/stm32cubeide_1.14.0/plugins/com.st.stm32cube.ide.mcu.externaltools.gnu-tools-for-stm32.11.3.rel1.linux64_1.1.100.202309141235/tools/bin/../lib/gcc/arm-none-eabi/11.3.1/../../../../arm-none-eabi/lib/thumb/v7-m/nofp/crt0.o (exit)
/opt/st/stm32cubeide_1.14.0/plugins/com.st.stm32cube.ide.mcu.externaltools.gnu-tools-for-stm32.11.3.rel1.linux64_1.1.100.202309141235/tools/bin/../lib/gcc/arm-none-eabi/11.3.1/../../../../arm-none-eabi/lib/thumb/v7-m/nofp/libc_nano.a(libc_a-malloc.o)
                              ./User/services/modbus/mb_master/sm_mb_master_impl.o (malloc)
/opt/st/stm32cubeide_1.14.0/plugins/com.st.stm32cube.ide.mcu.externaltools.gnu-tools-for-stm32.11.3.rel1.linux64_1.1.100.202309141235/tools/bin/../lib/gcc/arm-none-eabi/11.3.1/../../../../arm-none-eabi/lib/thumb/v7-m/nofp/libc_nano.a(libc_a-mallocr.o)
                              /opt/st/stm32cubeide_1.14.0/plugins/com.st.stm32cube.ide.mcu.externaltools.gnu-tools-for-stm32.11.3.rel1.linux64_1.1.100.202309141235/tools/bin/../lib/gcc/arm-none-eabi/11.3.1/../../../../arm-none-eabi/lib/thumb/v7-m/nofp/libc_nano.a(libc_a-malloc.o) (_malloc_r)
/opt/st/stm32cubeide_1.14.0/plugins/com.st.stm32cube.ide.mcu.externaltools.gnu-tools-for-stm32.11.3.rel1.linux64_1.1.100.202309141235/tools/bin/../lib/gcc/arm-none-eabi/11.3.1/../../../../arm-none-eabi/lib/thumb/v7-m/nofp/libc_nano.a(libc_a-mlock.o)
                              /opt/st/stm32cubeide_1.14.0/plugins/com.st.stm32cube.ide.mcu.externaltools.gnu-tools-for-stm32.11.3.rel1.linux64_1.1.100.202309141235/tools/bin/../lib/gcc/arm-none-eabi/11.3.1/../../../../arm-none-eabi/lib/thumb/v7-m/nofp/libc_nano.a(libc_a-mallocr.o) (__malloc_lock)
/opt/st/stm32cubeide_1.14.0/plugins/com.st.stm32cube.ide.mcu.externaltools.gnu-tools-for-stm32.11.3.rel1.linux64_1.1.100.202309141235/tools/bin/../lib/gcc/arm-none-eabi/11.3.1/../../../../arm-none-eabi/lib/thumb/v7-m/nofp/libc_nano.a(libc_a-findfp.o)
                              /opt/st/stm32cubeide_1.14.0/plugins/com.st.stm32cube.ide.mcu.externaltools.gnu-tools-for-stm32.11.3.rel1.linux64_1.1.100.202309141235/tools/bin/../lib/gcc/arm-none-eabi/11.3.1/../../../../arm-none-eabi/lib/thumb/v7-m/nofp/libc_nano.a(libc_a-exit.o) (__stdio_exit_handler)
/opt/st/stm32cubeide_1.14.0/plugins/com.st.stm32cube.ide.mcu.externaltools.gnu-tools-for-stm32.11.3.rel1.linux64_1.1.100.202309141235/tools/bin/../lib/gcc/arm-none-eabi/11.3.1/../../../../arm-none-eabi/lib/thumb/v7-m/nofp/libc_nano.a(libc_a-fwalk.o)
                              /opt/st/stm32cubeide_1.14.0/plugins/com.st.stm32cube.ide.mcu.externaltools.gnu-tools-for-stm32.11.3.rel1.linux64_1.1.100.202309141235/tools/bin/../lib/gcc/arm-none-eabi/11.3.1/../../../../arm-none-eabi/lib/thumb/v7-m/nofp/libc_nano.a(libc_a-findfp.o) (_fwalk_sglue)
/opt/st/stm32cubeide_1.14.0/plugins/com.st.stm32cube.ide.mcu.externaltools.gnu-tools-for-stm32.11.3.rel1.linux64_1.1.100.202309141235/tools/bin/../lib/gcc/arm-none-eabi/11.3.1/../../../../arm-none-eabi/lib/thumb/v7-m/nofp/libc_nano.a(libc_a-snprintf.o)
                              ./User/utils/sm_logger.o (snprintf)
/opt/st/stm32cubeide_1.14.0/plugins/com.st.stm32cube.ide.mcu.externaltools.gnu-tools-for-stm32.11.3.rel1.linux64_1.1.100.202309141235/tools/bin/../lib/gcc/arm-none-eabi/11.3.1/../../../../arm-none-eabi/lib/thumb/v7-m/nofp/libc_nano.a(libc_a-stdio.o)
                              /opt/st/stm32cubeide_1.14.0/plugins/com.st.stm32cube.ide.mcu.externaltools.gnu-tools-for-stm32.11.3.rel1.linux64_1.1.100.202309141235/tools/bin/../lib/gcc/arm-none-eabi/11.3.1/../../../../arm-none-eabi/lib/thumb/v7-m/nofp/libc_nano.a(libc_a-findfp.o) (__sread)
/opt/st/stm32cubeide_1.14.0/plugins/com.st.stm32cube.ide.mcu.externaltools.gnu-tools-for-stm32.11.3.rel1.linux64_1.1.100.202309141235/tools/bin/../lib/gcc/arm-none-eabi/11.3.1/../../../../arm-none-eabi/lib/thumb/v7-m/nofp/libc_nano.a(libc_a-vsnprintf.o)
                              ./User/utils/sm_logger.o (vsnprintf)
/opt/st/stm32cubeide_1.14.0/plugins/com.st.stm32cube.ide.mcu.externaltools.gnu-tools-for-stm32.11.3.rel1.linux64_1.1.100.202309141235/tools/bin/../lib/gcc/arm-none-eabi/11.3.1/../../../../arm-none-eabi/lib/thumb/v7-m/nofp/libc_nano.a(libc_a-memcmp.o)
                              ./User/libs/nanoModbus/nanomodbus.o (memcmp)
/opt/st/stm32cubeide_1.14.0/plugins/com.st.stm32cube.ide.mcu.externaltools.gnu-tools-for-stm32.11.3.rel1.linux64_1.1.100.202309141235/tools/bin/../lib/gcc/arm-none-eabi/11.3.1/../../../../arm-none-eabi/lib/thumb/v7-m/nofp/libc_nano.a(libc_a-memset.o)
[...]
Memory Configuration

Name             Origin             Length             Attributes
RAM              0x0000000020000000 0x0000000000005000 xrw
FLASH            0x0000000008000000 0x0000000000010000 xr
*default*        0x0000000000000000 0xffffffffffffffff

Linker script and memory map

LOAD /opt/st/stm32cubeide_1.14.0/plugins/com.st.stm32cube.ide.mcu.externaltools.gnu-tools-for-stm32.11.3.rel1.linux64_1.1.100.202309141235/tools/bin/../lib/gcc/arm-none-eabi/11.3.1/thumb/v7-m/nofp/crti.o
LOAD /opt/st/stm32cubeide_1.14.0/plugins/com.st.stm32cube.ide.mcu.externaltools.gnu-tools-for-stm32.11.3.rel1.linux64_1.1.100.202309141235/tools/bin/../lib/gcc/arm-none-eabi/11.3.1/thumb/v7-m/nofp/crtbegin.o
LOAD /opt/st/stm32cubeide_1.14.0/plugins/com.st.stm32cube.ide.mcu.externaltools.gnu-tools-for-stm32.11.3.rel1.linux64_1.1.100.202309141235/tools/bin/../lib/gcc/arm-none-eabi/11.3.1/../../../../arm-none-eabi/lib/thumb/v7-m/nofp/crt0.o
LOAD ./Core/Src/main.o
LOAD ./Core/Src/stm32f1xx_hal_msp.o
LOAD ./Core/Src/stm32f1xx_it.o
LOAD ./Core/Src/syscalls.o
LOAD ./Core/Src/sysmem.o
LOAD ./Core/Src/system_stm32f1xx.o
LOAD ./Core/Startup/startup_stm32f103c8tx.o
LOAD ./Drivers/STM32F1xx_HAL_Driver/Src/stm32f1xx_hal.o
LOAD ./Drivers/STM32F1xx_HAL_Driver/Src/stm32f1xx_hal_adc.o
LOAD ./Drivers/STM32F1xx_HAL_Driver/Src/stm32f1xx_hal_adc_ex.o
LOAD ./Drivers/STM32F1xx_HAL_Driver/Src/stm32f1xx_hal_cortex.o
LOAD ./Drivers/STM32F1xx_HAL_Driver/Src/stm32f1xx_hal_dma.o
LOAD ./Drivers/STM32F1xx_HAL_Driver/Src/stm32f1xx_hal_exti.o
LOAD ./Drivers/STM32F1xx_HAL_Driver/Src/stm32f1xx_hal_flash.o
LOAD ./Drivers/STM32F1xx_HAL_Driver/Src/stm32f1xx_hal_flash_ex.o
LOAD ./Drivers/STM32F1xx_HAL_Driver/Src/stm32f1xx_hal_gpio.o
LOAD ./Drivers/STM32F1xx_HAL_Driver/Src/stm32f1xx_hal_gpio_ex.o
LOAD ./Drivers/STM32F1xx_HAL_Driver/Src/stm32f1xx_hal_i2c.o
LOAD ./Drivers/STM32F1xx_HAL_Driver/Src/stm32f1xx_hal_pcd.o
LOAD ./Drivers/STM32F1xx_HAL_Driver/Src/stm32f1xx_hal_pcd_ex.o
LOAD ./Drivers/STM32F1xx_HAL_Driver/Src/stm32f1xx_hal_pwr.o
LOAD ./Drivers/STM32F1xx_HAL_Driver/Src/stm32f1xx_hal_rcc.o
LOAD ./Drivers/STM32F1xx_HAL_Driver/Src/stm32f1xx_hal_rcc_ex.o
LOAD ./Drivers/STM32F1xx_HAL_Driver/Src/stm32f1xx_hal_spi.o
LOAD ./Drivers/STM32F1xx_HAL_Driver/Src/stm32f1xx_hal_tim.o
LOAD ./Drivers/STM32F1xx_HAL_Driver/Src/stm32f1xx_hal_tim_ex.o
LOAD ./Drivers/STM32F1xx_HAL_Driver/Src/stm32f1xx_hal_uart.o
LOAD ./Drivers/STM32F1xx_HAL_Driver/Src/stm32f1xx_ll_usb.o
LOAD ./Middlewares/ST/STM32_USB_Device_Library/Class/CDC/Src/usbd_cdc.o
LOAD ./Middlewares/ST/STM32_USB_Device_Library/Core/Src/usbd_core.o
LOAD ./Middlewares/ST/STM32_USB_Device_Library/Core/Src/usbd_ctlreq.o
LOAD ./Middlewares/ST/STM32_USB_Device_Library/Core/Src/usbd_ioreq.o
LOAD ./USB_DEVICE/App/usb_device.o
LOAD ./USB_DEVICE/App/usbd_cdc_if.o
LOAD ./USB_DEVICE/App/usbd_desc.o
LOAD ./USB_DEVICE/Target/usbd_conf.o
LOAD ./User/drivers/lora/LoRa.o
LOAD ./User/libs/nanoModbus/nanomodbus.o
LOAD ./User/main_app.o
LOAD ./User/services/modbus/mb_master/sm_mb_master_impl.o
LOAD ./User/services/modbus/mb_slave/sm_mb_slave_impl.o
LOAD ./User/services/sv_lora/sv_lora.o
LOAD ./User/utils/sm_logger.o
START GROUP
LOAD /opt/st/stm32cubeide_1.14.0/plugins/com.st.stm32cube.ide.mcu.externaltools.gnu-tools-for-stm32.11.3.rel1.linux64_1.1.100.202309141235/tools/bin/../lib/gcc/arm-none-eabi/11.3.1/../../../../arm-none-eabi/lib/thumb/v7-m/nofp/libc_nano.a
LOAD /opt/st/stm32cubeide_1.14.0/plugins/com.st.stm32cube.ide.mcu.externaltools.gnu-tools-for-stm32.11.3.rel1.linux64_1.1.100.202309141235/tools/bin/../lib/gcc/arm-none-eabi/11.3.1/../../../../arm-none-eabi/lib/thumb/v7-m/nofp/libm.a
END GROUP
START GROUP
LOAD /opt/st/stm32cubeide_1.14.0/plugins/com.st.stm32cube.ide.mcu.externaltools.gnu-tools-for-stm32.11.3.rel1.linux64_1.1.100.202309141235/tools/bin/../lib/gcc/arm-none-eabi/11.3.1/thumb/v7-m/nofp/libgcc.a
LOAD /opt/st/stm32cubeide_1.14.0/plugins/com.st.stm32cube.ide.mcu.externaltools.gnu-tools-for-stm32.11.3.rel1.linux64_1.1.100.202309141235/tools/bin/../lib/gcc/arm-none-eabi/11.3.1/../../../../arm-none-eabi/lib/thumb/v7-m/nofp/libc_nano.a
END GROUP
START GROUP
LOAD /opt/st/stm32cubeide_1.14.0/plugins/com.st.stm32cube.ide.mcu.externaltools.gnu-tools-for-stm32.11.3.rel1.linux64_1.1.100.202309141235/tools/bin/../lib/gcc/arm-none-eabi/11.3.1/thumb/v7-m/nofp/libgcc.a
LOAD /opt/st/stm32cubeide_1.14.0/plugins/com.st.stm32cube.ide.mcu.externaltools.gnu-tools-for-stm32.11.3.rel1.linux64_1.1.100.202309141235/tools/bin/../lib/gcc/arm-none-eabi/11.3.1/../../../../arm-none-eabi/lib/thumb/v7-m/nofp/libc_nano.a
LOAD /opt/st/stm32cubeide_1.14.0/plugins/com.st.stm32cube.ide.mcu.externaltools.gnu-tools-for-stm32.11.3.rel1.linux64_1.1.100.202309141235/tools/bin/../lib/gcc/arm-none-eabi/11.3.1/../../../../arm-none-eabi/lib/thumb/v7-m/nofp/libnosys.a
END GROUP
START GROUP
LOAD /opt/st/stm32cubeide_1.14.0/plugins/com.st.stm32cube.ide.mcu.externaltools.gnu-tools-for-stm32.11.3.rel1.linux64_1.1.100.202309141235/tools/bin/../lib/gcc/arm-none-eabi/11.3.1/thumb/v7-m/nofp/libgcc.a
LOAD /opt/st/stm32cubeide_1.14.0/plugins/com.st.stm32cube.ide.mcu.externaltools.gnu-tools-for-stm32.11.3.rel1.linux64_1.1.100.202309141235/tools/bin/../lib/gcc/arm-none-eabi/11.3.1/../../../../arm-none-eabi/lib/thumb/v7-m/nofp/libc_nano.a
LOAD /opt/st/stm32cubeide_1.14.0/plugins/com.st.stm32cube.ide.mcu.externaltools.gnu-tools-for-stm32.11.3.rel1.linux64_1.1.100.202309141235/tools/bin/../lib/gcc/arm-none-eabi/11.3.1/../../../../arm-none-eabi/lib/thumb/v7-m/nofp/libnosys.a
END GROUP
LOAD /opt/st/stm32cubeide_1.14.0/plugins/com.st.stm32cube.ide.mcu.externaltools.gnu-tools-for-stm32.11.3.rel1.linux64_1.1.100.202309141235/tools/bin/../lib/gcc/arm-none-eabi/11.3.1/thumb/v7-m/nofp/crtend.o
LOAD /opt/st/stm32cubeide_1.14.0/plugins/com.st.stm32cube.ide.mcu.externaltools.gnu-tools-for-stm32.11.3.rel1.linux64_1.1.100.202309141235/tools/bin/../lib/gcc/arm-none-eabi/11.3.1/thumb/v7-m/nofp/crtn.o
                0x0000000020005000                _estack = (ORIGIN (RAM) + LENGTH (RAM))
                0x0000000000000200                _Min_Heap_Size = 0x200
                0x0000000000000400                _Min_Stack_Size = 0x400

.isr_vector     0x0000000008000000      0x10c
                0x0000000008000000                . = ALIGN (0x4)
 *(.isr_vector)
 .isr_vector    0x0000000008000000      0x10c ./Core/Startup/startup_stm32f103c8tx.o
                0x0000000008000000                g_pfnVectors
                0x000000000800010c                . = ALIGN (0x4)

.text           0x000000000800010c     0x9be4
                0x000000000800010c                . = ALIGN (0x4)
 *(.text)
 .text          0x000000000800010c       0x40 /opt/st/stm32cubeide_1.14.0/plugins/com.st.stm32cube.ide.mcu.externaltools.gnu-tools-for-stm32.11.3.rel1.linux64_1.1.100.202309141235/tools/bin/../lib/gcc/arm-none-eabi/11.3.1/thumb/v7-m/nofp/crtbegin.o
 .text          0x000000000800014c       0x10 /opt/st/stm32cubeide_1.14.0/plugins/com.st.stm32cube.ide.mcu.externaltools.gnu-tools-for-stm32.11.3.rel1.linux64_1.1.100.202309141235/tools/bin/../lib/gcc/arm-none-eabi/11.3.1/../../../../arm-none-eabi/lib/thumb/v7-m/nofp/libc_nano.a(libc_a-strlen.o)
                0x000000000800014c                strlen
 .text          0x000000000800015c      0x378 /opt/st/stm32cubeide_1.14.0/plugins/com.st.stm32cube.ide.mcu.externaltools.gnu-tools-for-stm32.11.3.rel1.linux64_1.1.100.202309141235/tools/bin/../lib/gcc/arm-none-eabi/11.3.1/thumb/v7-m/nofp/libgcc.a(_arm_addsubdf3.o)
                0x000000000800015c                __aeabi_drsub
                0x0000000008000164                __aeabi_dsub
                0x0000000008000164                __subdf3
                0x0000000008000168                __adddf3
                0x0000000008000168                __aeabi_dadd
                0x00000000080003e0                __aeabi_ui2d
                0x00000000080003e0                __floatunsidf
                0x0000000008000400                __floatsidf
                0x0000000008000400                __aeabi_i2d
                0x0000000008000424                __extendsfdf2
                0x0000000008000424                __aeabi_f2d
                0x0000000008000468                __aeabi_ul2d
                0x0000000008000468                __floatundidf
                0x0000000008000478                __floatdidf
                0x0000000008000478                __aeabi_l2d
 .text          0x00000000080004d4      0x424 /opt/st/stm32cubeide_1.14.0/plugins/com.st.stm32cube.ide.mcu.externaltools.gnu-tools-for-stm32.11.3.rel1.linux64_1.1.100.202309141235/tools/bin/../lib/gcc/arm-none-eabi/11.3.1/thumb/v7-m/nofp/libgcc.a(_arm_muldivdf3.o)
                0x00000000080004d4                __aeabi_dmul
                0x00000000080004d4                __muldf3
                0x0000000008000728                __aeabi_ddiv
                0x0000000008000728                __divdf3
 .text          0x00000000080008f8       0x50 /opt/st/stm32cubeide_1.14.0/plugins/com.st.stm32cube.ide.mcu.externaltools.gnu-tools-for-stm32.11.3.rel1.linux64_1.1.100.202309141235/tools/bin/../lib/gcc/arm-none-eabi/11.3.1/thumb/v7-m/nofp/libgcc.a(_arm_fixdfsi.o)
                0x00000000080008f8                __fixdfsi
                0x00000000080008f8                __aeabi_d2iz
 *(.text*)
 .text.MX_GPIO_Init
                0x0000000008000948       0xa0 ./Core/Src/main.o
 .text.Error_Handler
                0x00000000080009e8        0x4 ./Core/Src/main.o
                0x00000000080009e8                Error_Handler
 .text.MX_ADC1_Init
                0x00000000080009ec       0x58 ./Core/Src/main.o
 .text.MX_I2C1_Init
                0x0000000008000a44       0x38 ./Core/Src/main.o
 .text.MX_SPI1_Init
                0x0000000008000a7c       0x40 ./Core/Src/main.o
 .text.MX_TIM2_Init
                0x0000000008000abc       0x68 ./Core/Src/main.o
 .text.MX_USART1_UART_Init
                0x0000000008000b24       0x34 ./Core/Src/main.o
 .text.MX_USART2_UART_Init
                0x0000000008000b58       0x34 ./Core/Src/main.o
 .text.MX_USART3_UART_Init
                0x0000000008000b8c       0x34 ./Core/Src/main.o
 .text.SystemClock_Config
                0x0000000008000bc0       0x88 ./Core/Src/main.o
                0x0000000008000bc0                SystemClock_Config
 .text.main     0x0000000008000c48       0x34 ./Core/Src/main.o
                0x0000000008000c48                main
 .text.HAL_MspInit
                0x0000000008000c7c       0x44 ./Core/Src/stm32f1xx_hal_msp.o
                0x0000000008000c7c                HAL_MspInit
 .text.HAL_ADC_MspInit
                0x0000000008000cc0       0x60 ./Core/Src/stm32f1xx_hal_msp.o
                0x0000000008000cc0                HAL_ADC_MspInit
 .text.HAL_I2C_MspInit
                0x0000000008000d20       0x84 ./Core/Src/stm32f1xx_hal_msp.o
                0x0000000008000d20                HAL_I2C_MspInit
 .text.HAL_SPI_MspInit
                0x0000000008000da4       0x84 ./Core/Src/stm32f1xx_hal_msp.o
                0x0000000008000da4                HAL_SPI_MspInit
 .text.HAL_TIM_Base_MspInit
                0x0000000008000e28       0x3a ./Core/Src/stm32f1xx_hal_msp.o
                0x0000000008000e28                HAL_TIM_Base_MspInit
 *fill*         0x0000000008000e62        0x2 
 .text.HAL_UART_MspInit
                0x0000000008000e64      0x168 ./Core/Src/stm32f1xx_hal_msp.o
                0x0000000008000e64                HAL_UART_MspInit
 .text.NMI_Handler
                0x0000000008000fcc        0x2 ./Core/Src/stm32f1xx_it.o
                0x0000000008000fcc                NMI_Handler
 .text.HardFault_Handler
                0x0000000008000fce        0x2 ./Core/Src/stm32f1xx_it.o
                0x0000000008000fce                HardFault_Handler
 .text.MemManage_Handler
                0x0000000008000fd0        0x2 ./Core/Src/stm32f1xx_it.o
                0x0000000008000fd0                MemManage_Handler
 .text.BusFault_Handler
                0x0000000008000fd2        0x2 ./Core/Src/stm32f1xx_it.o
                0x0000000008000fd2                BusFault_Handler
 .text.UsageFault_Handler
                0x0000000008000fd4        0x2 ./Core/Src/stm32f1xx_it.o
                0x0000000008000fd4                UsageFault_Handler
 .text.SVC_Handler
                0x0000000008000fd6        0x2 ./Core/Src/stm32f1xx_it.o
                0x0000000008000fd6                SVC_Handler
 .text.DebugMon_Handler
                0x0000000008000fd8        0x2 ./Core/Src/stm32f1xx_it.o
                0x0000000008000fd8                DebugMon_Handler
 .text.PendSV_Handler
                0x0000000008000fda        0x2 ./Core/Src/stm32f1xx_it.o
                0x0000000008000fda                PendSV_Handler
 .text.SysTick_Handler
                0x0000000008000fdc        0x8 ./Core/Src/stm32f1xx_it.o
                0x0000000008000fdc                SysTick_Handler
 .text.USB_HP_CAN1_TX_IRQHandler
                0x0000000008000fe4       0x10 ./Core/Src/stm32f1xx_it.o
                0x0000000008000fe4                USB_HP_CAN1_TX_IRQHandler
 .text.USB_LP_CAN1_RX0_IRQHandler
                0x0000000008000ff4       0x10 ./Core/Src/stm32f1xx_it.o
                0x0000000008000ff4                USB_LP_CAN1_RX0_IRQHandler
 .text.TIM2_IRQHandler
                0x0000000008001004       0x10 ./Core/Src/stm32f1xx_it.o
                0x0000000008001004                TIM2_IRQHandler
 .text.I2C1_EV_IRQHandler
                0x0000000008001014       0x10 ./Core/Src/stm32f1xx_it.o
                0x0000000008001014                I2C1_EV_IRQHandler
 .text.I2C1_ER_IRQHandler
                0x0000000008001024       0x10 ./Core/Src/stm32f1xx_it.o
                0x0000000008001024                I2C1_ER_IRQHandler
 .text.SPI1_IRQHandler
                0x0000000008001034       0x10 ./Core/Src/stm32f1xx_it.o
                0x0000000008001034                SPI1_IRQHandler
 .text.USART1_IRQHandler
                0x0000000008001044       0x10 ./Core/Src/stm32f1xx_it.o
                0x0000000008001044                USART1_IRQHandler
 .text.USART2_IRQHandler
                0x0000000008001054       0x10 ./Core/Src/stm32f1xx_it.o
                0x0000000008001054                USART2_IRQHandler
 .text.USART3_IRQHandler
                0x0000000008001064       0x10 ./Core/Src/stm32f1xx_it.o
                0x0000000008001064                USART3_IRQHandler
 .text._sbrk    0x0000000008001074       0x48 ./Core/Src/sysmem.o
                0x0000000008001074                _sbrk
 .text.SystemInit
                0x00000000080010bc        0x2 ./Core/Src/system_stm32f1xx.o
                0x00000000080010bc                SystemInit
 *fill*         0x00000000080010be        0x2 
 .text.Reset_Handler
                0x00000000080010c0       0x48 ./Core/Startup/startup_stm32f103c8tx.o
                0x00000000080010c0                Reset_Handler
 .text.Default_Handler
                0x0000000008001108        0x2 ./Core/Startup/startup_stm32f103c8tx.o
                0x0000000008001108                RTC_Alarm_IRQHandler
                0x0000000008001108                EXTI2_IRQHandler
                0x0000000008001108                TIM1_CC_IRQHandler
                0x0000000008001108                PVD_IRQHandler
                0x0000000008001108                EXTI3_IRQHandler
                0x0000000008001108                EXTI0_IRQHandler
                0x0000000008001108                I2C2_EV_IRQHandler
                0x0000000008001108                ADC1_2_IRQHandler
                0x0000000008001108                TAMPER_IRQHandler
                0x0000000008001108                DMA1_Channel4_IRQHandler
                0x0000000008001108                RTC_IRQHandler
                0x0000000008001108                DMA1_Channel7_IRQHandler
                0x0000000008001108                CAN1_RX1_IRQHandler
                0x0000000008001108                TIM4_IRQHandler
                0x0000000008001108                DMA1_Channel6_IRQHandler
                0x0000000008001108                TIM3_IRQHandler
                0x0000000008001108                RCC_IRQHandler
                0x0000000008001108                TIM1_TRG_COM_IRQHandler
                0x0000000008001108                DMA1_Channel1_IRQHandler
                0x0000000008001108                Default_Handler
                0x0000000008001108                EXTI15_10_IRQHandler
                0x0000000008001108                EXTI9_5_IRQHandler
                0x0000000008001108                SPI2_IRQHandler
                0x0000000008001108                DMA1_Channel5_IRQHandler
                0x0000000008001108                EXTI4_IRQHandler
                0x0000000008001108                DMA1_Channel3_IRQHandler
                0x0000000008001108                TIM1_UP_IRQHandler
                0x0000000008001108                WWDG_IRQHandler
                0x0000000008001108                TIM1_BRK_IRQHandler
                0x0000000008001108                EXTI1_IRQHandler
                0x0000000008001108                I2C2_ER_IRQHandler
                0x0000000008001108                DMA1_Channel2_IRQHandler
                0x0000000008001108                CAN1_SCE_IRQHandler
                0x0000000008001108                FLASH_IRQHandler
                0x0000000008001108                USBWakeUp_IRQHandler
 *fill*         0x000000000800110a        0x2 
 .text.HAL_InitTick
                0x000000000800110c       0x4c ./Drivers/STM32F1xx_HAL_Driver/Src/stm32f1xx_hal.o
                0x000000000800110c                HAL_InitTick
 .text.HAL_Init
                0x0000000008001158       0x24 ./Drivers/STM32F1xx_HAL_Driver/Src/stm32f1xx_hal.o
                0x0000000008001158                HAL_Init
 .text.HAL_IncTick
                0x000000000800117c       0x18 ./Drivers/STM32F1xx_HAL_Driver/Src/stm32f1xx_hal.o
                0x000000000800117c                HAL_IncTick
 .text.HAL_GetTick
                0x0000000008001194        0xc ./Drivers/STM32F1xx_HAL_Driver/Src/stm32f1xx_hal.o
                0x0000000008001194                HAL_GetTick
 .text.HAL_Delay
                0x00000000080011a0       0x28 ./Drivers/STM32F1xx_HAL_Driver/Src/stm32f1xx_hal.o
                0x00000000080011a0                HAL_Delay
 .text.HAL_ADC_ConfigChannel
                0x00000000080011c8      0x140 ./Drivers/STM32F1xx_HAL_Driver/Src/stm32f1xx_hal_adc.o
                0x00000000080011c8                HAL_ADC_ConfigChannel
 .text.ADC_ConversionStop_Disable
                0x0000000008001308       0x56 ./Drivers/STM32F1xx_HAL_Driver/Src/stm32f1xx_hal_adc.o
                0x0000000008001308                ADC_ConversionStop_Disable
 *fill*         0x000000000800135e        0x2 
 .text.HAL_ADC_Init
                0x0000000008001360      0x108 ./Drivers/STM32F1xx_HAL_Driver/Src/stm32f1xx_hal_adc.o
                0x0000000008001360                HAL_ADC_Init
 .text.HAL_NVIC_SetPriorityGrouping
                0x0000000008001468       0x24 ./Drivers/STM32F1xx_HAL_Driver/Src/stm32f1xx_hal_cortex.o
                0x0000000008001468                HAL_NVIC_SetPriorityGrouping
 .text.HAL_NVIC_SetPriority
                0x000000000800148c       0x70 ./Drivers/STM32F1xx_HAL_Driver/Src/stm32f1xx_hal_cortex.o
                0x000000000800148c                HAL_NVIC_SetPriority
 .text.HAL_NVIC_EnableIRQ
                0x00000000080014fc       0x1c ./Drivers/STM32F1xx_HAL_Driver/Src/stm32f1xx_hal_cortex.o
                0x00000000080014fc                HAL_NVIC_EnableIRQ
 .text.HAL_SYSTICK_Config
                0x0000000008001518       0x28 ./Drivers/STM32F1xx_HAL_Driver/Src/stm32f1xx_hal_cortex.o
                0x0000000008001518                HAL_SYSTICK_Config
 .text.HAL_DMA_Abort
                0x0000000008001540       0x46 ./Drivers/STM32F1xx_HAL_Driver/Src/stm32f1xx_hal_dma.o
                0x0000000008001540                HAL_DMA_Abort
 *fill*         0x0000000008001586        0x2 
 .text.HAL_DMA_Abort_IT
                0x0000000008001588       0x98 ./Drivers/STM32F1xx_HAL_Driver/Src/stm32f1xx_hal_dma.o
                0x0000000008001588                HAL_DMA_Abort_IT
 .text.HAL_DMA_GetState
                0x0000000008001620        0x6 ./Drivers/STM32F1xx_HAL_Driver/Src/stm32f1xx_hal_dma.o
                0x0000000008001620                HAL_DMA_GetState
 *fill*         0x0000000008001626        0x2 
 .text.HAL_GPIO_Init
                0x0000000008001628      0x224 ./Drivers/STM32F1xx_HAL_Driver/Src/stm32f1xx_hal_gpio.o
                0x0000000008001628                HAL_GPIO_Init
 .text.HAL_GPIO_WritePin
                0x000000000800184c        0xc ./Drivers/STM32F1xx_HAL_Driver/Src/stm32f1xx_hal_gpio.o
                0x000000000800184c                HAL_GPIO_WritePin
 .text.I2C_Flush_DR
                0x0000000008001858       0x10 ./Drivers/STM32F1xx_HAL_Driver/Src/stm32f1xx_hal_i2c.o
 .text.I2C_Master_SB
                0x0000000008001868       0xa8 ./Drivers/STM32F1xx_HAL_Driver/Src/stm32f1xx_hal_i2c.o
 .text.I2C_Master_ADD10
                0x0000000008001910       0x2a ./Drivers/STM32F1xx_HAL_Driver/Src/stm32f1xx_hal_i2c.o
 *fill*         0x000000000800193a        0x2 
 .text.I2C_Master_ADDR
                0x000000000800193c      0x248 ./Drivers/STM32F1xx_HAL_Driver/Src/stm32f1xx_hal_i2c.o
 .text.I2C_SlaveTransmit_BTF
                0x0000000008001b84       0x20 ./Drivers/STM32F1xx_HAL_Driver/Src/stm32f1xx_hal_i2c.o
 .text.I2C_SlaveReceive_BTF
                0x0000000008001ba4       0x20 ./Drivers/STM32F1xx_HAL_Driver/Src/stm32f1xx_hal_i2c.o
 .text.I2C_WaitOnSTOPRequestThroughIT
                0x0000000008001bc4       0x48 ./Drivers/STM32F1xx_HAL_Driver/Src/stm32f1xx_hal_i2c.o
 .text.I2C_ConvertOtherXferOptions
                0x0000000008001c0c       0x1e ./Drivers/STM32F1xx_HAL_Driver/Src/stm32f1xx_hal_i2c.o
 *fill*         0x0000000008001c2a        0x2 
 .text.HAL_I2C_Init
                0x0000000008001c2c      0x1bc ./Drivers/STM32F1xx_HAL_Driver/Src/stm32f1xx_hal_i2c.o
                0x0000000008001c2c                HAL_I2C_Init
 .text.HAL_I2C_MasterTxCpltCallback
                0x0000000008001de8        0x2 ./Drivers/STM32F1xx_HAL_Driver/Src/stm32f1xx_hal_i2c.o
                0x0000000008001de8                HAL_I2C_MasterTxCpltCallback
 .text.HAL_I2C_MasterRxCpltCallback
                0x0000000008001dea        0x2 ./Drivers/STM32F1xx_HAL_Driver/Src/stm32f1xx_hal_i2c.o
                0x0000000008001dea                HAL_I2C_MasterRxCpltCallback
 .text.HAL_I2C_SlaveTxCpltCallback
                0x0000000008001dec        0x2 ./Drivers/STM32F1xx_HAL_Driver/Src/stm32f1xx_hal_i2c.o
                0x0000000008001dec                HAL_I2C_SlaveTxCpltCallback
 .text.I2C_SlaveTransmit_TXE
                0x0000000008001dee       0x4c ./Drivers/STM32F1xx_HAL_Driver/Src/stm32f1xx_hal_i2c.o
 .text.HAL_I2C_SlaveRxCpltCallback
                0x0000000008001e3a        0x2 ./Drivers/STM32F1xx_HAL_Driver/Src/stm32f1xx_hal_i2c.o
                0x0000000008001e3a                HAL_I2C_SlaveRxCpltCallback
 .text.I2C_SlaveReceive_RXNE
                0x0000000008001e3c       0x4c ./Drivers/STM32F1xx_HAL_Driver/Src/stm32f1xx_hal_i2c.o
 .text.HAL_I2C_AddrCallback
                0x0000000008001e88        0x2 ./Drivers/STM32F1xx_HAL_Driver/Src/stm32f1xx_hal_i2c.o
                0x0000000008001e88                HAL_I2C_AddrCallback
 .text.I2C_Slave_ADDR
                0x0000000008001e8a       0x5a ./Drivers/STM32F1xx_HAL_Driver/Src/stm32f1xx_hal_i2c.o
 .text.HAL_I2C_ListenCpltCallback
                0x0000000008001ee4        0x2 ./Drivers/STM32F1xx_HAL_Driver/Src/stm32f1xx_hal_i2c.o
                0x0000000008001ee4                HAL_I2C_ListenCpltCallback
 *fill*         0x0000000008001ee6        0x2 
 .text.I2C_Slave_AF
                0x0000000008001ee8       0xa0 ./Drivers/STM32F1xx_HAL_Driver/Src/stm32f1xx_hal_i2c.o
 .text.HAL_I2C_MemTxCpltCallback
                0x0000000008001f88        0x2 ./Drivers/STM32F1xx_HAL_Driver/Src/stm32f1xx_hal_i2c.o
                0x0000000008001f88                HAL_I2C_MemTxCpltCallback
 .text.I2C_MasterTransmit_BTF
                0x0000000008001f8a       0x9e ./Drivers/STM32F1xx_HAL_Driver/Src/stm32f1xx_hal_i2c.o
 .text.I2C_MemoryTransmit_TXE_BTF
                0x0000000008002028       0xc4 ./Drivers/STM32F1xx_HAL_Driver/Src/stm32f1xx_hal_i2c.o
 .text.I2C_MasterTransmit_TXE
                0x00000000080020ec       0xd0 ./Drivers/STM32F1xx_HAL_Driver/Src/stm32f1xx_hal_i2c.o
 .text.HAL_I2C_MemRxCpltCallback
                0x00000000080021bc        0x2 ./Drivers/STM32F1xx_HAL_Driver/Src/stm32f1xx_hal_i2c.o
                0x00000000080021bc                HAL_I2C_MemRxCpltCallback
 .text.I2C_MasterReceive_BTF
                0x00000000080021be      0x140 ./Drivers/STM32F1xx_HAL_Driver/Src/stm32f1xx_hal_i2c.o
 .text.HAL_I2C_ErrorCallback
                0x00000000080022fe        0x2 ./Drivers/STM32F1xx_HAL_Driver/Src/stm32f1xx_hal_i2c.o
                0x00000000080022fe                HAL_I2C_ErrorCallback
 .text.I2C_MasterReceive_RXNE
                0x0000000008002300      0x106 ./Drivers/STM32F1xx_HAL_Driver/Src/stm32f1xx_hal_i2c.o
 .text.HAL_I2C_AbortCpltCallback
                0x0000000008002406        0x2 ./Drivers/STM32F1xx_HAL_Driver/Src/stm32f1xx_hal_i2c.o
                0x0000000008002406                HAL_I2C_AbortCpltCallback
 .text.I2C_DMAAbort
                0x0000000008002408       0xe4 ./Drivers/STM32F1xx_HAL_Driver/Src/stm32f1xx_hal_i2c.o
 .text.I2C_ITError
                0x00000000080024ec      0x178 ./Drivers/STM32F1xx_HAL_Driver/Src/stm32f1xx_hal_i2c.o
 .text.I2C_Slave_STOPF
                0x0000000008002664      0x18c ./Drivers/STM32F1xx_HAL_Driver/Src/stm32f1xx_hal_i2c.o
 .text.HAL_I2C_EV_IRQHandler
                0x00000000080027f0      0x1a0 ./Drivers/STM32F1xx_HAL_Driver/Src/stm32f1xx_hal_i2c.o
                0x00000000080027f0                HAL_I2C_EV_IRQHandler
 .text.HAL_I2C_ER_IRQHandler
                0x0000000008002990       0xc6 ./Drivers/STM32F1xx_HAL_Driver/Src/stm32f1xx_hal_i2c.o
                0x0000000008002990                HAL_I2C_ER_IRQHandler
 .text.HAL_PCD_EP_DB_Receive
                0x0000000008002a56      0x11c ./Drivers/STM32F1xx_HAL_Driver/Src/stm32f1xx_hal_pcd.o
 .text.HAL_PCD_Init
                0x0000000008002b72       0xe8 ./Drivers/STM32F1xx_HAL_Driver/Src/stm32f1xx_hal_pcd.o
                0x0000000008002b72                HAL_PCD_Init
 .text.HAL_PCD_Start
                0x0000000008002c5a       0x32 ./Drivers/STM32F1xx_HAL_Driver/Src/stm32f1xx_hal_pcd.o
                0x0000000008002c5a                HAL_PCD_Start
 .text.HAL_PCD_EP_DB_Transmit
                0x0000000008002c8c      0x424 ./Drivers/STM32F1xx_HAL_Driver/Src/stm32f1xx_hal_pcd.o
 .text.PCD_EP_ISR_Handler
                0x00000000080030b0      0x54c ./Drivers/STM32F1xx_HAL_Driver/Src/stm32f1xx_hal_pcd.o
 .text.HAL_PCD_SetAddress
                0x00000000080035fc       0x26 ./Drivers/STM32F1xx_HAL_Driver/Src/stm32f1xx_hal_pcd.o
                0x00000000080035fc                HAL_PCD_SetAddress
 .text.HAL_PCD_IRQHandler
                0x0000000008003622      0x1b0 ./Drivers/STM32F1xx_HAL_Driver/Src/stm32f1xx_hal_pcd.o
                0x0000000008003622                HAL_PCD_IRQHandler
 .text.HAL_PCD_EP_Open
                0x00000000080037d2       0x84 ./Drivers/STM32F1xx_HAL_Driver/Src/stm32f1xx_hal_pcd.o
                0x00000000080037d2                HAL_PCD_EP_Open
 .text.HAL_PCD_EP_Close
                0x0000000008003856       0x6c ./Drivers/STM32F1xx_HAL_Driver/Src/stm32f1xx_hal_pcd.o
                0x0000000008003856                HAL_PCD_EP_Close
 .text.HAL_PCD_EP_Receive
                0x00000000080038c2       0x3a ./Drivers/STM32F1xx_HAL_Driver/Src/stm32f1xx_hal_pcd.o
                0x00000000080038c2                HAL_PCD_EP_Receive
 .text.HAL_PCD_EP_GetRxCount
                0x00000000080038fc       0x12 ./Drivers/STM32F1xx_HAL_Driver/Src/stm32f1xx_hal_pcd.o
                0x00000000080038fc                HAL_PCD_EP_GetRxCount
 .text.HAL_PCD_EP_Transmit
                0x000000000800390e       0x4c ./Drivers/STM32F1xx_HAL_Driver/Src/stm32f1xx_hal_pcd.o
                0x000000000800390e                HAL_PCD_EP_Transmit
 .text.HAL_PCD_EP_SetStall
                0x000000000800395a       0x80 ./Drivers/STM32F1xx_HAL_Driver/Src/stm32f1xx_hal_pcd.o
                0x000000000800395a                HAL_PCD_EP_SetStall
 .text.HAL_PCD_EP_ClrStall
                0x00000000080039da       0x7e ./Drivers/STM32F1xx_HAL_Driver/Src/stm32f1xx_hal_pcd.o
                0x00000000080039da                HAL_PCD_EP_ClrStall
 .text.HAL_PCDEx_PMAConfig
                0x0000000008003a58       0x38 ./Drivers/STM32F1xx_HAL_Driver/Src/stm32f1xx_hal_pcd_ex.o
                0x0000000008003a58                HAL_PCDEx_PMAConfig
 .text.RCC_Delay
                0x0000000008003a90       0x2c ./Drivers/STM32F1xx_HAL_Driver/Src/stm32f1xx_hal_rcc.o
 .text.HAL_RCC_OscConfig
                0x0000000008003abc      0x410 ./Drivers/STM32F1xx_HAL_Driver/Src/stm32f1xx_hal_rcc.o
                0x0000000008003abc                HAL_RCC_OscConfig
 .text.HAL_RCC_GetSysClockFreq
                0x0000000008003ecc       0x54 ./Drivers/STM32F1xx_HAL_Driver/Src/stm32f1xx_hal_rcc.o
                0x0000000008003ecc                HAL_RCC_GetSysClockFreq
 .text.HAL_RCC_ClockConfig
                0x0000000008003f20      0x16c ./Drivers/STM32F1xx_HAL_Driver/Src/stm32f1xx_hal_rcc.o
                0x0000000008003f20                HAL_RCC_ClockConfig
 .text.HAL_RCC_GetHCLKFreq
                0x000000000800408c        0xc ./Drivers/STM32F1xx_HAL_Driver/Src/stm32f1xx_hal_rcc.o
                0x000000000800408c                HAL_RCC_GetHCLKFreq
 .text.HAL_RCC_GetPCLK1Freq
                0x0000000008004098       0x20 ./Drivers/STM32F1xx_HAL_Driver/Src/stm32f1xx_hal_rcc.o
                0x0000000008004098                HAL_RCC_GetPCLK1Freq
 .text.HAL_RCC_GetPCLK2Freq
                0x00000000080040b8       0x20 ./Drivers/STM32F1xx_HAL_Driver/Src/stm32f1xx_hal_rcc.o
                0x00000000080040b8                HAL_RCC_GetPCLK2Freq
 .text.HAL_RCCEx_PeriphCLKConfig
                0x00000000080040d8      0x118 ./Drivers/STM32F1xx_HAL_Driver/Src/stm32f1xx_hal_rcc_ex.o
                0x00000000080040d8                HAL_RCCEx_PeriphCLKConfig
 .text.SPI_WaitFlagStateUntilTimeout
                0x00000000080041f0       0xd0 ./Drivers/STM32F1xx_HAL_Driver/Src/stm32f1xx_hal_spi.o
 .text.SPI_EndRxTxTransaction
                0x00000000080042c0       0x44 ./Drivers/STM32F1xx_HAL_Driver/Src/stm32f1xx_hal_spi.o
 .text.SPI_EndRxTransaction
                0x0000000008004304       0x74 ./Drivers/STM32F1xx_HAL_Driver/Src/stm32f1xx_hal_spi.o
 .text.HAL_SPI_Init
                0x0000000008004378       0xb6 ./Drivers/STM32F1xx_HAL_Driver/Src/stm32f1xx_hal_spi.o
                0x0000000008004378                HAL_SPI_Init
 .text.HAL_SPI_Transmit
                0x000000000800442e      0x1c4 ./Drivers/STM32F1xx_HAL_Driver/Src/stm32f1xx_hal_spi.o
                0x000000000800442e                HAL_SPI_Transmit
 .text.HAL_SPI_TransmitReceive
                0x00000000080045f2      0x254 ./Drivers/STM32F1xx_HAL_Driver/Src/stm32f1xx_hal_spi.o
                0x00000000080045f2                HAL_SPI_TransmitReceive
 .text.HAL_SPI_Receive
                0x0000000008004846      0x188 ./Drivers/STM32F1xx_HAL_Driver/Src/stm32f1xx_hal_spi.o
                0x0000000008004846                HAL_SPI_Receive
 .text.HAL_SPI_ErrorCallback
                0x00000000080049ce        0x2 ./Drivers/STM32F1xx_HAL_Driver/Src/stm32f1xx_hal_spi.o
                0x00000000080049ce                HAL_SPI_ErrorCallback
 .text.HAL_SPI_IRQHandler
                0x00000000080049d0      0x100 ./Drivers/STM32F1xx_HAL_Driver/Src/stm32f1xx_hal_spi.o
                0x00000000080049d0                HAL_SPI_IRQHandler
 .text.SPI_DMAAbortOnError
                0x0000000008004ad0       0x10 ./Drivers/STM32F1xx_HAL_Driver/Src/stm32f1xx_hal_spi.o
 .text.HAL_SPI_GetState
                0x0000000008004ae0        0x6 ./Drivers/STM32F1xx_HAL_Driver/Src/stm32f1xx_hal_spi.o
                0x0000000008004ae0                HAL_SPI_GetState
 .text.TIM_TI1_ConfigInputStage
                0x0000000008004ae6       0x24 ./Drivers/STM32F1xx_HAL_Driver/Src/stm32f1xx_hal_tim.o
 .text.TIM_TI2_ConfigInputStage
                0x0000000008004b0a       0x26 ./Drivers/STM32F1xx_HAL_Driver/Src/stm32f1xx_hal_tim.o
 .text.TIM_ITRx_SetConfig
                0x0000000008004b30       0x10 ./Drivers/STM32F1xx_HAL_Driver/Src/stm32f1xx_hal_tim.o
 .text.HAL_TIM_PeriodElapsedCallback
                0x0000000008004b40        0x2 ./Drivers/STM32F1xx_HAL_Driver/Src/stm32f1xx_hal_tim.o
                0x0000000008004b40                HAL_TIM_PeriodElapsedCallback
 .text.HAL_TIM_OC_DelayElapsedCallback
                0x0000000008004b42        0x2 ./Drivers/STM32F1xx_HAL_Driver/Src/stm32f1xx_hal_tim.o
                0x0000000008004b42                HAL_TIM_OC_DelayElapsedCallback
 .text.HAL_TIM_IC_CaptureCallback
                0x0000000008004b44        0x2 ./Drivers/STM32F1xx_HAL_Driver/Src/stm32f1xx_hal_tim.o
                0x0000000008004b44                HAL_TIM_IC_CaptureCallback
 .text.HAL_TIM_PWM_PulseFinishedCallback
                0x0000000008004b46        0x2 ./Drivers/STM32F1xx_HAL_Driver/Src/stm32f1xx_hal_tim.o
                0x0000000008004b46                HAL_TIM_PWM_PulseFinishedCallback
 .text.HAL_TIM_TriggerCallback
                0x0000000008004b48        0x2 ./Drivers/STM32F1xx_HAL_Driver/Src/stm32f1xx_hal_tim.o
                0x0000000008004b48                HAL_TIM_TriggerCallback
 .text.HAL_TIM_IRQHandler
                0x0000000008004b4a      0x15e ./Drivers/STM32F1xx_HAL_Driver/Src/stm32f1xx_hal_tim.o
                0x0000000008004b4a                HAL_TIM_IRQHandler
 .text.TIM_Base_SetConfig
                0x0000000008004ca8       0x84 ./Drivers/STM32F1xx_HAL_Driver/Src/stm32f1xx_hal_tim.o
                0x0000000008004ca8                TIM_Base_SetConfig
 .text.HAL_TIM_Base_Init
                0x0000000008004d2c       0x58 ./Drivers/STM32F1xx_HAL_Driver/Src/stm32f1xx_hal_tim.o
                0x0000000008004d2c                HAL_TIM_Base_Init
 .text.TIM_ETR_SetConfig
                0x0000000008004d84       0x18 ./Drivers/STM32F1xx_HAL_Driver/Src/stm32f1xx_hal_tim.o
                0x0000000008004d84                TIM_ETR_SetConfig
 .text.HAL_TIM_ConfigClockSource
                0x0000000008004d9c       0xfe ./Drivers/STM32F1xx_HAL_Driver/Src/stm32f1xx_hal_tim.o
                0x0000000008004d9c                HAL_TIM_ConfigClockSource
 *fill*         0x0000000008004e9a        0x2 
 .text.HAL_TIMEx_MasterConfigSynchronization
                0x0000000008004e9c       0x6c ./Drivers/STM32F1xx_HAL_Driver/Src/stm32f1xx_hal_tim_ex.o
                0x0000000008004e9c                HAL_TIMEx_MasterConfigSynchronization
 .text.HAL_TIMEx_CommutCallback
                0x0000000008004f08        0x2 ./Drivers/STM32F1xx_HAL_Driver/Src/stm32f1xx_hal_tim_ex.o
                0x0000000008004f08                HAL_TIMEx_CommutCallback
 .text.HAL_TIMEx_BreakCallback
                0x0000000008004f0a        0x2 ./Drivers/STM32F1xx_HAL_Driver/Src/stm32f1xx_hal_tim_ex.o
                0x0000000008004f0a                HAL_TIMEx_BreakCallback
 .text.UART_EndRxTransfer
                0x0000000008004f0c       0x5c ./Drivers/STM32F1xx_HAL_Driver/Src/stm32f1xx_hal_uart.o
 .text.UART_Transmit_IT
                0x0000000008004f68       0x60 ./Drivers/STM32F1xx_HAL_Driver/Src/stm32f1xx_hal_uart.o
 .text.UART_SetConfig
                0x0000000008004fc8       0x94 ./Drivers/STM32F1xx_HAL_Driver/Src/stm32f1xx_hal_uart.o
 .text.HAL_UART_Init
                0x000000000800505c       0x60 ./Drivers/STM32F1xx_HAL_Driver/Src/stm32f1xx_hal_uart.o
                0x000000000800505c                HAL_UART_Init
 .text.HAL_UART_TxCpltCallback
                0x00000000080050bc        0x2 ./Drivers/STM32F1xx_HAL_Driver/Src/stm32f1xx_hal_uart.o
                0x00000000080050bc                HAL_UART_TxCpltCallback
 .text.UART_EndTransmit_IT
                0x00000000080050be       0x1a ./Drivers/STM32F1xx_HAL_Driver/Src/stm32f1xx_hal_uart.o
 .text.HAL_UART_RxCpltCallback
                0x00000000080050d8        0x2 ./Drivers/STM32F1xx_HAL_Driver/Src/stm32f1xx_hal_uart.o
                0x00000000080050d8                HAL_UART_RxCpltCallback
 .text.HAL_UART_ErrorCallback
                0x00000000080050da        0x2 ./Drivers/STM32F1xx_HAL_Driver/Src/stm32f1xx_hal_uart.o
                0x00000000080050da                HAL_UART_ErrorCallback
 .text.UART_DMAAbortOnError
                0x00000000080050dc       0x10 ./Drivers/STM32F1xx_HAL_Driver/Src/stm32f1xx_hal_uart.o
 .text.HAL_UARTEx_RxEventCallback
                0x00000000080050ec        0x2 ./Drivers/STM32F1xx_HAL_Driver/Src/stm32f1xx_hal_uart.o
                0x00000000080050ec                HAL_UARTEx_RxEventCallback
 .text.UART_Receive_IT
                0x00000000080050ee       0xe6 ./Drivers/STM32F1xx_HAL_Driver/Src/stm32f1xx_hal_uart.o
 .text.HAL_UART_IRQHandler
                0x00000000080051d4      0x288 ./Drivers/STM32F1xx_HAL_Driver/Src/stm32f1xx_hal_uart.o
                0x00000000080051d4                HAL_UART_IRQHandler
 .text.USB_CoreInit
                0x000000000800545c        0xe ./Drivers/STM32F1xx_HAL_Driver/Src/stm32f1xx_ll_usb.o
                0x000000000800545c                USB_CoreInit
 .text.USB_EnableGlobalInt
                0x000000000800546a       0x12 ./Drivers/STM32F1xx_HAL_Driver/Src/stm32f1xx_ll_usb.o
                0x000000000800546a                USB_EnableGlobalInt
 .text.USB_DisableGlobalInt
                0x000000000800547c       0x14 ./Drivers/STM32F1xx_HAL_Driver/Src/stm32f1xx_ll_usb.o
                0x000000000800547c                USB_DisableGlobalInt
 .text.USB_SetCurrentMode
                0x0000000008005490        0x4 ./Drivers/STM32F1xx_HAL_Driver/Src/stm32f1xx_ll_usb.o
                0x0000000008005490                USB_SetCurrentMode
 .text.USB_DevInit
                0x0000000008005494       0x22 ./Drivers/STM32F1xx_HAL_Driver/Src/stm32f1xx_ll_usb.o
                0x0000000008005494                USB_DevInit
 .text.USB_ActivateEndpoint
                0x00000000080054b6      0x3ca ./Drivers/STM32F1xx_HAL_Driver/Src/stm32f1xx_ll_usb.o
                0x00000000080054b6                USB_ActivateEndpoint
 .text.USB_DeactivateEndpoint
                0x0000000008005880      0x1d6 ./Drivers/STM32F1xx_HAL_Driver/Src/stm32f1xx_ll_usb.o
                0x0000000008005880                USB_DeactivateEndpoint
 .text.USB_EPSetStall
                0x0000000008005a56       0x4a ./Drivers/STM32F1xx_HAL_Driver/Src/stm32f1xx_ll_usb.o
                0x0000000008005a56                USB_EPSetStall
 .text.USB_EPClearStall
                0x0000000008005aa0       0xa2 ./Drivers/STM32F1xx_HAL_Driver/Src/stm32f1xx_ll_usb.o
                0x0000000008005aa0                USB_EPClearStall
 .text.USB_SetDevAddress
                0x0000000008005b42        0xc ./Drivers/STM32F1xx_HAL_Driver/Src/stm32f1xx_ll_usb.o
                0x0000000008005b42                USB_SetDevAddress
 .text.USB_DevConnect
                0x0000000008005b4e        0x4 ./Drivers/STM32F1xx_HAL_Driver/Src/stm32f1xx_ll_usb.o
                0x0000000008005b4e                USB_DevConnect
 .text.USB_DevDisconnect
                0x0000000008005b52        0x4 ./Drivers/STM32F1xx_HAL_Driver/Src/stm32f1xx_ll_usb.o
                0x0000000008005b52                USB_DevDisconnect
 .text.USB_ReadInterrupts
                0x0000000008005b56        0x8 ./Drivers/STM32F1xx_HAL_Driver/Src/stm32f1xx_ll_usb.o
                0x0000000008005b56                USB_ReadInterrupts
 .text.USB_EP0_OutStart
                0x0000000008005b5e        0x4 ./Drivers/STM32F1xx_HAL_Driver/Src/stm32f1xx_ll_usb.o
                0x0000000008005b5e                USB_EP0_OutStart
 .text.USB_WritePMA
                0x0000000008005b62       0x26 ./Drivers/STM32F1xx_HAL_Driver/Src/stm32f1xx_ll_usb.o
                0x0000000008005b62                USB_WritePMA
 .text.USB_EPStartXfer
                0x0000000008005b88      0x7ce ./Drivers/STM32F1xx_HAL_Driver/Src/stm32f1xx_ll_usb.o
                0x0000000008005b88                USB_EPStartXfer
 .text.USB_ReadPMA
                0x0000000008006356       0x30 ./Drivers/STM32F1xx_HAL_Driver/Src/stm32f1xx_ll_usb.o
                0x0000000008006356                USB_ReadPMA
 .text.USBD_CDC_EP0_RxReady
                0x0000000008006386       0x28 ./Middlewares/ST/STM32_USB_Device_Library/Class/CDC/Src/usbd_cdc.o
 *fill*         0x00000000080063ae        0x2 
 .text.USBD_CDC_GetFSCfgDesc
                0x00000000080063b0        0xc ./Middlewares/ST/STM32_USB_Device_Library/Class/CDC/Src/usbd_cdc.o
 .text.USBD_CDC_GetHSCfgDesc
                0x00000000080063bc        0xc ./Middlewares/ST/STM32_USB_Device_Library/Class/CDC/Src/usbd_cdc.o
 .text.USBD_CDC_GetOtherSpeedCfgDesc
                0x00000000080063c8        0xc ./Middlewares/ST/STM32_USB_Device_Library/Class/CDC/Src/usbd_cdc.o
 .text.USBD_CDC_GetDeviceQualifierDescriptor
                0x00000000080063d4        0xc ./Middlewares/ST/STM32_USB_Device_Library/Class/CDC/Src/usbd_cdc.o
                0x00000000080063d4                USBD_CDC_GetDeviceQualifierDescriptor
 .text.USBD_CDC_DataOut
                0x00000000080063e0       0x2e ./Middlewares/ST/STM32_USB_Device_Library/Class/CDC/Src/usbd_cdc.o
 .text.USBD_CDC_DataIn
                0x000000000800640e       0x4e ./Middlewares/ST/STM32_USB_Device_Library/Class/CDC/Src/usbd_cdc.o
 .text.USBD_CDC_Setup
                0x000000000800645c       0xd6 ./Middlewares/ST/STM32_USB_Device_Library/Class/CDC/Src/usbd_cdc.o
 .text.USBD_CDC_DeInit
                0x0000000008006532       0x42 ./Middlewares/ST/STM32_USB_Device_Library/Class/CDC/Src/usbd_cdc.o
 .text.USBD_CDC_Init
                0x0000000008006574       0xaa ./Middlewares/ST/STM32_USB_Device_Library/Class/CDC/Src/usbd_cdc.o
 .text.USBD_CDC_RegisterInterface
                0x000000000800661e        0xe ./Middlewares/ST/STM32_USB_Device_Library/Class/CDC/Src/usbd_cdc.o
                0x000000000800661e                USBD_CDC_RegisterInterface
 .text.USBD_CDC_SetTxBuffer
                0x000000000800662c       0x10 ./Middlewares/ST/STM32_USB_Device_Library/Class/CDC/Src/usbd_cdc.o
                0x000000000800662c                USBD_CDC_SetTxBuffer
 .text.USBD_CDC_SetRxBuffer
                0x000000000800663c        0xc ./Middlewares/ST/STM32_USB_Device_Library/Class/CDC/Src/usbd_cdc.o
                0x000000000800663c                USBD_CDC_SetRxBuffer
 .text.USBD_CDC_TransmitPacket
                0x0000000008006648       0x34 ./Middlewares/ST/STM32_USB_Device_Library/Class/CDC/Src/usbd_cdc.o
                0x0000000008006648                USBD_CDC_TransmitPacket
 .text.USBD_CDC_ReceivePacket
                0x000000000800667c       0x30 ./Middlewares/ST/STM32_USB_Device_Library/Class/CDC/Src/usbd_cdc.o
                0x000000000800667c                USBD_CDC_ReceivePacket
 .text.USBD_Init
                0x00000000080066ac       0x2e ./Middlewares/ST/STM32_USB_Device_Library/Core/Src/usbd_core.o
                0x00000000080066ac                USBD_Init
 .text.USBD_RegisterClass
                0x00000000080066da        0xe ./Middlewares/ST/STM32_USB_Device_Library/Core/Src/usbd_core.o
                0x00000000080066da                USBD_RegisterClass
 .text.USBD_Start
                0x00000000080066e8        0xa ./Middlewares/ST/STM32_USB_Device_Library/Core/Src/usbd_core.o
                0x00000000080066e8                USBD_Start
 .text.USBD_SetClassConfig
                0x00000000080066f2       0x18 ./Middlewares/ST/STM32_USB_Device_Library/Core/Src/usbd_core.o
                0x00000000080066f2                USBD_SetClassConfig
 .text.USBD_ClrClassConfig
                0x000000000800670a        0xe ./Middlewares/ST/STM32_USB_Device_Library/Core/Src/usbd_core.o
                0x000000000800670a                USBD_ClrClassConfig
 .text.USBD_LL_SetupStage
                0x0000000008006718       0x5a ./Middlewares/ST/STM32_USB_Device_Library/Core/Src/usbd_core.o
                0x0000000008006718                USBD_LL_SetupStage
 .text.USBD_LL_DataOutStage
                0x0000000008006772       0x8c ./Middlewares/ST/STM32_USB_Device_Library/Core/Src/usbd_core.o
                0x0000000008006772                USBD_LL_DataOutStage
 .text.USBD_LL_DataInStage
                0x00000000080067fe       0xd0 ./Middlewares/ST/STM32_USB_Device_Library/Core/Src/usbd_core.o
                0x00000000080067fe                USBD_LL_DataInStage
 .text.USBD_LL_Reset
                0x00000000080068ce       0x50 ./Middlewares/ST/STM32_USB_Device_Library/Core/Src/usbd_core.o
                0x00000000080068ce                USBD_LL_Reset
 .text.USBD_LL_SetSpeed
                0x000000000800691e        0x6 ./Middlewares/ST/STM32_USB_Device_Library/Core/Src/usbd_core.o
                0x000000000800691e                USBD_LL_SetSpeed
 .text.USBD_LL_Suspend
                0x0000000008006924       0x12 ./Middlewares/ST/STM32_USB_Device_Library/Core/Src/usbd_core.o
                0x0000000008006924                USBD_LL_Suspend
 .text.USBD_LL_Resume
                0x0000000008006936       0x16 ./Middlewares/ST/STM32_USB_Device_Library/Core/Src/usbd_core.o
                0x0000000008006936                USBD_LL_Resume
 .text.USBD_LL_SOF
                0x000000000800694c       0x1c ./Middlewares/ST/STM32_USB_Device_Library/Core/Src/usbd_core.o
                0x000000000800694c                USBD_LL_SOF
 .text.USBD_GetLen
                0x0000000008006968       0x14 ./Middlewares/ST/STM32_USB_Device_Library/Core/Src/usbd_ctlreq.o
 .text.USBD_SetFeature
                0x000000000800697c       0x14 ./Middlewares/ST/STM32_USB_Device_Library/Core/Src/usbd_ctlreq.o
 .text.USBD_ParseSetupRequest
                0x0000000008006990       0x28 ./Middlewares/ST/STM32_USB_Device_Library/Core/Src/usbd_ctlreq.o
                0x0000000008006990                USBD_ParseSetupRequest
 .text.USBD_CtlError
                0x00000000080069b8       0x14 ./Middlewares/ST/STM32_USB_Device_Library/Core/Src/usbd_ctlreq.o
                0x00000000080069b8                USBD_CtlError
 .text.USBD_GetDescriptor
                0x00000000080069cc      0x186 ./Middlewares/ST/STM32_USB_Device_Library/Core/Src/usbd_ctlreq.o
 .text.USBD_SetAddress
                0x0000000008006b52       0x4e ./Middlewares/ST/STM32_USB_Device_Library/Core/Src/usbd_ctlreq.o
 .text.USBD_SetConfig
                0x0000000008006ba0       0xb0 ./Middlewares/ST/STM32_USB_Device_Library/Core/Src/usbd_ctlreq.o
 .text.USBD_GetConfig
                0x0000000008006c50       0x3e ./Middlewares/ST/STM32_USB_Device_Library/Core/Src/usbd_ctlreq.o
 .text.USBD_GetStatus
                0x0000000008006c8e       0x38 ./Middlewares/ST/STM32_USB_Device_Library/Core/Src/usbd_ctlreq.o
 .text.USBD_ClrFeature
                0x0000000008006cc6       0x26 ./Middlewares/ST/STM32_USB_Device_Library/Core/Src/usbd_ctlreq.o
 .text.USBD_StdDevReq
                0x0000000008006cec       0x68 ./Middlewares/ST/STM32_USB_Device_Library/Core/Src/usbd_ctlreq.o
                0x0000000008006cec                USBD_StdDevReq
 .text.USBD_StdItfReq
                0x0000000008006d54       0x60 ./Middlewares/ST/STM32_USB_Device_Library/Core/Src/usbd_ctlreq.o
                0x0000000008006d54                USBD_StdItfReq
 .text.USBD_StdEPReq
                0x0000000008006db4      0x1e2 ./Middlewares/ST/STM32_USB_Device_Library/Core/Src/usbd_ctlreq.o
                0x0000000008006db4                USBD_StdEPReq
 .text.USBD_GetString
                0x0000000008006f96       0x3a ./Middlewares/ST/STM32_USB_Device_Library/Core/Src/usbd_ctlreq.o
                0x0000000008006f96                USBD_GetString
 .text.USBD_CtlSendData
                0x0000000008006fd0       0x1a ./Middlewares/ST/STM32_USB_Device_Library/Core/Src/usbd_ioreq.o
                0x0000000008006fd0                USBD_CtlSendData
 .text.USBD_CtlContinueSendData
                0x0000000008006fea       0x10 ./Middlewares/ST/STM32_USB_Device_Library/Core/Src/usbd_ioreq.o
                0x0000000008006fea                USBD_CtlContinueSendData
 .text.USBD_CtlPrepareRx
                0x0000000008006ffa       0x1e ./Middlewares/ST/STM32_USB_Device_Library/Core/Src/usbd_ioreq.o
                0x0000000008006ffa                USBD_CtlPrepareRx
 .text.USBD_CtlContinueRx
                0x0000000008007018       0x10 ./Middlewares/ST/STM32_USB_Device_Library/Core/Src/usbd_ioreq.o
                0x0000000008007018                USBD_CtlContinueRx
 .text.USBD_CtlSendStatus
                0x0000000008007028       0x16 ./Middlewares/ST/STM32_USB_Device_Library/Core/Src/usbd_ioreq.o
                0x0000000008007028                USBD_CtlSendStatus
 .text.USBD_CtlReceiveStatus
                0x000000000800703e       0x16 ./Middlewares/ST/STM32_USB_Device_Library/Core/Src/usbd_ioreq.o
                0x000000000800703e                USBD_CtlReceiveStatus
 .text.MX_USB_DEVICE_Init
                0x0000000008007054       0x54 ./USB_DEVICE/App/usb_device.o
                0x0000000008007054                MX_USB_DEVICE_Init
 .text.CDC_DeInit_FS
                0x00000000080070a8        0x4 ./USB_DEVICE/App/usbd_cdc_if.o
 .text.CDC_Control_FS
                0x00000000080070ac        0x4 ./USB_DEVICE/App/usbd_cdc_if.o
 .text.CDC_Receive_FS
                0x00000000080070b0       0x1c ./USB_DEVICE/App/usbd_cdc_if.o
 .text.CDC_Transmit_FS
                0x00000000080070cc       0x2c ./USB_DEVICE/App/usbd_cdc_if.o
                0x00000000080070cc                CDC_Transmit_FS
 .text.CDC_Init_FS
                0x00000000080070f8       0x44 ./USB_DEVICE/App/usbd_cdc_if.o
 .text.USBD_FS_DeviceDescriptor
                0x000000000800713c        0xc ./USB_DEVICE/App/usbd_desc.o
                0x000000000800713c                USBD_FS_DeviceDescriptor
 .text.USBD_FS_LangIDStrDescriptor
                0x0000000008007148        0xc ./USB_DEVICE/App/usbd_desc.o
                0x0000000008007148                USBD_FS_LangIDStrDescriptor
 .text.IntToUnicode
                0x0000000008007154       0x46 ./USB_DEVICE/App/usbd_desc.o
 *fill*         0x000000000800719a        0x2 
 .text.Get_SerialNum
                0x000000000800719c       0x38 ./USB_DEVICE/App/usbd_desc.o
 .text.USBD_FS_SerialStrDescriptor
                0x00000000080071d4       0x14 ./USB_DEVICE/App/usbd_desc.o
                0x00000000080071d4                USBD_FS_SerialStrDescriptor
 .text.USBD_FS_ProductStrDescriptor
                0x00000000080071e8       0x24 ./USB_DEVICE/App/usbd_desc.o
                0x00000000080071e8                USBD_FS_ProductStrDescriptor
 .text.USBD_FS_ManufacturerStrDescriptor
                0x000000000800720c       0x1c ./USB_DEVICE/App/usbd_desc.o
                0x000000000800720c                USBD_FS_ManufacturerStrDescriptor
 .text.USBD_FS_ConfigStrDescriptor
                0x0000000008007228       0x24 ./USB_DEVICE/App/usbd_desc.o
                0x0000000008007228                USBD_FS_ConfigStrDescriptor
 .text.USBD_FS_InterfaceStrDescriptor
                0x000000000800724c       0x24 ./USB_DEVICE/App/usbd_desc.o
                0x000000000800724c                USBD_FS_InterfaceStrDescriptor
 .text.USBD_Get_USB_Status
                0x0000000008007270       0x14 ./USB_DEVICE/Target/usbd_conf.o
 .text.HAL_PCD_MspInit
                0x0000000008007284       0x50 ./USB_DEVICE/Target/usbd_conf.o
                0x0000000008007284                HAL_PCD_MspInit
 .text.HAL_PCD_SetupStageCallback
                0x00000000080072d4       0x10 ./USB_DEVICE/Target/usbd_conf.o
                0x00000000080072d4                HAL_PCD_SetupStageCallback
 .text.HAL_PCD_DataOutStageCallback
                0x00000000080072e4       0x18 ./USB_DEVICE/Target/usbd_conf.o
                0x00000000080072e4                HAL_PCD_DataOutStageCallback
 .text.HAL_PCD_DataInStageCallback
                0x00000000080072fc       0x16 ./USB_DEVICE/Target/usbd_conf.o
                0x00000000080072fc                HAL_PCD_DataInStageCallback
 .text.HAL_PCD_SOFCallback
                0x0000000008007312        0xc ./USB_DEVICE/Target/usbd_conf.o
                0x0000000008007312                HAL_PCD_SOFCallback
 .text.HAL_PCD_ResetCallback
                0x000000000800731e       0x24 ./USB_DEVICE/Target/usbd_conf.o
                0x000000000800731e                HAL_PCD_ResetCallback
 *fill*         0x0000000008007342        0x2 
 .text.HAL_PCD_SuspendCallback
                0x0000000008007344       0x20 ./USB_DEVICE/Target/usbd_conf.o
                0x0000000008007344                HAL_PCD_SuspendCallback
 .text.HAL_PCD_ResumeCallback
                0x0000000008007364        0xc ./USB_DEVICE/Target/usbd_conf.o
                0x0000000008007364                HAL_PCD_ResumeCallback
 .text.USBD_LL_Init
                0x0000000008007370       0x84 ./USB_DEVICE/Target/usbd_conf.o
                0x0000000008007370                USBD_LL_Init
 .text.USBD_LL_Start
                0x00000000080073f4       0x10 ./USB_DEVICE/Target/usbd_conf.o
                0x00000000080073f4                USBD_LL_Start
 .text.USBD_LL_OpenEP
                0x0000000008007404       0x16 ./USB_DEVICE/Target/usbd_conf.o
                0x0000000008007404                USBD_LL_OpenEP
 .text.USBD_LL_CloseEP
                0x000000000800741a       0x10 ./USB_DEVICE/Target/usbd_conf.o
                0x000000000800741a                USBD_LL_CloseEP
 .text.USBD_LL_StallEP
                0x000000000800742a       0x10 ./USB_DEVICE/Target/usbd_conf.o
                0x000000000800742a                USBD_LL_StallEP
 .text.USBD_LL_ClearStallEP
                0x000000000800743a       0x10 ./USB_DEVICE/Target/usbd_conf.o
                0x000000000800743a                USBD_LL_ClearStallEP
 .text.USBD_LL_IsStallEP
                0x000000000800744a       0x2c ./USB_DEVICE/Target/usbd_conf.o
                0x000000000800744a                USBD_LL_IsStallEP
 .text.USBD_LL_SetUSBAddress
                0x0000000008007476       0x10 ./USB_DEVICE/Target/usbd_conf.o
                0x0000000008007476                USBD_LL_SetUSBAddress
 .text.USBD_LL_Transmit
                0x0000000008007486       0x10 ./USB_DEVICE/Target/usbd_conf.o
                0x0000000008007486                USBD_LL_Transmit
 .text.USBD_LL_PrepareReceive
                0x0000000008007496       0x10 ./USB_DEVICE/Target/usbd_conf.o
                0x0000000008007496                USBD_LL_PrepareReceive
 .text.USBD_LL_GetRxDataSize
                0x00000000080074a6        0xc ./USB_DEVICE/Target/usbd_conf.o
                0x00000000080074a6                USBD_LL_GetRxDataSize
 *fill*         0x00000000080074b2        0x2 
 .text.USBD_static_malloc
                0x00000000080074b4        0x8 ./USB_DEVICE/Target/usbd_conf.o
                0x00000000080074b4                USBD_static_malloc
 .text.USBD_static_free
                0x00000000080074bc        0x2 ./USB_DEVICE/Target/usbd_conf.o
                0x00000000080074bc                USBD_static_free
 .text.HAL_PCDEx_SetConnectionState
                0x00000000080074be        0x2 ./USB_DEVICE/Target/usbd_conf.o
                0x00000000080074be                HAL_PCDEx_SetConnectionState
 .text.newLoRa  0x00000000080074c0       0x28 ./User/drivers/lora/LoRa.o
                0x00000000080074c0                newLoRa
 .text.LoRa_reset
                0x00000000080074e8       0x26 ./User/drivers/lora/LoRa.o
                0x00000000080074e8                LoRa_reset
 .text.LoRa_readReg
                0x000000000800750e       0x52 ./User/drivers/lora/LoRa.o
                0x000000000800750e                LoRa_readReg
 .text.LoRa_writeReg
                0x0000000008007560       0x52 ./User/drivers/lora/LoRa.o
                0x0000000008007560                LoRa_writeReg
 .text.LoRa_read
                0x00000000080075b2       0x26 ./User/drivers/lora/LoRa.o
                0x00000000080075b2                LoRa_read
 .text.LoRa_write
                0x00000000080075d8       0x26 ./User/drivers/lora/LoRa.o
                0x00000000080075d8                LoRa_write
 *fill*         0x00000000080075fe        0x2 
 .text.LoRa_gotoMode
                0x0000000008007600       0x90 ./User/drivers/lora/LoRa.o
                0x0000000008007600                LoRa_gotoMode
 .text.LoRa_setLowDaraRateOptimization
                0x0000000008007690       0x2a ./User/drivers/lora/LoRa.o
                0x0000000008007690                LoRa_setLowDaraRateOptimization
 *fill*         0x00000000080076ba        0x2 
 .text.LoRa_setAutoLDO
                0x00000000080076bc       0x4c ./User/drivers/lora/LoRa.o
                0x00000000080076bc                LoRa_setAutoLDO
 .text.LoRa_setFrequency
                0x0000000008007708       0x3c ./User/drivers/lora/LoRa.o
                0x0000000008007708                LoRa_setFrequency
 .text.LoRa_setSpreadingFactor
                0x0000000008007744       0x46 ./User/drivers/lora/LoRa.o
                0x0000000008007744                LoRa_setSpreadingFactor
 .text.LoRa_setPower
                0x000000000800778a       0x12 ./User/drivers/lora/LoRa.o
                0x000000000800778a                LoRa_setPower
 .text.LoRa_setOCP
                0x000000000800779c       0x54 ./User/drivers/lora/LoRa.o
                0x000000000800779c                LoRa_setOCP
 .text.LoRa_setTOMsb_setCRCon
                0x00000000080077f0       0x20 ./User/drivers/lora/LoRa.o
                0x00000000080077f0                LoRa_setTOMsb_setCRCon
 .text.LoRa_BurstWrite
                0x0000000008007810       0x5c ./User/drivers/lora/LoRa.o
                0x0000000008007810                LoRa_BurstWrite
 .text.LoRa_isvalid
                0x000000000800786c        0x4 ./User/drivers/lora/LoRa.o
                0x000000000800786c                LoRa_isvalid
 .text.LoRa_transmit
                0x0000000008007870       0x88 ./User/drivers/lora/LoRa.o
                0x0000000008007870                LoRa_transmit
 .text.LoRa_startReceiving
                0x00000000080078f8        0xa ./User/drivers/lora/LoRa.o
                0x00000000080078f8                LoRa_startReceiving
 .text.LoRa_receive
                0x0000000008007902       0x80 ./User/drivers/lora/LoRa.o
                0x0000000008007902                LoRa_receive
 .text.LoRa_init
                0x0000000008007982       0xfc ./User/drivers/lora/LoRa.o
                0x0000000008007982                LoRa_init
 .text.get_1    0x0000000008007a7e       0x10 ./User/libs/nanoModbus/nanomodbus.o
 .text.put_1    0x0000000008007a8e        0xe ./User/libs/nanoModbus/nanomodbus.o
 .text.discard_1
                0x0000000008007a9c        0xc ./User/libs/nanoModbus/nanomodbus.o
 .text.discard_n
                0x0000000008007aa8        0xc ./User/libs/nanoModbus/nanomodbus.o
 .text.get_2    0x0000000008007ab4       0x16 ./User/libs/nanoModbus/nanomodbus.o
 .text.put_2    0x0000000008007aca       0x14 ./User/libs/nanoModbus/nanomodbus.o
 .text.get_n    0x0000000008007ade        0xe ./User/libs/nanoModbus/nanomodbus.o
 .text.get_regs
                0x0000000008007aec       0x2c ./User/libs/nanoModbus/nanomodbus.o
 .text.swap_regs
                0x0000000008007b18       0x1c ./User/libs/nanoModbus/nanomodbus.o
 .text.msg_buf_reset
                0x0000000008007b34        0x8 ./User/libs/nanoModbus/nanomodbus.o
 .text.msg_state_reset
                0x0000000008007b3c       0x20 ./User/libs/nanoModbus/nanomodbus.o
 .text.recv     0x0000000008007b5c       0x38 ./User/libs/nanoModbus/nanomodbus.o
 .text.send     0x0000000008007b94       0x32 ./User/libs/nanoModbus/nanomodbus.o
 .text.recv_msg_header
                0x0000000008007bc6       0xd6 ./User/libs/nanoModbus/nanomodbus.o
 .text.put_msg_header
                0x0000000008007c9c       0x56 ./User/libs/nanoModbus/nanomodbus.o
 .text.recv_req_header
                0x0000000008007cf2       0x30 ./User/libs/nanoModbus/nanomodbus.o
 .text.put_res_header
                0x0000000008007d22        0x8 ./User/libs/nanoModbus/nanomodbus.o
 .text.nmbs_create
                0x0000000008007d2a       0x60 ./User/libs/nanoModbus/nanomodbus.o
                0x0000000008007d2a                nmbs_create
 .text.nmbs_set_read_timeout
                0x0000000008007d8a        0x6 ./User/libs/nanoModbus/nanomodbus.o
                0x0000000008007d8a                nmbs_set_read_timeout
 .text.nmbs_set_byte_timeout
                0x0000000008007d90        0x6 ./User/libs/nanoModbus/nanomodbus.o
                0x0000000008007d90                nmbs_set_byte_timeout
 .text.nmbs_crc_calc
                0x0000000008007d96       0x3c ./User/libs/nanoModbus/nanomodbus.o
                0x0000000008007d96                nmbs_crc_calc
 .text.recv_msg_footer
                0x0000000008007dd2       0x3a ./User/libs/nanoModbus/nanomodbus.o
 .text.recv_res_header
                0x0000000008007e0c       0x8a ./User/libs/nanoModbus/nanomodbus.o
 .text.recv_read_discrete_res
                0x0000000008007e96       0x58 ./User/libs/nanoModbus/nanomodbus.o
 .text.recv_read_registers_res
                0x0000000008007eee       0x68 ./User/libs/nanoModbus/nanomodbus.o
 .text.send_msg
                0x0000000008007f56       0x2a ./User/libs/nanoModbus/nanomodbus.o
 .text.send_exception_msg
                0x0000000008007f80       0x26 ./User/libs/nanoModbus/nanomodbus.o
 .text.handle_read_discrete
                0x0000000008007fa6      0x11a ./User/libs/nanoModbus/nanomodbus.o
 .text.handle_read_coils
                0x00000000080080c0        0xc ./User/libs/nanoModbus/nanomodbus.o
 .text.handle_read_discrete_inputs
                0x00000000080080cc        0xc ./User/libs/nanoModbus/nanomodbus.o
 .text.handle_read_registers
                0x00000000080080d8      0x10c ./User/libs/nanoModbus/nanomodbus.o
 .text.handle_read_holding_registers
                0x00000000080081e4        0xc ./User/libs/nanoModbus/nanomodbus.o
 .text.handle_read_input_registers
                0x00000000080081f0        0xc ./User/libs/nanoModbus/nanomodbus.o
 .text.recv_write_single_coil_res
                0x00000000080081fc       0x4e ./User/libs/nanoModbus/nanomodbus.o
                0x00000000080081fc                recv_write_single_coil_res
 .text.handle_write_single_coil
                0x000000000800824a       0xcc ./User/libs/nanoModbus/nanomodbus.o
 .text.recv_write_single_register_res
                0x0000000008008316       0x4e ./User/libs/nanoModbus/nanomodbus.o
                0x0000000008008316                recv_write_single_register_res
 .text.handle_write_single_register
                0x0000000008008364       0xb0 ./User/libs/nanoModbus/nanomodbus.o
 .text.recv_write_multiple_coils_res
                0x0000000008008414       0x4e ./User/libs/nanoModbus/nanomodbus.o
                0x0000000008008414                recv_write_multiple_coils_res
 .text.handle_write_multiple_coils
                0x0000000008008462      0x152 ./User/libs/nanoModbus/nanomodbus.o
 .text.recv_write_multiple_registers_res
                0x00000000080085b4       0x4e ./User/libs/nanoModbus/nanomodbus.o
                0x00000000080085b4                recv_write_multiple_registers_res
 .text.handle_write_multiple_registers
                0x0000000008008602      0x13e ./User/libs/nanoModbus/nanomodbus.o
 .text.recv_read_file_record_res
                0x0000000008008740       0x98 ./User/libs/nanoModbus/nanomodbus.o
                0x0000000008008740                recv_read_file_record_res
 .text.handle_read_file_record
                0x00000000080087d8      0x23c ./User/libs/nanoModbus/nanomodbus.o
 .text.recv_write_file_record_res
                0x0000000008008a14       0xd0 ./User/libs/nanoModbus/nanomodbus.o
                0x0000000008008a14                recv_write_file_record_res
 .text.handle_write_file_record
                0x0000000008008ae4      0x1d8 ./User/libs/nanoModbus/nanomodbus.o
 .text.handle_req_fc
                0x0000000008008cbc       0x66 ./User/libs/nanoModbus/nanomodbus.o
 .text.nmbs_server_create
                0x0000000008008d22       0x48 ./User/libs/nanoModbus/nanomodbus.o
                0x0000000008008d22                nmbs_server_create
 .text.nmbs_server_poll
                0x0000000008008d6a       0x76 ./User/libs/nanoModbus/nanomodbus.o
                0x0000000008008d6a                nmbs_server_poll
 .text.mb_slv_send_if
                0x0000000008008de0        0xe ./User/main_app.o
                0x0000000008008de0                mb_slv_send_if
 .text.mb_slv_rcv_if
                0x0000000008008dee       0x10 ./User/main_app.o
                0x0000000008008dee                mb_slv_rcv_if
 *fill*         0x0000000008008dfe        0x2 
 .text.modbus_cb_write_single_register_cb
                0x0000000008008e00       0x6c ./User/main_app.o
                0x0000000008008e00                modbus_cb_write_single_register_cb
 .text.modbus_cb_write_multiple_registers_cb
                0x0000000008008e6c       0x24 ./User/main_app.o
                0x0000000008008e6c                modbus_cb_write_multiple_registers_cb
 .text.modbus_cb_read_holding_registers
                0x0000000008008e90       0x24 ./User/main_app.o
                0x0000000008008e90                modbus_cb_read_holding_registers
 .text.modbus_cb_read_input_registers
                0x0000000008008eb4       0x5c ./User/main_app.o
                0x0000000008008eb4                modbus_cb_read_input_registers
 .text.get_tick_count
                0x0000000008008f10        0xa ./User/main_app.o
                0x0000000008008f10                get_tick_count
 *fill*         0x0000000008008f1a        0x2 
 .text.main_app
                0x0000000008008f1c       0x5c ./User/main_app.o
                0x0000000008008f1c                main_app
 .text.sm_mb_slave_free
                0x0000000008008f78        0xc ./User/services/modbus/mb_slave/sm_mb_slave_impl.o
                0x0000000008008f78                sm_mb_slave_free
 .text.sm_mb_slave_set_addr
                0x0000000008008f84        0xe ./User/services/modbus/mb_slave/sm_mb_slave_impl.o
                0x0000000008008f84                sm_mb_slave_set_addr
 .text.sm_mb_slave_reg_function_cb
                0x0000000008008f92       0x4a ./User/services/modbus/mb_slave/sm_mb_slave_impl.o
                0x0000000008008f92                sm_mb_slave_reg_function_cb
 .text.nmbs_read_fn
                0x0000000008008fdc       0x20 ./User/services/modbus/mb_slave/sm_mb_slave_impl.o
                0x0000000008008fdc                nmbs_read_fn
 .text.nmbs_write_fn
                0x0000000008008ffc       0x20 ./User/services/modbus/mb_slave/sm_mb_slave_impl.o
                0x0000000008008ffc                nmbs_write_fn
 .text.sm_mb_slave_init
                0x000000000800901c       0x54 ./User/services/modbus/mb_slave/sm_mb_slave_impl.o
                0x000000000800901c                sm_mb_slave_init
 .text.sm_mb_slave_polling
                0x0000000008009070       0x12 ./User/services/modbus/mb_slave/sm_mb_slave_impl.o
                0x0000000008009070                sm_mb_slave_polling
 *fill*         0x0000000008009082        0x2 
 .text.sm_mb_slave_create_default
                0x0000000008009084       0x14 ./User/services/modbus/mb_slave/sm_mb_slave_impl.o
                0x0000000008009084                sm_mb_slave_create_default
 .text.sv_lora_get_bytes_availabe
                0x0000000008009098       0x20 ./User/services/sv_lora/sv_lora.o
 .text.sv_lora_send_bytes
                0x00000000080090b8       0x20 ./User/services/sv_lora/sv_lora.o
                0x00000000080090b8                sv_lora_send_bytes
 .text.sv_lora_init
                0x00000000080090d8       0x8c ./User/services/sv_lora/sv_lora.o
                0x00000000080090d8                sv_lora_init
 .text.sv_lora_polling_bytes
                0x0000000008009164       0x54 ./User/services/sv_lora/sv_lora.o
                0x0000000008009164                sv_lora_polling_bytes
 .text.sv_lora_get_bytes
                0x00000000080091b8       0x6c ./User/services/sv_lora/sv_lora.o
                0x00000000080091b8                sv_lora_get_bytes
 .text.sm_logger_show
                0x0000000008009224       0x94 ./User/utils/sm_logger.o
                0x0000000008009224                sm_logger_show
 .text.sbrk_aligned
                0x00000000080092b8       0x40 /opt/st/stm32cubeide_1.14.0/plugins/com.st.stm32cube.ide.mcu.externaltools.gnu-tools-for-stm32.11.3.rel1.linux64_1.1.100.202309141235/tools/bin/../lib/gcc/arm-none-eabi/11.3.1/../../../../arm-none-eabi/lib/thumb/v7-m/nofp/libc_nano.a(libc_a-mallocr.o)
 .text._malloc_r
                0x00000000080092f8      0x100 /opt/st/stm32cubeide_1.14.0/plugins/com.st.stm32cube.ide.mcu.externaltools.gnu-tools-for-stm32.11.3.rel1.linux64_1.1.100.202309141235/tools/bin/../lib/gcc/arm-none-eabi/11.3.1/../../../../arm-none-eabi/lib/thumb/v7-m/nofp/libc_nano.a(libc_a-mallocr.o)
                0x00000000080092f8                _malloc_r
 .text.__malloc_lock
                0x00000000080093f8        0xc /opt/st/stm32cubeide_1.14.0/plugins/com.st.stm32cube.ide.mcu.externaltools.gnu-tools-for-stm32.11.3.rel1.linux64_1.1.100.202309141235/tools/bin/../lib/gcc/arm-none-eabi/11.3.1/../../../../arm-none-eabi/lib/thumb/v7-m/nofp/libc_nano.a(libc_a-mlock.o)
                0x00000000080093f8                __malloc_lock
 .text.__malloc_unlock
                0x0000000008009404        0xc /opt/st/stm32cubeide_1.14.0/plugins/com.st.stm32cube.ide.mcu.externaltools.gnu-tools-for-stm32.11.3.rel1.linux64_1.1.100.202309141235/tools/bin/../lib/gcc/arm-none-eabi/11.3.1/../../../../arm-none-eabi/lib/thumb/v7-m/nofp/libc_nano.a(libc_a-mlock.o)
                0x0000000008009404                __malloc_unlock
 .text.snprintf
                0x0000000008009410       0x68 /opt/st/stm32cubeide_1.14.0/plugins/com.st.stm32cube.ide.mcu.externaltools.gnu-tools-for-stm32.11.3.rel1.linux64_1.1.100.202309141235/tools/bin/../lib/gcc/arm-none-eabi/11.3.1/../../../../arm-none-eabi/lib/thumb/v7-m/nofp/libc_nano.a(libc_a-snprintf.o)
                0x0000000008009410                snprintf
                0x0000000008009410                sniprintf
 .text._vsnprintf_r
                0x0000000008009478       0x56 /opt/st/stm32cubeide_1.14.0/plugins/com.st.stm32cube.ide.mcu.externaltools.gnu-tools-for-stm32.11.3.rel1.linux64_1.1.100.202309141235/tools/bin/../lib/gcc/arm-none-eabi/11.3.1/../../../../arm-none-eabi/lib/thumb/v7-m/nofp/libc_nano.a(libc_a-vsnprintf.o)
                0x0000000008009478                _vsnprintf_r
                0x0000000008009478                _vsniprintf_r
 *fill*         0x00000000080094ce        0x2 
 .text.vsnprintf
                0x00000000080094d0       0x1c /opt/st/stm32cubeide_1.14.0/plugins/com.st.stm32cube.ide.mcu.externaltools.gnu-tools-for-stm32.11.3.rel1.linux64_1.1.100.202309141235/tools/bin/../lib/gcc/arm-none-eabi/11.3.1/../../../../arm-none-eabi/lib/thumb/v7-m/nofp/libc_nano.a(libc_a-vsnprintf.o)
                0x00000000080094d0                vsnprintf
                0x00000000080094d0                vsniprintf
 .text.memcmp   0x00000000080094ec       0x20 /opt/st/stm32cubeide_1.14.0/plugins/com.st.stm32cube.ide.mcu.externaltools.gnu-tools-for-stm32.11.3.rel1.linux64_1.1.100.202309141235/tools/bin/../lib/gcc/arm-none-eabi/11.3.1/../../../../arm-none-eabi/lib/thumb/v7-m/nofp/libc_nano.a(libc_a-memcmp.o)
                0x00000000080094ec                memcmp
 .text.memset   0x000000000800950c       0x10 /opt/st/stm32cubeide_1.14.0/plugins/com.st.stm32cube.ide.mcu.externaltools.gnu-tools-for-stm32.11.3.rel1.linux64_1.1.100.202309141235/tools/bin/../lib/gcc/arm-none-eabi/11.3.1/../../../../arm-none-eabi/lib/thumb/v7-m/nofp/libc_nano.a(libc_a-memset.o)
                0x000000000800950c                memset
 .text._sbrk_r  0x000000000800951c       0x20 /opt/st/stm32cubeide_1.14.0/plugins/com.st.stm32cube.ide.mcu.externaltools.gnu-tools-for-stm32.11.3.rel1.linux64_1.1.100.202309141235/tools/bin/../lib/gcc/arm-none-eabi/11.3.1/../../../../arm-none-eabi/lib/thumb/v7-m/nofp/libc_nano.a(libc_a-sbrkr.o)
                0x000000000800951c                _sbrk_r
 .text.__errno  0x000000000800953c        0xc /opt/st/stm32cubeide_1.14.0/plugins/com.st.stm32cube.ide.mcu.externaltools.gnu-tools-for-stm32.11.3.rel1.linux64_1.1.100.202309141235/tools/bin/../lib/gcc/arm-none-eabi/11.3.1/../../../../arm-none-eabi/lib/thumb/v7-m/nofp/libc_nano.a(libc_a-errno.o)
                0x000000000800953c                __errno
 .text.__libc_init_array
                0x0000000008009548       0x48 /opt/st/stm32cubeide_1.14.0/plugins/com.st.stm32cube.ide.mcu.externaltools.gnu-tools-for-stm32.11.3.rel1.linux64_1.1.100.202309141235/tools/bin/../lib/gcc/arm-none-eabi/11.3.1/../../../../arm-none-eabi/lib/thumb/v7-m/nofp/libc_nano.a(libc_a-init.o)
                0x0000000008009548                __libc_init_array
 .text.__retarget_lock_acquire_recursive
                0x0000000008009590        0x2 /opt/st/stm32cubeide_1.14.0/plugins/com.st.stm32cube.ide.mcu.externaltools.gnu-tools-for-stm32.11.3.rel1.linux64_1.1.100.202309141235/tools/bin/../lib/gcc/arm-none-eabi/11.3.1/../../../../arm-none-eabi/lib/thumb/v7-m/nofp/libc_nano.a(libc_a-lock.o)
                0x0000000008009590                __retarget_lock_acquire_recursive
 .text.__retarget_lock_release_recursive
                0x0000000008009592        0x2 /opt/st/stm32cubeide_1.14.0/plugins/com.st.stm32cube.ide.mcu.externaltools.gnu-tools-for-stm32.11.3.rel1.linux64_1.1.100.202309141235/tools/bin/../lib/gcc/arm-none-eabi/11.3.1/../../../../arm-none-eabi/lib/thumb/v7-m/nofp/libc_nano.a(libc_a-lock.o)
                0x0000000008009592                __retarget_lock_release_recursive
 .text.memcpy   0x0000000008009594       0x1c /opt/st/stm32cubeide_1.14.0/plugins/com.st.stm32cube.ide.mcu.externaltools.gnu-tools-for-stm32.11.3.rel1.linux64_1.1.100.202309141235/tools/bin/../lib/gcc/arm-none-eabi/11.3.1/../../../../arm-none-eabi/lib/thumb/v7-m/nofp/libc_nano.a(libc_a-memcpy-stub.o)
                0x0000000008009594                memcpy
 .text._free_r  0x00000000080095b0       0x90 /opt/st/stm32cubeide_1.14.0/plugins/com.st.stm32cube.ide.mcu.externaltools.gnu-tools-for-stm32.11.3.rel1.linux64_1.1.100.202309141235/tools/bin/../lib/gcc/arm-none-eabi/11.3.1/../../../../arm-none-eabi/lib/thumb/v7-m/nofp/libc_nano.a(libc_a-freer.o)
                0x00000000080095b0                _free_r
 .text.__ssputs_r
                0x0000000008009640       0xb4 /opt/st/stm32cubeide_1.14.0/plugins/com.st.stm32cube.ide.mcu.externaltools.gnu-tools-for-stm32.11.3.rel1.linux64_1.1.100.202309141235/tools/bin/../lib/gcc/arm-none-eabi/11.3.1/../../../../arm-none-eabi/lib/thumb/v7-m/nofp/libc_nano.a(libc_a-nano-svfprintf.o)
                0x0000000008009640                __ssputs_r
 .text._svfprintf_r
                0x00000000080096f4      0x1fc /opt/st/stm32cubeide_1.14.0/plugins/com.st.stm32cube.ide.mcu.externaltools.gnu-tools-for-stm32.11.3.rel1.linux64_1.1.100.202309141235/tools/bin/../lib/gcc/arm-none-eabi/11.3.1/../../../../arm-none-eabi/lib/thumb/v7-m/nofp/libc_nano.a(libc_a-nano-svfprintf.o)
                0x00000000080096f4                _svfprintf_r
                0x00000000080096f4                _svfiprintf_r
 .text._printf_common
                0x00000000080098f0       0xe4 /opt/st/stm32cubeide_1.14.0/plugins/com.st.stm32cube.ide.mcu.externaltools.gnu-tools-for-stm32.11.3.rel1.linux64_1.1.100.202309141235/tools/bin/../lib/gcc/arm-none-eabi/11.3.1/../../../../arm-none-eabi/lib/thumb/v7-m/nofp/libc_nano.a(libc_a-nano-vfprintf_i.o)
                0x00000000080098f0                _printf_common
 .text._printf_i
                0x00000000080099d4      0x244 /opt/st/stm32cubeide_1.14.0/plugins/com.st.stm32cube.ide.mcu.externaltools.gnu-tools-for-stm32.11.3.rel1.linux64_1.1.100.202309141235/tools/bin/../lib/gcc/arm-none-eabi/11.3.1/../../../../arm-none-eabi/lib/thumb/v7-m/nofp/libc_nano.a(libc_a-nano-vfprintf_i.o)
                0x00000000080099d4                _printf_i
 .text.memmove  0x0000000008009c18       0x34 /opt/st/stm32cubeide_1.14.0/plugins/com.st.stm32cube.ide.mcu.externaltools.gnu-tools-for-stm32.11.3.rel1.linux64_1.1.100.202309141235/tools/bin/../lib/gcc/arm-none-eabi/11.3.1/../../../../arm-none-eabi/lib/thumb/v7-m/nofp/libc_nano.a(libc_a-memmove.o)
                0x0000000008009c18                memmove
 .text.memchr   0x0000000008009c4c       0x1c /opt/st/stm32cubeide_1.14.0/plugins/com.st.stm32cube.ide.mcu.externaltools.gnu-tools-for-stm32.11.3.rel1.linux64_1.1.100.202309141235/tools/bin/../lib/gcc/arm-none-eabi/11.3.1/../../../../arm-none-eabi/lib/thumb/v7-m/nofp/libc_nano.a(libc_a-memchr-stub.o)
                0x0000000008009c4c                memchr
 .text._realloc_r
                0x0000000008009c68       0x5e /opt/st/stm32cubeide_1.14.0/plugins/com.st.stm32cube.ide.mcu.externaltools.gnu-tools-for-stm32.11.3.rel1.linux64_1.1.100.202309141235/tools/bin/../lib/gcc/arm-none-eabi/11.3.1/../../../../arm-none-eabi/lib/thumb/v7-m/nofp/libc_nano.a(libc_a-reallocr.o)
                0x0000000008009c68                _realloc_r
 .text._malloc_usable_size_r
                0x0000000008009cc6       0x10 /opt/st/stm32cubeide_1.14.0/plugins/com.st.stm32cube.ide.mcu.externaltools.gnu-tools-for-stm32.11.3.rel1.linux64_1.1.100.202309141235/tools/bin/../lib/gcc/arm-none-eabi/11.3.1/../../../../arm-none-eabi/lib/thumb/v7-m/nofp/libc_nano.a(libc_a-msizer.o)
                0x0000000008009cc6                _malloc_usable_size_r
 *(.glue_7)
 .glue_7        0x0000000008009cd6        0x0 linker stubs
 *(.glue_7t)
 .glue_7t       0x0000000008009cd6        0x0 linker stubs
 *(.eh_frame)
 *fill*         0x0000000008009cd6        0x2 
 .eh_frame      0x0000000008009cd8        0x0 /opt/st/stm32cubeide_1.14.0/plugins/com.st.stm32cube.ide.mcu.externaltools.gnu-tools-for-stm32.11.3.rel1.linux64_1.1.100.202309141235/tools/bin/../lib/gcc/arm-none-eabi/11.3.1/thumb/v7-m/nofp/crtbegin.o
 *(.init)
 .init          0x0000000008009cd8        0x4 /opt/st/stm32cubeide_1.14.0/plugins/com.st.stm32cube.ide.mcu.externaltools.gnu-tools-for-stm32.11.3.rel1.linux64_1.1.100.202309141235/tools/bin/../lib/gcc/arm-none-eabi/11.3.1/thumb/v7-m/nofp/crti.o
                0x0000000008009cd8                _init
 .init          0x0000000008009cdc        0x8 /opt/st/stm32cubeide_1.14.0/plugins/com.st.stm32cube.ide.mcu.externaltools.gnu-tools-for-stm32.11.3.rel1.linux64_1.1.100.202309141235/tools/bin/../lib/gcc/arm-none-eabi/11.3.1/thumb/v7-m/nofp/crtn.o
 *(.fini)
 .fini          0x0000000008009ce4        0x4 /opt/st/stm32cubeide_1.14.0/plugins/com.st.stm32cube.ide.mcu.externaltools.gnu-tools-for-stm32.11.3.rel1.linux64_1.1.100.202309141235/tools/bin/../lib/gcc/arm-none-eabi/11.3.1/thumb/v7-m/nofp/crti.o
                0x0000000008009ce4                _fini
 .fini          0x0000000008009ce8        0x8 /opt/st/stm32cubeide_1.14.0/plugins/com.st.stm32cube.ide.mcu.externaltools.gnu-tools-for-stm32.11.3.rel1.linux64_1.1.100.202309141235/tools/bin/../lib/gcc/arm-none-eabi/11.3.1/thumb/v7-m/nofp/crtn.o
                0x0000000008009cf0                . = ALIGN (0x4)
                0x0000000008009cf0                _etext = .

.vfp11_veneer   0x0000000008009cf0        0x0
 .vfp11_veneer  0x0000000008009cf0        0x0 linker stubs

.v4_bx          0x0000000008009cf0        0x0
 .v4_bx         0x0000000008009cf0        0x0 linker stubs

.iplt           0x0000000008009cf0        0x0
 .iplt          0x0000000008009cf0        0x0 /opt/st/stm32cubeide_1.14.0/plugins/com.st.stm32cube.ide.mcu.externaltools.gnu-tools-for-stm32.11.3.rel1.linux64_1.1.100.202309141235/tools/bin/../lib/gcc/arm-none-eabi/11.3.1/thumb/v7-m/nofp/crtbegin.o

.rodata         0x0000000008009cf0      0x2b0
                0x0000000008009cf0                . = ALIGN (0x4)
 *(.rodata)
 .rodata        0x0000000008009cf0       0x50 ./User/drivers/lora/LoRa.o
 *(.rodata*)
 .rodata.AHBPrescTable
                0x0000000008009d40       0x10 ./Core/Src/system_stm32f1xx.o
                0x0000000008009d40                AHBPrescTable
 .rodata.APBPrescTable
                0x0000000008009d50        0x8 ./Core/Src/system_stm32f1xx.o
                0x0000000008009d50                APBPrescTable
 .rodata.aPLLMULFactorTable.1
                0x0000000008009d58       0x10 ./Drivers/STM32F1xx_HAL_Driver/Src/stm32f1xx_hal_rcc.o
 .rodata.aPredivFactorTable.0
                0x0000000008009d68        0x2 ./Drivers/STM32F1xx_HAL_Driver/Src/stm32f1xx_hal_rcc.o
 *fill*         0x0000000008009d6a        0x2 
 .rodata.USBD_FS_ProductStrDescriptor.str1.4
                0x0000000008009d6c       0x16 ./USB_DEVICE/App/usbd_desc.o
 *fill*         0x0000000008009d82        0x2 
 .rodata.USBD_FS_ManufacturerStrDescriptor.str1.4
                0x0000000008009d84       0x13 ./USB_DEVICE/App/usbd_desc.o
 *fill*         0x0000000008009d97        0x1 
 .rodata.USBD_FS_ConfigStrDescriptor.str1.4
                0x0000000008009d98        0xb ./USB_DEVICE/App/usbd_desc.o
 *fill*         0x0000000008009da3        0x1 
 .rodata.USBD_FS_InterfaceStrDescriptor.str1.4
                0x0000000008009da4        0xe ./USB_DEVICE/App/usbd_desc.o
 *fill*         0x0000000008009db2        0x2 
 .rodata.modbus_cb_write_single_register_cb.str1.4
                0x0000000008009db4       0x75 ./User/main_app.o
 *fill*         0x0000000008009e29        0x3 
 .rodata.modbus_cb_write_multiple_registers_cb.str1.4
                0x0000000008009e2c       0x26 ./User/main_app.o
 *fill*         0x0000000008009e52        0x2 
 .rodata.modbus_cb_read_holding_registers.str1.4
                0x0000000008009e54       0x27 ./User/main_app.o
 *fill*         0x0000000008009e7b        0x1 
 .rodata.modbus_cb_read_input_registers.str1.4
                0x0000000008009e7c       0x36 ./User/main_app.o
 *fill*         0x0000000008009eb2        0x2 
 .rodata.main_app.str1.4
                0x0000000008009eb4       0x1c ./User/main_app.o
 .rodata.g_mb_slave_callback
                0x0000000008009ed0       0x20 ./User/main_app.o
 .rodata.sm_logger_show.str1.4
                0x0000000008009ef0        0xc ./User/utils/sm_logger.o
 .rodata.str1.4
                0x0000000008009efc       0x45 ./User/utils/sm_logger.o
                                         0x4e (size before relaxing)
 *fill*         0x0000000008009f41        0x3 
 .rodata.log_level_colors
                0x0000000008009f44       0x14 ./User/utils/sm_logger.o
 .rodata.log_level_names
                0x0000000008009f58       0x14 ./User/utils/sm_logger.o
 .rodata._svfprintf_r.str1.1
                0x0000000008009f6c       0x11 /opt/st/stm32cubeide_1.14.0/plugins/com.st.stm32cube.ide.mcu.externaltools.gnu-tools-for-stm32.11.3.rel1.linux64_1.1.100.202309141235/tools/bin/../lib/gcc/arm-none-eabi/11.3.1/../../../../arm-none-eabi/lib/thumb/v7-m/nofp/libc_nano.a(libc_a-nano-svfprintf.o)
 .rodata._printf_i.str1.1
                0x0000000008009f7d       0x22 /opt/st/stm32cubeide_1.14.0/plugins/com.st.stm32cube.ide.mcu.externaltools.gnu-tools-for-stm32.11.3.rel1.linux64_1.1.100.202309141235/tools/bin/../lib/gcc/arm-none-eabi/11.3.1/../../../../arm-none-eabi/lib/thumb/v7-m/nofp/libc_nano.a(libc_a-nano-vfprintf_i.o)
                0x0000000008009fa0                . = ALIGN (0x4)
 *fill*         0x0000000008009f9f        0x1 

.rel.dyn        0x0000000008009fa0        0x0
 .rel.iplt      0x0000000008009fa0        0x0 /opt/st/stm32cubeide_1.14.0/plugins/com.st.stm32cube.ide.mcu.externaltools.gnu-tools-for-stm32.11.3.rel1.linux64_1.1.100.202309141235/tools/bin/../lib/gcc/arm-none-eabi/11.3.1/thumb/v7-m/nofp/crtbegin.o

.ARM.extab      0x0000000008009fa0        0x0
                0x0000000008009fa0                . = ALIGN (0x4)
 *(.ARM.extab* .gnu.linkonce.armextab.*)
                0x0000000008009fa0                . = ALIGN (0x4)

.ARM            0x0000000008009fa0        0x0
                0x0000000008009fa0                . = ALIGN (0x4)
                0x0000000008009fa0                __exidx_start = .
 *(.ARM.exidx*)
                0x0000000008009fa0                __exidx_end = .
                0x0000000008009fa0                . = ALIGN (0x4)

.preinit_array  0x0000000008009fa0        0x0
                0x0000000008009fa0                . = ALIGN (0x4)
                0x0000000008009fa0                PROVIDE (__preinit_array_start = .)
 *(.preinit_array*)
                0x0000000008009fa0                PROVIDE (__preinit_array_end = .)
                0x0000000008009fa0                . = ALIGN (0x4)

.init_array     0x0000000008009fa0        0x4
                0x0000000008009fa0                . = ALIGN (0x4)
                0x0000000008009fa0                PROVIDE (__init_array_start = .)
 *(SORT_BY_NAME(.init_array.*))
 *(.init_array*)
 .init_array    0x0000000008009fa0        0x4 /opt/st/stm32cubeide_1.14.0/plugins/com.st.stm32cube.ide.mcu.externaltools.gnu-tools-for-stm32.11.3.rel1.linux64_1.1.100.202309141235/tools/bin/../lib/gcc/arm-none-eabi/11.3.1/thumb/v7-m/nofp/crtbegin.o
                0x0000000008009fa4                PROVIDE (__init_array_end = .)
                0x0000000008009fa4                . = ALIGN (0x4)

.fini_array     0x0000000008009fa4        0x4
                0x0000000008009fa4                . = ALIGN (0x4)
                [!provide]                        PROVIDE (__fini_array_start = .)
 *(SORT_BY_NAME(.fini_array.*))
 *(.fini_array*)
 .fini_array    0x0000000008009fa4        0x4 /opt/st/stm32cubeide_1.14.0/plugins/com.st.stm32cube.ide.mcu.externaltools.gnu-tools-for-stm32.11.3.rel1.linux64_1.1.100.202309141235/tools/bin/../lib/gcc/arm-none-eabi/11.3.1/thumb/v7-m/nofp/crtbegin.o
                [!provide]                        PROVIDE (__fini_array_end = .)
                0x0000000008009fa8                . = ALIGN (0x4)
                0x0000000008009fa8                _sidata = LOADADDR (.data)

.data           0x0000000020000000      0x390 load address 0x0000000008009fa8
                0x0000000020000000                . = ALIGN (0x4)
                0x0000000020000000                _sdata = .
 *(.data)
 *(.data*)
 .data.SystemCoreClock
                0x0000000020000000        0x4 ./Core/Src/system_stm32f1xx.o
                0x0000000020000000                SystemCoreClock
 .data.uwTickFreq
                0x0000000020000004        0x1 ./Drivers/STM32F1xx_HAL_Driver/Src/stm32f1xx_hal.o
                0x0000000020000004                uwTickFreq
 *fill*         0x0000000020000005        0x3 
 .data.uwTickPrio
                0x0000000020000008        0x4 ./Drivers/STM32F1xx_HAL_Driver/Src/stm32f1xx_hal.o
                0x0000000020000008                uwTickPrio
 .data.USBD_CDC
                0x000000002000000c       0x38 ./Middlewares/ST/STM32_USB_Device_Library/Class/CDC/Src/usbd_cdc.o
                0x000000002000000c                USBD_CDC
 .data.USBD_CDC_CfgFSDesc
                0x0000000020000044       0x43 ./Middlewares/ST/STM32_USB_Device_Library/Class/CDC/Src/usbd_cdc.o
                0x0000000020000044                USBD_CDC_CfgFSDesc
 *fill*         0x0000000020000087        0x1 
 .data.USBD_CDC_CfgHSDesc
                0x0000000020000088       0x43 ./Middlewares/ST/STM32_USB_Device_Library/Class/CDC/Src/usbd_cdc.o
                0x0000000020000088                USBD_CDC_CfgHSDesc
 *fill*         0x00000000200000cb        0x1 
 .data.USBD_CDC_DeviceQualifierDesc
                0x00000000200000cc        0xa ./Middlewares/ST/STM32_USB_Device_Library/Class/CDC/Src/usbd_cdc.o
 *fill*         0x00000000200000d6        0x2 
 .data.USBD_CDC_OtherSpeedCfgDesc
                0x00000000200000d8       0x43 ./Middlewares/ST/STM32_USB_Device_Library/Class/CDC/Src/usbd_cdc.o
                0x00000000200000d8                USBD_CDC_OtherSpeedCfgDesc
 *fill*         0x000000002000011b        0x1 
 .data.USBD_Interface_fops_FS
                0x000000002000011c       0x10 ./USB_DEVICE/App/usbd_cdc_if.o
                0x000000002000011c                USBD_Interface_fops_FS
 .data.FS_Desc  0x000000002000012c       0x1c ./USB_DEVICE/App/usbd_desc.o
                0x000000002000012c                FS_Desc
 .data.USBD_FS_DeviceDesc
                0x0000000020000148       0x12 ./USB_DEVICE/App/usbd_desc.o
                0x0000000020000148                USBD_FS_DeviceDesc
 *fill*         0x000000002000015a        0x2 
 .data.USBD_LangIDDesc
                0x000000002000015c        0x4 ./USB_DEVICE/App/usbd_desc.o
                0x000000002000015c                USBD_LangIDDesc
 .data.USBD_StringSerial
                0x0000000020000160       0x1a ./USB_DEVICE/App/usbd_desc.o
                0x0000000020000160                USBD_StringSerial
 *fill*         0x000000002000017a        0x2 
 .data.g_mb_proc_default
                0x000000002000017c       0x14 ./User/services/modbus/mb_slave/sm_mb_slave_impl.o
 .data.g_mb_slave
                0x0000000020000190      0x1a8 ./User/services/modbus/mb_slave/sm_mb_slave_impl.o
 .data.g_logger
                0x0000000020000338        0x8 ./User/utils/sm_logger.o
 .data._impure_data
                0x0000000020000340       0x4c /opt/st/stm32cubeide_1.14.0/plugins/com.st.stm32cube.ide.mcu.externaltools.gnu-tools-for-stm32.11.3.rel1.linux64_1.1.100.202309141235/tools/bin/../lib/gcc/arm-none-eabi/11.3.1/../../../../arm-none-eabi/lib/thumb/v7-m/nofp/libc_nano.a(libc_a-impure.o)
                0x0000000020000340                _impure_data
 .data._impure_ptr
                0x000000002000038c        0x4 /opt/st/stm32cubeide_1.14.0/plugins/com.st.stm32cube.ide.mcu.externaltools.gnu-tools-for-stm32.11.3.rel1.linux64_1.1.100.202309141235/tools/bin/../lib/gcc/arm-none-eabi/11.3.1/../../../../arm-none-eabi/lib/thumb/v7-m/nofp/libc_nano.a(libc_a-impure.o)
                0x000000002000038c                _impure_ptr
 *(.RamFunc)
 *(.RamFunc*)
                0x0000000020000390                . = ALIGN (0x4)
                0x0000000020000390                _edata = .

.igot.plt       0x0000000020000390        0x0 load address 0x000000000800a338
 .igot.plt      0x0000000020000390        0x0 /opt/st/stm32cubeide_1.14.0/plugins/com.st.stm32cube.ide.mcu.externaltools.gnu-tools-for-stm32.11.3.rel1.linux64_1.1.100.202309141235/tools/bin/../lib/gcc/arm-none-eabi/11.3.1/thumb/v7-m/nofp/crtbegin.o
                0x0000000020000390                . = ALIGN (0x4)

.bss            0x0000000020000390     0x1384 load address 0x000000000800a338
                0x0000000020000390                _sbss = .
                0x0000000020000390                __bss_start__ = _sbss
 *(.bss)
 .bss           0x0000000020000390       0x1c /opt/st/stm32cubeide_1.14.0/plugins/com.st.stm32cube.ide.mcu.externaltools.gnu-tools-for-stm32.11.3.rel1.linux64_1.1.100.202309141235/tools/bin/../lib/gcc/arm-none-eabi/11.3.1/thumb/v7-m/nofp/crtbegin.o
 *(.bss*)
 .bss.hadc1     0x00000000200003ac       0x30 ./Core/Src/main.o
                0x00000000200003ac                hadc1
 .bss.hi2c1     0x00000000200003dc       0x54 ./Core/Src/main.o
                0x00000000200003dc                hi2c1
 .bss.hspi1     0x0000000020000430       0x58 ./Core/Src/main.o
                0x0000000020000430                hspi1
 .bss.htim2     0x0000000020000488       0x48 ./Core/Src/main.o
                0x0000000020000488                htim2
 .bss.huart1    0x00000000200004d0       0x48 ./Core/Src/main.o
                0x00000000200004d0                huart1
 .bss.huart2    0x0000000020000518       0x48 ./Core/Src/main.o
                0x0000000020000518                huart2
 .bss.huart3    0x0000000020000560       0x48 ./Core/Src/main.o
                0x0000000020000560                huart3
 .bss.__sbrk_heap_end
                0x00000000200005a8        0x4 ./Core/Src/sysmem.o
 .bss.uwTick    0x00000000200005ac        0x4 ./Drivers/STM32F1xx_HAL_Driver/Src/stm32f1xx_hal.o
                0x00000000200005ac                uwTick
 .bss.cfgidx.0  0x00000000200005b0        0x1 ./Middlewares/ST/STM32_USB_Device_Library/Core/Src/usbd_ctlreq.o
 *fill*         0x00000000200005b1        0x3 
 .bss.hUsbDeviceFS
                0x00000000200005b4      0x2c4 ./USB_DEVICE/App/usb_device.o
                0x00000000200005b4                hUsbDeviceFS
 .bss.UserRxBufferFS
                0x0000000020000878      0x200 ./USB_DEVICE/App/usbd_cdc_if.o
                0x0000000020000878                UserRxBufferFS
 .bss.UserTxBufferFS
                0x0000000020000a78      0x200 ./USB_DEVICE/App/usbd_cdc_if.o
                0x0000000020000a78                UserTxBufferFS
 .bss.USBD_StrDesc
                0x0000000020000c78      0x200 ./USB_DEVICE/App/usbd_desc.o
                0x0000000020000c78                USBD_StrDesc
 .bss.hpcd_USB_FS
                0x0000000020000e78      0x2d8 ./USB_DEVICE/Target/usbd_conf.o
                0x0000000020000e78                hpcd_USB_FS
 .bss.mem.0     0x0000000020001150      0x220 ./USB_DEVICE/Target/usbd_conf.o
 .bss.g_mb_slave
                0x0000000020001370        0x4 ./User/main_app.o
                0x0000000020001370                g_mb_slave
 .bss.g_slave_info
                0x0000000020001374       0x24 ./User/main_app.o
                0x0000000020001374                g_slave_info
 .bss.g_head    0x0000000020001398        0x4 ./User/services/sv_lora/sv_lora.o
                0x0000000020001398                g_head
 .bss.g_lora    0x000000002000139c       0x2c ./User/services/sv_lora/sv_lora.o
                0x000000002000139c                g_lora
 .bss.g_queue_buff
                0x00000000200013c8      0x200 ./User/services/sv_lora/sv_lora.o
                0x00000000200013c8                g_queue_buff
 .bss.g_tail    0x00000000200015c8        0x4 ./User/services/sv_lora/sv_lora.o
                0x00000000200015c8                g_tail
 .bss.__malloc_free_list