../User/libs/nanoModbus/nanomodbus.c:40:16:get_1	0	static
../User/libs/nanoModbus/nanomodbus.c:47:13:put_1	0	static
../User/libs/nanoModbus/nanomodbus.c:53:13:discard_1	0	static
../User/libs/nanoModbus/nanomodbus.c:58:13:discard_n	0	static
../User/libs/nanoModbus/nanomodbus.c:63:17:get_2	0	static
../User/libs/nanoModbus/nanomodbus.c:75:13:put_2	0	static
../User/libs/nanoModbus/nanomodbus.c:82:17:get_n	0	static
../User/libs/nanoModbus/nanomodbus.c:89:18:get_regs	0	static
../User/libs/nanoModbus/nanomodbus.c:99:13:put_regs	8	static
../User/libs/nanoModbus/nanomodbus.c:108:13:swap_regs	0	static
../User/libs/nanoModbus/nanomodbus.c:115:13:msg_buf_reset	0	static
../User/libs/nanoModbus/nanomodbus.c:120:13:msg_state_reset	8	static
../User/libs/nanoModbus/nanomodbus.c:131:13:msg_state_req	16	static
../User/libs/nanoModbus/nanomodbus.c:209:19:recv	16	static
../User/libs/nanoModbus/nanomodbus.c:227:19:send	16	static
../User/libs/nanoModbus/nanomodbus.c:264:19:recv_msg_header	24	static
../User/libs/nanoModbus/nanomodbus.c:330:13:put_msg_header	16	static
../User/libs/nanoModbus/nanomodbus.c:362:19:recv_req_header	8	static
../User/libs/nanoModbus/nanomodbus.c:381:13:put_res_header	8	static
../User/libs/nanoModbus/nanomodbus.c:446:13:put_req_header	8	static
../User/libs/nanoModbus/nanomodbus.c:147:12:nmbs_create	16	static
../User/libs/nanoModbus/nanomodbus.c:171:6:nmbs_set_read_timeout	0	static
../User/libs/nanoModbus/nanomodbus.c:176:6:nmbs_set_byte_timeout	0	static
../User/libs/nanoModbus/nanomodbus.c:181:6:nmbs_set_destination_rtu_address	0	static
../User/libs/nanoModbus/nanomodbus.c:186:6:nmbs_set_platform_arg	0	static
../User/libs/nanoModbus/nanomodbus.c:191:10:nmbs_crc_calc	4	static
../User/libs/nanoModbus/nanomodbus.c:244:19:recv_msg_footer	16	static
../User/libs/nanoModbus/nanomodbus.c:399:19:recv_res_header	32	static
../User/libs/nanoModbus/nanomodbus.c:464:19:recv_read_discrete_res	24	static
../User/libs/nanoModbus/nanomodbus.c:496:19:recv_read_registers_res	24	static
../User/libs/nanoModbus/nanomodbus.c:347:19:send_msg	8	static
../User/libs/nanoModbus/nanomodbus.c:387:19:send_exception_msg	16	static
../User/libs/nanoModbus/nanomodbus.c:731:19:handle_read_discrete	288	static
../User/libs/nanoModbus/nanomodbus.c:861:19:handle_read_coils	8	static
../User/libs/nanoModbus/nanomodbus.c:868:19:handle_read_discrete_inputs	8	static
../User/libs/nanoModbus/nanomodbus.c:796:19:handle_read_registers	288	static
../User/libs/nanoModbus/nanomodbus.c:875:19:handle_read_holding_registers	8	static
../User/libs/nanoModbus/nanomodbus.c:882:19:handle_read_input_registers	8	static
../User/libs/nanoModbus/nanomodbus.c:1484:19:read_discrete	16	static
../User/libs/nanoModbus/nanomodbus.c:1516:19:read_registers	16	static
../User/libs/nanoModbus/nanomodbus.c:531:12:recv_write_single_coil_res	24	static
../User/libs/nanoModbus/nanomodbus.c:889:19:handle_write_single_coil	24	static
../User/libs/nanoModbus/nanomodbus.c:559:12:recv_write_single_register_res	24	static
../User/libs/nanoModbus/nanomodbus.c:943:19:handle_write_single_register	24	static
../User/libs/nanoModbus/nanomodbus.c:586:12:recv_write_multiple_coils_res	24	static
../User/libs/nanoModbus/nanomodbus.c:993:19:handle_write_multiple_coils	288	static
../User/libs/nanoModbus/nanomodbus.c:613:12:recv_write_multiple_registers_res	24	static
../User/libs/nanoModbus/nanomodbus.c:1066:19:handle_write_multiple_registers	280	static
../User/libs/nanoModbus/nanomodbus.c:640:12:recv_read_file_record_res	32	static
../User/libs/nanoModbus/nanomodbus.c:1139:19:handle_read_file_record	48	dynamic
../User/libs/nanoModbus/nanomodbus.c:678:12:recv_write_file_record_res	56	static
../User/libs/nanoModbus/nanomodbus.c:1247:19:handle_write_file_record	56	static
../User/libs/nanoModbus/nanomodbus.c:1351:19:handle_req_fc	8	static
../User/libs/nanoModbus/nanomodbus.c:1424:12:nmbs_server_create	24	static
../User/libs/nanoModbus/nanomodbus.c:1440:12:nmbs_server_poll	24	static
../User/libs/nanoModbus/nanomodbus.c:1479:12:nmbs_client_create	8	static
../User/libs/nanoModbus/nanomodbus.c:1507:12:nmbs_read_coils	16	static
../User/libs/nanoModbus/nanomodbus.c:1512:12:nmbs_read_discrete_inputs	16	static
../User/libs/nanoModbus/nanomodbus.c:1539:12:nmbs_read_holding_registers	16	static
../User/libs/nanoModbus/nanomodbus.c:1544:12:nmbs_read_input_registers	16	static
../User/libs/nanoModbus/nanomodbus.c:1549:12:nmbs_write_single_coil	16	static
../User/libs/nanoModbus/nanomodbus.c:1571:12:nmbs_write_single_register	16	static
../User/libs/nanoModbus/nanomodbus.c:1591:12:nmbs_write_multiple_coils	32	static
../User/libs/nanoModbus/nanomodbus.c:1625:12:nmbs_write_multiple_registers	24	static
../User/libs/nanoModbus/nanomodbus.c:1659:12:nmbs_read_file_record	24	static
../User/libs/nanoModbus/nanomodbus.c:1691:12:nmbs_write_file_record	40	static
../User/libs/nanoModbus/nanomodbus.c:1726:12:nmbs_send_raw_pdu	24	static
../User/libs/nanoModbus/nanomodbus.c:1740:12:nmbs_receive_raw_pdu_response	24	static
../User/libs/nanoModbus/nanomodbus.c:1763:13:nmbs_strerror	0	static
