../Core/Inc/ligh_data.h:32:27:getLightColorString	16	static
../Core/Src/main.c:19:6:log_put	16	static
../Core/Src/main.c:23:9:mb_slv_send_if	24	static
../Core/Src/main.c:26:9:mb_slv_rcv_if	24	static
../Core/Src/main.c:32:19:modbus_cb_write_single_register_cb	48	static
../Core/Src/main.c:46:19:modbus_cb_write_multiple_registers_cb	32	static
../Core/Src/main.c:56:19:modbus_cb_read_input_registers	40	static
../Core/Src/main.c:87:19:modbus_cb_read_holding_registers	32	static
../Core/Src/main.c:105:5:main	8	static
../Core/Src/main.c:128:6:SysTick_Handler	8	static
../Core/Src/main.c:139:6:USART2_IRQHandler	8	static
../Core/Src/main.c:146:9:get_tick_count	16	static
