../User/utils/sm_string_util.c:15:6:string_swap	0	static
../User/utils/sm_string_util.c:22:5:long_to_string	40	static
../User/utils/sm_string_util.c:39:5:slong_to_string	8	static
../User/utils/sm_string_util.c:50:6:byte_to_hex_ascii	0	static
../User/utils/sm_string_util.c:57:10:slen	8	static
../User/utils/sm_string_util.c:107:9:str_contain	0	static
../User/utils/sm_string_util.c:120:10:string_copy	8	static
../User/utils/sm_string_util.c:130:10:string_package	16	static
../User/utils/sm_string_util.c:137:9:shortest_substring	24	static
