../User/services/modbus/mb_master/sm_mb_master_impl.c:22:16:nmbs_read_impl	8	static
../User/services/modbus/mb_master/sm_mb_master_impl.c:30:16:nmbs_write_impl	8	static
../User/services/modbus/mb_master/sm_mb_master_impl.c:38:17:sm_mb_master_create	24	static
../User/services/modbus/mb_master/sm_mb_master_impl.c:65:19:sm_sv_mb_master_read_coils	16	static
../User/services/modbus/mb_master/sm_mb_master_impl.c:81:19:sm_sv_mb_master_read_hold_regs	16	static
../User/services/modbus/mb_master/sm_mb_master_impl.c:99:19:sm_sv_mb_master_read_input_regs	16	static
../User/services/modbus/mb_master/sm_mb_master_impl.c:117:19:sm_sv_mb_master_write_signle_coil	16	static
../User/services/modbus/mb_master/sm_mb_master_impl.c:133:19:sm_sv_mb_master_write_single_reg	24	static
../User/services/modbus/mb_master/sm_mb_master_impl.c:150:19:sm_sv_mb_master_write_multi_coils	16	static
../User/services/modbus/mb_master/sm_mb_master_impl.c:169:19:sm_sv_mb_master_write_multi_regs	32	static
../User/services/modbus/mb_master/sm_mb_master_impl.c:188:9:sm_mb_master_destroy	8	static
